#
# There is insufficient memory for the Java Runtime Environment to continue.
# Native memory allocation (mmap) failed to map 326107136 bytes for G1 virtual space
# Possible reasons:
#   The system is out of physical RAM or swap space
#   The process is running with CompressedOops enabled, and the Java Heap may be blocking the growth of the native heap
# Possible solutions:
#   Reduce memory load on the system
#   Increase physical memory or swap space
#   Check if swap backing store is full
#   Decrease Java heap size (-Xmx/-Xms)
#   Decrease number of Java threads
#   Decrease Java thread stack sizes (-Xss)
#   Set larger code cache with -XX:ReservedCodeCacheSize=
#   JVM is running with Unscaled Compressed Oops mode in which the Java heap is
#     placed in the first 4GB address space. The Java Heap base address is the
#     maximum limit for the native heap growth. Please use -XX:HeapBaseMinAddress
#     to set the Java Heap base and to place the Java Heap above 4GB virtual address.
# This output file may be truncated or incomplete.
#
#  Out of Memory Error (os_windows.cpp:3603), pid=11628, tid=9668
#
# JRE version: Java(TM) SE Runtime Environment (21.0.6+8) (build 21.0.6+8-LTS-188)
# Java VM: Java HotSpot(TM) 64-Bit Server VM (21.0.6+8-LTS-188, mixed mode, sharing, tiered, compressed oops, compressed class ptrs, g1 gc, windows-amd64)
# No core dump will be written. Minidumps are not enabled by default on client versions of Windows
#

---------------  S U M M A R Y ------------

Command Line: --add-opens=java.base/java.lang=ALL-UNNAMED --add-opens=java.base/java.lang.invoke=ALL-UNNAMED --add-opens=java.base/java.util=ALL-UNNAMED --add-opens=java.prefs/java.util.prefs=ALL-UNNAMED --add-exports=jdk.compiler/com.sun.tools.javac.api=ALL-UNNAMED --add-exports=jdk.compiler/com.sun.tools.javac.util=ALL-UNNAMED --add-opens=java.base/java.util=ALL-UNNAMED --add-opens=java.prefs/java.util.prefs=ALL-UNNAMED --add-opens=java.base/java.nio.charset=ALL-UNNAMED --add-opens=java.base/java.net=ALL-UNNAMED --add-opens=java.base/java.util.concurrent.atomic=ALL-UNNAMED --add-opens=java.xml/javax.xml.namespace=ALL-UNNAMED -Xmx2048m -Dfile.encoding=UTF-8 -Duser.country=MX -Duser.language=es -Duser.variant -javaagent:C:\Users\Juan\.gradle\wrapper\dists\gradle-8.13-bin\5xuhj0ry160q40clulazy9h7d\gradle-8.13\lib\agents\gradle-instrumentation-agent-8.13.jar org.gradle.launcher.daemon.bootstrap.GradleDaemon 8.13

Host: AMD Ryzen 5 8645HS w/ Radeon 760M Graphics, 12 cores, 7G,  Windows 11 , 64 bit Build 26100 (10.0.26100.8246)
Time: Wed May 20 23:21:21 2026 Hora estándar central (México) elapsed time: 51.557730 seconds (0d 0h 0m 51s)

---------------  T H R E A D  ---------------

Current thread (0x0000021bda591a70):  VMThread "VM Thread"          [id=9668, stack(0x0000001ea4a00000,0x0000001ea4b00000) (1024K)]

Stack: [0x0000001ea4a00000,0x0000001ea4b00000]
Native frames: (J=compiled Java code, j=interpreted, Vv=VM code, C=native code)
V  [jvm.dll+0x6ca6d9]
V  [jvm.dll+0x854f51]
V  [jvm.dll+0x85747e]
V  [jvm.dll+0x857b53]
V  [jvm.dll+0x27dcc6]
V  [jvm.dll+0x6c6e55]
V  [jvm.dll+0x6bb9da]
V  [jvm.dll+0x35393a]
V  [jvm.dll+0x35b596]
V  [jvm.dll+0x3adefe]
V  [jvm.dll+0x3ae1a8]
V  [jvm.dll+0x327cbc]
V  [jvm.dll+0x327d47]
V  [jvm.dll+0x36c60c]
V  [jvm.dll+0x36ae5e]
V  [jvm.dll+0x327481]
V  [jvm.dll+0x36a57a]
V  [jvm.dll+0x85d920]
V  [jvm.dll+0x85eca4]
V  [jvm.dll+0x85f1e0]
V  [jvm.dll+0x85f483]
V  [jvm.dll+0x7ff2fb]
V  [jvm.dll+0x6c8dbd]
C  [ucrtbase.dll+0x37b0]
C  [KERNEL32.DLL+0x2e8d7]
C  [ntdll.dll+0x8c3fc]

VM_Operation (0x0000001eacefbce0): G1CollectForAllocation, mode: safepoint, requested by thread 0x0000021c25031f20


---------------  P R O C E S S  ---------------

Threads class SMR info:
_java_thread_list=0x0000021c23eaa6a0, length=123, elements={
0x0000021bbb3a5340, 0x0000021bda5a9a50, 0x0000021bda5b05d0, 0x0000021bda5b7900,
0x0000021bda5b97f0, 0x0000021bda5dde80, 0x0000021bda5e64f0, 0x0000021bda5ec390,
0x0000021bda5eea40, 0x0000021bda7e9f10, 0x0000021bdaa0cf00, 0x0000021c215f6100,
0x0000021c218551a0, 0x0000021c215f35d0, 0x0000021c217de4c0, 0x0000021c21635a10,
0x0000021c216756b0, 0x0000021c216763d0, 0x0000021c21676a60, 0x0000021c21674300,
0x0000021c23538070, 0x0000021c23539ab0, 0x0000021c23538d90, 0x0000021c2353ae60,
0x0000021c2353dc50, 0x0000021c24dc4c50, 0x0000021c24dc1e60, 0x0000021c24dc52e0,
0x0000021c24dc3210, 0x0000021c25418dd0, 0x0000021c256071b0, 0x0000021c25605e00,
0x0000021c256043c0, 0x0000021c2444baa0, 0x0000021c2444c7c0, 0x0000021c2444ce50,
0x0000021c2444b410, 0x0000021c2444c130, 0x0000021c2444d4e0, 0x0000021c2444a060,
0x0000021c2444ad80, 0x0000021c2444a6f0, 0x0000021c2444f5b0, 0x0000021c2444ef20,
0x0000021c24450ff0, 0x0000021c244502d0, 0x0000021c2444e200, 0x0000021c2444e890,
0x0000021c2444fc40, 0x0000021c24451680, 0x0000021c25419460, 0x0000021c2541a180,
0x0000021c2541a810, 0x0000021c25418740, 0x0000021c2541d600, 0x0000021c2541f040,
0x0000021c2541dc90, 0x0000021c2541e320, 0x0000021c2541f6d0, 0x0000021c2541c250,
0x0000021c2541c8e0, 0x0000021c2541cf70, 0x0000021c24dbe9e0, 0x0000021c24dbf700,
0x0000021c250e95a0, 0x0000021c2353b4f0, 0x0000021c2353cf30, 0x0000021c216735e0,
0x0000021c21673c70, 0x0000021c21675020, 0x0000021c21675d40, 0x0000021c21674990,
0x0000021c256050e0, 0x0000021c25603d30, 0x0000021c25606490, 0x0000021c2541e9b0,
0x0000021c2b593420, 0x0000021c2b592700, 0x0000021c2b593ab0, 0x0000021c2b592070,
0x0000021c2b590cc0, 0x0000021c2b592d90, 0x0000021c2b590630, 0x0000021c2b591350,
0x0000021c2b5919e0, 0x0000021c24dc0420, 0x0000021c24dc1140, 0x0000021c24dc0ab0,
0x0000021c24dbe350, 0x0000021c24dbdcc0, 0x0000021c24dc24f0, 0x0000021c25605770,
0x0000021c23536cc0, 0x0000021c2353a7d0, 0x0000021c269feb00, 0x0000021c26a00540,
0x0000021c269fe470, 0x0000021c269fd750, 0x0000021c269fd0c0, 0x0000021c269ff820,
0x0000021c269ff190, 0x0000021c269ffeb0, 0x0000021c26a00bd0, 0x0000021c26a01260,
0x0000021c269fdde0, 0x0000021c26a018f0, 0x0000021c26a01f80, 0x0000021c26a039c0,
0x0000021c26a02610, 0x0000021c26a04050, 0x0000021c26a02ca0, 0x0000021c26a03330,
0x0000021c26a046e0, 0x0000021c25031200, 0x0000021c25030b70, 0x0000021c25034680,
0x0000021c25031890, 0x0000021c22c29230, 0x0000021c25033ff0, 0x0000021c25033960,
0x0000021c250353a0, 0x0000021c25031f20, 0x0000021c250325b0
}

Java Threads: ( => current thread )
  0x0000021bbb3a5340 JavaThread "main"                              [_thread_blocked, id=34496, stack(0x0000001ea4300000,0x0000001ea4400000) (1024K)]
  0x0000021bda5a9a50 JavaThread "Reference Handler"          daemon [_thread_blocked, id=25536, stack(0x0000001ea4b00000,0x0000001ea4c00000) (1024K)]
  0x0000021bda5b05d0 JavaThread "Finalizer"                  daemon [_thread_blocked, id=14580, stack(0x0000001ea4c00000,0x0000001ea4d00000) (1024K)]
  0x0000021bda5b7900 JavaThread "Signal Dispatcher"          daemon [_thread_blocked, id=16804, stack(0x0000001ea4d00000,0x0000001ea4e00000) (1024K)]
  0x0000021bda5b97f0 JavaThread "Attach Listener"            daemon [_thread_blocked, id=21572, stack(0x0000001ea4e00000,0x0000001ea4f00000) (1024K)]
  0x0000021bda5dde80 JavaThread "Service Thread"             daemon [_thread_blocked, id=30684, stack(0x0000001ea4f00000,0x0000001ea5000000) (1024K)]
  0x0000021bda5e64f0 JavaThread "Monitor Deflation Thread"   daemon [_thread_blocked, id=9768, stack(0x0000001ea5000000,0x0000001ea5100000) (1024K)]
  0x0000021bda5ec390 JavaThread "C2 CompilerThread0"         daemon [_thread_blocked, id=25704, stack(0x0000001ea5100000,0x0000001ea5200000) (1024K)]
  0x0000021bda5eea40 JavaThread "C1 CompilerThread0"         daemon [_thread_blocked, id=13820, stack(0x0000001ea5200000,0x0000001ea5300000) (1024K)]
  0x0000021bda7e9f10 JavaThread "Common-Cleaner"             daemon [_thread_blocked, id=34752, stack(0x0000001ea5300000,0x0000001ea5400000) (1024K)]
  0x0000021bdaa0cf00 JavaThread "Notification Thread"        daemon [_thread_blocked, id=9916, stack(0x0000001ea5400000,0x0000001ea5500000) (1024K)]
  0x0000021c215f6100 JavaThread "Daemon health stats"               [_thread_blocked, id=29936, stack(0x0000001ea5c00000,0x0000001ea5d00000) (1024K)]
  0x0000021c218551a0 JavaThread "Incoming local TCP Connector on port 64069"        [_thread_in_native, id=20860, stack(0x0000001ea5d00000,0x0000001ea5e00000) (1024K)]
  0x0000021c215f35d0 JavaThread "Daemon periodic checks"            [_thread_blocked, id=32764, stack(0x0000001ea5e00000,0x0000001ea5f00000) (1024K)]
  0x0000021c217de4c0 JavaThread "Daemon"                            [_thread_blocked, id=28980, stack(0x0000001ea5f00000,0x0000001ea6000000) (1024K)]
  0x0000021c21635a10 JavaThread "Daemon worker"                     [_thread_blocked, id=3092, stack(0x0000001ea6200000,0x0000001ea6300000) (1024K)]
  0x0000021c216756b0 JavaThread "Cache worker for journal cache (C:\Users\Juan\.gradle\caches\journal-1)"        [_thread_blocked, id=12276, stack(0x0000001ea6600000,0x0000001ea6700000) (1024K)]
  0x0000021c216763d0 JavaThread "File lock request listener"        [_thread_in_native, id=33328, stack(0x0000001ea6700000,0x0000001ea6800000) (1024K)]
  0x0000021c21676a60 JavaThread "Cache worker for file hash cache (C:\Users\Juan\.gradle\caches\8.13\fileHashes)"        [_thread_blocked, id=34008, stack(0x0000001ea6800000,0x0000001ea6900000) (1024K)]
  0x0000021c21674300 JavaThread "File watcher server"        daemon [_thread_blocked, id=32632, stack(0x0000001ea7000000,0x0000001ea7100000) (1024K)]
  0x0000021c23538070 JavaThread "File watcher consumer"      daemon [_thread_blocked, id=12184, stack(0x0000001ea7100000,0x0000001ea7200000) (1024K)]
  0x0000021c23539ab0 JavaThread "jar transforms"                    [_thread_blocked, id=16852, stack(0x0000001ea7200000,0x0000001ea7300000) (1024K)]
  0x0000021c23538d90 JavaThread "Cache worker for file content cache (C:\Users\Juan\.gradle\caches\8.13\fileContent)"        [_thread_blocked, id=29508, stack(0x0000001ea7400000,0x0000001ea7500000) (1024K)]
  0x0000021c2353ae60 JavaThread "jar transforms Thread 2"           [_thread_blocked, id=23248, stack(0x0000001ea7700000,0x0000001ea7800000) (1024K)]
  0x0000021c2353dc50 JavaThread "jar transforms Thread 3"           [_thread_blocked, id=8400, stack(0x0000001ea7800000,0x0000001ea7900000) (1024K)]
  0x0000021c24dc4c50 JavaThread "jar transforms Thread 4"           [_thread_blocked, id=28416, stack(0x0000001ea9a00000,0x0000001ea9b00000) (1024K)]
  0x0000021c24dc1e60 JavaThread "jar transforms Thread 5"           [_thread_blocked, id=31704, stack(0x0000001ea9b00000,0x0000001ea9c00000) (1024K)]
  0x0000021c24dc52e0 JavaThread "Memory manager"                    [_thread_blocked, id=30868, stack(0x0000001ea5b00000,0x0000001ea5c00000) (1024K)]
  0x0000021c24dc3210 JavaThread "jar transforms Thread 6"           [_thread_blocked, id=34356, stack(0x0000001ea9c00000,0x0000001ea9d00000) (1024K)]
  0x0000021c25418dd0 JavaThread "included builds"                   [_thread_blocked, id=24164, stack(0x0000001ea9f00000,0x0000001eaa000000) (1024K)]
  0x0000021c256071b0 JavaThread "VFS cleanup"                       [_thread_blocked, id=2816, stack(0x0000001ea6300000,0x0000001ea6400000) (1024K)]
  0x0000021c25605e00 JavaThread "Handler for socket connection from /127.0.0.1:64069 to /127.0.0.1:60581"        [_thread_in_native, id=28932, stack(0x0000001ea6000000,0x0000001ea6100000) (1024K)]
  0x0000021c256043c0 JavaThread "Cancel handler"                    [_thread_blocked, id=27568, stack(0x0000001ea6100000,0x0000001ea6200000) (1024K)]
  0x0000021c2444baa0 JavaThread "Asynchronous log dispatcher for DefaultDaemonConnection: socket connection from /127.0.0.1:64069 to /127.0.0.1:60581"        [_thread_blocked, id=29468, stack(0x0000001ea6400000,0x0000001ea6500000) (1024K)]
  0x0000021c2444c7c0 JavaThread "Stdin handler"                     [_thread_blocked, id=21324, stack(0x0000001ea6500000,0x0000001ea6600000) (1024K)]
  0x0000021c2444ce50 JavaThread "Daemon client event forwarder"        [_thread_blocked, id=33240, stack(0x0000001ea6e00000,0x0000001ea6f00000) (1024K)]
  0x0000021c2444b410 JavaThread "Cache worker for file hash cache (C:\QRAsistencia\.gradle\8.13\fileHashes)"        [_thread_blocked, id=34220, stack(0x0000001ea7300000,0x0000001ea7400000) (1024K)]
  0x0000021c2444c130 JavaThread "Cache worker for Build Output Cleanup Cache (C:\QRAsistencia\.gradle\buildOutputCleanup)"        [_thread_blocked, id=24388, stack(0x0000001ea7500000,0x0000001ea7600000) (1024K)]
  0x0000021c2444d4e0 JavaThread "Cache worker for checksums cache (C:\QRAsistencia\.gradle\8.13\checksums)"        [_thread_blocked, id=30776, stack(0x0000001ea7600000,0x0000001ea7700000) (1024K)]
  0x0000021c2444a060 JavaThread "Cache worker for cache directory md-supplier (C:\Users\Juan\.gradle\caches\8.13\md-supplier)"        [_thread_blocked, id=17852, stack(0x0000001ea7900000,0x0000001ea7a00000) (1024K)]
  0x0000021c2444ad80 JavaThread "Cache worker for cache directory md-rule (C:\Users\Juan\.gradle\caches\8.13\md-rule)"        [_thread_blocked, id=26556, stack(0x0000001ea7a00000,0x0000001ea7b00000) (1024K)]
  0x0000021c2444a6f0 JavaThread "Unconstrained build operations"        [_thread_blocked, id=31736, stack(0x0000001ea7b00000,0x0000001ea7c00000) (1024K)]
  0x0000021c2444f5b0 JavaThread "Unconstrained build operations Thread 2"        [_thread_blocked, id=30424, stack(0x0000001ea7c00000,0x0000001ea7d00000) (1024K)]
  0x0000021c2444ef20 JavaThread "Unconstrained build operations Thread 3"        [_thread_blocked, id=11988, stack(0x0000001ea7d00000,0x0000001ea7e00000) (1024K)]
  0x0000021c24450ff0 JavaThread "Unconstrained build operations Thread 4"        [_thread_blocked, id=17272, stack(0x0000001ea7e00000,0x0000001ea7f00000) (1024K)]
  0x0000021c244502d0 JavaThread "Unconstrained build operations Thread 5"        [_thread_blocked, id=10552, stack(0x0000001ea7f00000,0x0000001ea8000000) (1024K)]
  0x0000021c2444e200 JavaThread "Unconstrained build operations Thread 6"        [_thread_blocked, id=14288, stack(0x0000001ea8000000,0x0000001ea8100000) (1024K)]
  0x0000021c2444e890 JavaThread "Unconstrained build operations Thread 7"        [_thread_blocked, id=18824, stack(0x0000001ea8100000,0x0000001ea8200000) (1024K)]
  0x0000021c2444fc40 JavaThread "Unconstrained build operations Thread 8"        [_thread_blocked, id=21072, stack(0x0000001ea8200000,0x0000001ea8300000) (1024K)]
  0x0000021c24451680 JavaThread "Unconstrained build operations Thread 9"        [_thread_blocked, id=33724, stack(0x0000001ea8300000,0x0000001ea8400000) (1024K)]
  0x0000021c25419460 JavaThread "Unconstrained build operations Thread 10"        [_thread_blocked, id=772, stack(0x0000001ea8400000,0x0000001ea8500000) (1024K)]
  0x0000021c2541a180 JavaThread "Unconstrained build operations Thread 11"        [_thread_blocked, id=3252, stack(0x0000001ea8500000,0x0000001ea8600000) (1024K)]
  0x0000021c2541a810 JavaThread "Unconstrained build operations Thread 12"        [_thread_blocked, id=31156, stack(0x0000001ea8600000,0x0000001ea8700000) (1024K)]
  0x0000021c25418740 JavaThread "Unconstrained build operations Thread 13"        [_thread_blocked, id=15932, stack(0x0000001ea8700000,0x0000001ea8800000) (1024K)]
  0x0000021c2541d600 JavaThread "Unconstrained build operations Thread 14"        [_thread_blocked, id=7344, stack(0x0000001ea8800000,0x0000001ea8900000) (1024K)]
  0x0000021c2541f040 JavaThread "Unconstrained build operations Thread 15"        [_thread_blocked, id=26192, stack(0x0000001ea8900000,0x0000001ea8a00000) (1024K)]
  0x0000021c2541dc90 JavaThread "Unconstrained build operations Thread 16"        [_thread_blocked, id=27844, stack(0x0000001ea8a00000,0x0000001ea8b00000) (1024K)]
  0x0000021c2541e320 JavaThread "Unconstrained build operations Thread 17"        [_thread_blocked, id=21092, stack(0x0000001ea8b00000,0x0000001ea8c00000) (1024K)]
  0x0000021c2541f6d0 JavaThread "Unconstrained build operations Thread 18"        [_thread_blocked, id=14760, stack(0x0000001ea8c00000,0x0000001ea8d00000) (1024K)]
  0x0000021c2541c250 JavaThread "Unconstrained build operations Thread 19"        [_thread_blocked, id=14088, stack(0x0000001ea8d00000,0x0000001ea8e00000) (1024K)]
  0x0000021c2541c8e0 JavaThread "Unconstrained build operations Thread 20"        [_thread_blocked, id=9504, stack(0x0000001ea8e00000,0x0000001ea8f00000) (1024K)]
  0x0000021c2541cf70 JavaThread "Unconstrained build operations Thread 21"        [_thread_blocked, id=1216, stack(0x0000001ea8f00000,0x0000001ea9000000) (1024K)]
  0x0000021c24dbe9e0 JavaThread "Unconstrained build operations Thread 22"        [_thread_blocked, id=28596, stack(0x0000001ea9000000,0x0000001ea9100000) (1024K)]
  0x0000021c24dbf700 JavaThread "Problems report writer"            [_thread_blocked, id=23236, stack(0x0000001ea9100000,0x0000001ea9200000) (1024K)]
  0x0000021c250e95a0 JavaThread "C2 CompilerThread1"         daemon [_thread_blocked, id=7472, stack(0x0000001ea6f00000,0x0000001ea7000000) (1024K)]
  0x0000021c2353b4f0 JavaThread "included builds"                   [_thread_blocked, id=28916, stack(0x0000001ea9200000,0x0000001ea9300000) (1024K)]
  0x0000021c2353cf30 JavaThread "Execution worker"                  [_thread_blocked, id=21104, stack(0x0000001ea9300000,0x0000001ea9400000) (1024K)]
  0x0000021c216735e0 JavaThread "Execution worker Thread 2"         [_thread_blocked, id=33520, stack(0x0000001ea9400000,0x0000001ea9500000) (1024K)]
  0x0000021c21673c70 JavaThread "Execution worker Thread 3"         [_thread_blocked, id=6372, stack(0x0000001ea9500000,0x0000001ea9600000) (1024K)]
  0x0000021c21675020 JavaThread "Execution worker Thread 4"         [_thread_blocked, id=12592, stack(0x0000001ea9600000,0x0000001ea9700000) (1024K)]
  0x0000021c21675d40 JavaThread "Execution worker Thread 5"         [_thread_blocked, id=14840, stack(0x0000001ea9700000,0x0000001ea9800000) (1024K)]
  0x0000021c21674990 JavaThread "Execution worker Thread 6"         [_thread_blocked, id=412, stack(0x0000001ea9800000,0x0000001ea9900000) (1024K)]
  0x0000021c256050e0 JavaThread "Execution worker Thread 7"         [_thread_blocked, id=8164, stack(0x0000001ea9900000,0x0000001ea9a00000) (1024K)]
  0x0000021c25603d30 JavaThread "Execution worker Thread 8"         [_thread_blocked, id=8892, stack(0x0000001ea9d00000,0x0000001ea9e00000) (1024K)]
  0x0000021c25606490 JavaThread "Execution worker Thread 9"         [_thread_blocked, id=34748, stack(0x0000001ea9e00000,0x0000001ea9f00000) (1024K)]
  0x0000021c2541e9b0 JavaThread "Execution worker Thread 10"        [_thread_blocked, id=5680, stack(0x0000001eaa000000,0x0000001eaa100000) (1024K)]
  0x0000021c2b593420 JavaThread "Execution worker Thread 11"        [_thread_blocked, id=34504, stack(0x0000001eaa100000,0x0000001eaa200000) (1024K)]
  0x0000021c2b592700 JavaThread "Cache worker for execution history cache (C:\QRAsistencia\.gradle\8.13\executionHistory)"        [_thread_blocked, id=22564, stack(0x0000001eaa200000,0x0000001eaa300000) (1024K)]
  0x0000021c2b593ab0 JavaThread "Unconstrained build operations Thread 23"        [_thread_blocked, id=28564, stack(0x0000001eaa300000,0x0000001eaa400000) (1024K)]
  0x0000021c2b592070 JavaThread "Unconstrained build operations Thread 24"        [_thread_blocked, id=2284, stack(0x0000001eaa400000,0x0000001eaa500000) (1024K)]
  0x0000021c2b590cc0 JavaThread "WorkerExecutor Queue"              [_thread_blocked, id=2552, stack(0x0000001eaa500000,0x0000001eaa600000) (1024K)]
  0x0000021c2b592d90 JavaThread "Unconstrained build operations Thread 25"        [_thread_blocked, id=28196, stack(0x0000001eaa600000,0x0000001eaa700000) (1024K)]
  0x0000021c2b590630 JavaThread "Unconstrained build operations Thread 26"        [_thread_blocked, id=26776, stack(0x0000001eaa700000,0x0000001eaa800000) (1024K)]
  0x0000021c2b591350 JavaThread "Unconstrained build operations Thread 27"        [_thread_blocked, id=33524, stack(0x0000001eaa800000,0x0000001eaa900000) (1024K)]
  0x0000021c2b5919e0 JavaThread "Unconstrained build operations Thread 28"        [_thread_blocked, id=29524, stack(0x0000001eaa900000,0x0000001eaaa00000) (1024K)]
  0x0000021c24dc0420 JavaThread "Unconstrained build operations Thread 29"        [_thread_blocked, id=33716, stack(0x0000001eaaa00000,0x0000001eaab00000) (1024K)]
  0x0000021c24dc1140 JavaThread "Unconstrained build operations Thread 30"        [_thread_blocked, id=27028, stack(0x0000001eaab00000,0x0000001eaac00000) (1024K)]
  0x0000021c24dc0ab0 JavaThread "Unconstrained build operations Thread 31"        [_thread_blocked, id=21456, stack(0x0000001eaac00000,0x0000001eaad00000) (1024K)]
  0x0000021c24dbe350 JavaThread "Unconstrained build operations Thread 32"        [_thread_blocked, id=33088, stack(0x0000001eaad00000,0x0000001eaae00000) (1024K)]
  0x0000021c24dbdcc0 JavaThread "Unconstrained build operations Thread 33"        [_thread_blocked, id=16032, stack(0x0000001eaae00000,0x0000001eaaf00000) (1024K)]
  0x0000021c24dc24f0 JavaThread "Unconstrained build operations Thread 34"        [_thread_blocked, id=4800, stack(0x0000001eaaf00000,0x0000001eab000000) (1024K)]
  0x0000021c25605770 JavaThread "Unconstrained build operations Thread 35"        [_thread_blocked, id=468, stack(0x0000001eab000000,0x0000001eab100000) (1024K)]
  0x0000021c23536cc0 JavaThread "WorkerExecutor Queue Thread 2"        [_thread_blocked, id=25516, stack(0x0000001eab100000,0x0000001eab200000) (1024K)]
  0x0000021c2353a7d0 JavaThread "Unconstrained build operations Thread 36"        [_thread_blocked, id=12856, stack(0x0000001eab200000,0x0000001eab300000) (1024K)]
  0x0000021c269feb00 JavaThread "Unconstrained build operations Thread 37"        [_thread_blocked, id=26320, stack(0x0000001eab300000,0x0000001eab400000) (1024K)]
  0x0000021c26a00540 JavaThread "Unconstrained build operations Thread 38"        [_thread_blocked, id=27224, stack(0x0000001eab400000,0x0000001eab500000) (1024K)]
  0x0000021c269fe470 JavaThread "Unconstrained build operations Thread 39"        [_thread_blocked, id=15900, stack(0x0000001eab500000,0x0000001eab600000) (1024K)]
  0x0000021c269fd750 JavaThread "Unconstrained build operations Thread 40"        [_thread_blocked, id=34452, stack(0x0000001eab600000,0x0000001eab700000) (1024K)]
  0x0000021c269fd0c0 JavaThread "Unconstrained build operations Thread 41"        [_thread_blocked, id=16656, stack(0x0000001eab700000,0x0000001eab800000) (1024K)]
  0x0000021c269ff820 JavaThread "Unconstrained build operations Thread 42"        [_thread_blocked, id=5512, stack(0x0000001eab800000,0x0000001eab900000) (1024K)]
  0x0000021c269ff190 JavaThread "Unconstrained build operations Thread 43"        [_thread_blocked, id=23864, stack(0x0000001eab900000,0x0000001eaba00000) (1024K)]
  0x0000021c269ffeb0 JavaThread "Unconstrained build operations Thread 44"        [_thread_blocked, id=15420, stack(0x0000001eaba00000,0x0000001eabb00000) (1024K)]
  0x0000021c26a00bd0 JavaThread "Unconstrained build operations Thread 45"        [_thread_blocked, id=10712, stack(0x0000001eabb00000,0x0000001eabc00000) (1024K)]
  0x0000021c26a01260 JavaThread "Unconstrained build operations Thread 46"        [_thread_blocked, id=29028, stack(0x0000001eabc00000,0x0000001eabd00000) (1024K)]
  0x0000021c269fdde0 JavaThread "Unconstrained build operations Thread 47"        [_thread_blocked, id=14236, stack(0x0000001eabd00000,0x0000001eabe00000) (1024K)]
  0x0000021c26a018f0 JavaThread "WorkerExecutor Queue Thread 3"        [_thread_blocked, id=34324, stack(0x0000001eabe00000,0x0000001eabf00000) (1024K)]
  0x0000021c26a01f80 JavaThread "Unconstrained build operations Thread 48"        [_thread_blocked, id=30760, stack(0x0000001eabf00000,0x0000001eac000000) (1024K)]
  0x0000021c26a039c0 JavaThread "Unconstrained build operations Thread 49"        [_thread_blocked, id=31408, stack(0x0000001eac000000,0x0000001eac100000) (1024K)]
  0x0000021c26a02610 JavaThread "Unconstrained build operations Thread 50"        [_thread_blocked, id=13756, stack(0x0000001eac100000,0x0000001eac200000) (1024K)]
  0x0000021c26a04050 JavaThread "Unconstrained build operations Thread 51"        [_thread_blocked, id=30652, stack(0x0000001eac200000,0x0000001eac300000) (1024K)]
  0x0000021c26a02ca0 JavaThread "Unconstrained build operations Thread 52"        [_thread_blocked, id=32264, stack(0x0000001eac300000,0x0000001eac400000) (1024K)]
  0x0000021c26a03330 JavaThread "Unconstrained build operations Thread 53"        [_thread_blocked, id=24172, stack(0x0000001eac400000,0x0000001eac500000) (1024K)]
  0x0000021c26a046e0 JavaThread "Unconstrained build operations Thread 54"        [_thread_blocked, id=7420, stack(0x0000001eac500000,0x0000001eac600000) (1024K)]
  0x0000021c25031200 JavaThread "Unconstrained build operations Thread 55"        [_thread_blocked, id=6876, stack(0x0000001eac600000,0x0000001eac700000) (1024K)]
  0x0000021c25030b70 JavaThread "Unconstrained build operations Thread 56"        [_thread_blocked, id=30788, stack(0x0000001eac700000,0x0000001eac800000) (1024K)]
  0x0000021c25034680 JavaThread "Unconstrained build operations Thread 57"        [_thread_blocked, id=15552, stack(0x0000001eac800000,0x0000001eac900000) (1024K)]
  0x0000021c25031890 JavaThread "Unconstrained build operations Thread 58"        [_thread_blocked, id=31088, stack(0x0000001eac900000,0x0000001eaca00000) (1024K)]
  0x0000021c22c29230 JavaThread "C2 CompilerThread2"         daemon [_thread_blocked, id=5260, stack(0x0000001eaca00000,0x0000001eacb00000) (1024K)]
  0x0000021c25033ff0 JavaThread "WorkerExecutor Queue Thread 4"        [_thread_blocked, id=27296, stack(0x0000001eacb00000,0x0000001eacc00000) (1024K)]
  0x0000021c25033960 JavaThread "WorkerExecutor Queue Thread 5"        [_thread_blocked, id=21384, stack(0x0000001eacc00000,0x0000001eacd00000) (1024K)]
  0x0000021c250353a0 JavaThread "WorkerExecutor Queue Thread 6"        [_thread_blocked, id=11744, stack(0x0000001eacd00000,0x0000001eace00000) (1024K)]
  0x0000021c25031f20 JavaThread "WorkerExecutor Queue Thread 7"        [_thread_blocked, id=16528, stack(0x0000001eace00000,0x0000001eacf00000) (1024K)]
  0x0000021c250325b0 JavaThread "WorkerExecutor Queue Thread 8"        [_thread_blocked, id=840, stack(0x0000001eacf00000,0x0000001ead000000) (1024K)]
Total: 123

Other Threads:
=>0x0000021bda591a70 VMThread "VM Thread"                           [id=9668, stack(0x0000001ea4a00000,0x0000001ea4b00000) (1024K)]
  0x0000021bda582230 WatcherThread "VM Periodic Task Thread"        [id=22200, stack(0x0000001ea4900000,0x0000001ea4a00000) (1024K)]
  0x0000021bbb46d040 WorkerThread "GC Thread#0"                     [id=31720, stack(0x0000001ea4400000,0x0000001ea4500000) (1024K)]
  0x0000021bdaa50a90 WorkerThread "GC Thread#1"                     [id=32488, stack(0x0000001ea5600000,0x0000001ea5700000) (1024K)]
  0x0000021c20356e80 WorkerThread "GC Thread#2"                     [id=6936, stack(0x0000001ea5700000,0x0000001ea5800000) (1024K)]
  0x0000021c2025b970 WorkerThread "GC Thread#3"                     [id=9492, stack(0x0000001ea5800000,0x0000001ea5900000) (1024K)]
  0x0000021bdaabba40 WorkerThread "GC Thread#4"                     [id=28828, stack(0x0000001ea5900000,0x0000001ea5a00000) (1024K)]
  0x0000021c20938c90 WorkerThread "GC Thread#5"                     [id=22800, stack(0x0000001ea5500000,0x0000001ea5600000) (1024K)]
  0x0000021c213d71d0 WorkerThread "GC Thread#6"                     [id=29300, stack(0x0000001ea5a00000,0x0000001ea5b00000) (1024K)]
  0x0000021c220cfa60 WorkerThread "GC Thread#7"                     [id=8664, stack(0x0000001ea6900000,0x0000001ea6a00000) (1024K)]
  0x0000021c220cebe0 WorkerThread "GC Thread#8"                     [id=17188, stack(0x0000001ea6a00000,0x0000001ea6b00000) (1024K)]
  0x0000021c220cf6c0 WorkerThread "GC Thread#9"                     [id=27564, stack(0x0000001ea6b00000,0x0000001ea6c00000) (1024K)]
  0x0000021bbba736c0 ConcurrentGCThread "G1 Main Marker"            [id=31392, stack(0x0000001ea4500000,0x0000001ea4600000) (1024K)]
  0x0000021bbba74f50 WorkerThread "G1 Conc#0"                       [id=6636, stack(0x0000001ea4600000,0x0000001ea4700000) (1024K)]
  0x0000021c220cf320 WorkerThread "G1 Conc#1"                       [id=30268, stack(0x0000001ea6c00000,0x0000001ea6d00000) (1024K)]
  0x0000021c220d01a0 WorkerThread "G1 Conc#2"                       [id=25696, stack(0x0000001ea6d00000,0x0000001ea6e00000) (1024K)]
  0x0000021bbbace740 ConcurrentGCThread "G1 Refine#0"               [id=23124, stack(0x0000001ea4700000,0x0000001ea4800000) (1024K)]
  0x0000021bda4566b0 ConcurrentGCThread "G1 Service"                [id=26576, stack(0x0000001ea4800000,0x0000001ea4900000) (1024K)]
Total: 18

Threads with active compile tasks:
C2 CompilerThread0    51589 14376       4       com.android.utils.XmlUtils::append (597 bytes)
C1 CompilerThread0    51589 14521       2       java.io.ObjectStreamClass::computeFieldOffsets (308 bytes)
C2 CompilerThread1    51589 14370       4       com.android.ide.common.resources.NodeUtils::duplicateNode (315 bytes)
C2 CompilerThread2    51589 14430   !   4       java.io.ObjectOutputStream::writeObject0 (620 bytes)
Total: 4

VM state: at safepoint (normal execution)

VM Mutex/Monitor currently owned by a thread:  ([mutex/lock_event])
[0x00007ffcdb8cde98] Threads_lock - owner thread: 0x0000021bda591a70
[0x00007ffcdb8cdf98] Heap_lock - owner thread: 0x0000021c25031f20

Heap address: 0x0000000080000000, size: 2048 MB, Compressed Oops mode: 32-bit

CDS archive(s) mapped at: [0x0000021bdb000000-0x0000021bdbc90000-0x0000021bdbc90000), size 13172736, SharedBaseAddress: 0x0000021bdb000000, ArchiveRelocationMode: 1.
Compressed class space mapped at: 0x0000021bdc000000-0x0000021c1c000000, reserved size: 1073741824
Narrow klass base: 0x0000021bdb000000, Narrow klass shift: 0, Narrow klass range: 0x100000000

GC Precious Log:
 CardTable entry size: 512
 Card Set container configuration: InlinePtr #cards 5 size 8 Array Of Cards #cards 12 size 40 Howl #buckets 4 coarsen threshold 1843 Howl Bitmap #cards 512 size 80 coarsen threshold 460 Card regions per heap region 1 cards per card region 2048
 CPUs: 12 total, 12 available
 Memory: 7439M
 Large Page Support: Disabled
 NUMA Support: Disabled
 Compressed Oops: Enabled (32-bit)
 Heap Region Size: 1M
 Heap Min Capacity: 8M
 Heap Initial Capacity: 118M
 Heap Max Capacity: 2G
 Pre-touch: Disabled
 Parallel Workers: 10
 Concurrent Workers: 3
 Concurrent Refinement Workers: 10
 Periodic GC: Disabled

Heap:
 garbage-first heap   total 211968K, used 135757K [0x0000000080000000, 0x0000000100000000)
  region size 1024K, 2 young (2048K), 2 survivors (2048K)
 Metaspace       used 96857K, committed 99136K, reserved 1179648K
  class space    used 13178K, committed 14336K, reserved 1048576K

Heap Regions: E=young(eden), S=young(survivor), O=old, HS=humongous(starts), HC=humongous(continues), CS=collection set, F=free, TAMS=top-at-mark-start, PB=parsable bottom
|   0|0x0000000080000000, 0x0000000080100000, 0x0000000080100000|100%|HS|  |TAMS 0x0000000080100000| PB 0x0000000080000000| Complete 
|   1|0x0000000080100000, 0x0000000080200000, 0x0000000080200000|100%|HC|  |TAMS 0x0000000080200000| PB 0x0000000080100000| Complete 
|   2|0x0000000080200000, 0x0000000080300000, 0x0000000080300000|100%|HC|  |TAMS 0x0000000080300000| PB 0x0000000080200000| Complete 
|   3|0x0000000080300000, 0x0000000080400000, 0x0000000080400000|100%| O|  |TAMS 0x0000000080400000| PB 0x0000000080300000| Untracked 
|   4|0x0000000080400000, 0x0000000080500000, 0x0000000080500000|100%| O|  |TAMS 0x0000000080500000| PB 0x0000000080400000| Untracked 
|   5|0x0000000080500000, 0x0000000080600000, 0x0000000080600000|100%| O|  |TAMS 0x0000000080600000| PB 0x0000000080500000| Untracked 
|   6|0x0000000080600000, 0x0000000080700000, 0x0000000080700000|100%|HS|  |TAMS 0x0000000080700000| PB 0x0000000080600000| Complete 
|   7|0x0000000080700000, 0x0000000080800000, 0x0000000080800000|100%| O|  |TAMS 0x0000000080800000| PB 0x0000000080700000| Untracked 
|   8|0x0000000080800000, 0x0000000080900000, 0x0000000080900000|100%| O|  |TAMS 0x0000000080900000| PB 0x0000000080800000| Untracked 
|   9|0x0000000080900000, 0x0000000080a00000, 0x0000000080a00000|100%| O|  |TAMS 0x0000000080a00000| PB 0x0000000080900000| Untracked 
|  10|0x0000000080a00000, 0x0000000080b00000, 0x0000000080b00000|100%| O|  |TAMS 0x0000000080b00000| PB 0x0000000080a00000| Untracked 
|  11|0x0000000080b00000, 0x0000000080c00000, 0x0000000080c00000|100%| O|  |TAMS 0x0000000080c00000| PB 0x0000000080b00000| Untracked 
|  12|0x0000000080c00000, 0x0000000080d00000, 0x0000000080d00000|100%| O|  |TAMS 0x0000000080d00000| PB 0x0000000080c00000| Untracked 
|  13|0x0000000080d00000, 0x0000000080e00000, 0x0000000080e00000|100%| O|  |TAMS 0x0000000080e00000| PB 0x0000000080d00000| Untracked 
|  14|0x0000000080e00000, 0x0000000080f00000, 0x0000000080f00000|100%| O|  |TAMS 0x0000000080f00000| PB 0x0000000080e00000| Untracked 
|  15|0x0000000080f00000, 0x0000000081000000, 0x0000000081000000|100%| O|  |TAMS 0x0000000081000000| PB 0x0000000080f00000| Untracked 
|  16|0x0000000081000000, 0x0000000081100000, 0x0000000081100000|100%| O|  |TAMS 0x0000000081100000| PB 0x0000000081000000| Untracked 
|  17|0x0000000081100000, 0x0000000081200000, 0x0000000081200000|100%| O|  |TAMS 0x0000000081200000| PB 0x0000000081100000| Untracked 
|  18|0x0000000081200000, 0x0000000081300000, 0x0000000081300000|100%| O|  |TAMS 0x0000000081300000| PB 0x0000000081200000| Untracked 
|  19|0x0000000081300000, 0x0000000081400000, 0x0000000081400000|100%| O|  |TAMS 0x0000000081400000| PB 0x0000000081300000| Untracked 
|  20|0x0000000081400000, 0x0000000081500000, 0x0000000081500000|100%| O|  |TAMS 0x0000000081500000| PB 0x0000000081400000| Untracked 
|  21|0x0000000081500000, 0x0000000081600000, 0x0000000081600000|100%| O|  |TAMS 0x0000000081600000| PB 0x0000000081500000| Untracked 
|  22|0x0000000081600000, 0x0000000081700000, 0x0000000081700000|100%| O|  |TAMS 0x0000000081700000| PB 0x0000000081600000| Untracked 
|  23|0x0000000081700000, 0x0000000081800000, 0x0000000081800000|100%| O|  |TAMS 0x0000000081800000| PB 0x0000000081700000| Untracked 
|  24|0x0000000081800000, 0x0000000081900000, 0x0000000081900000|100%| O|  |TAMS 0x0000000081900000| PB 0x0000000081800000| Untracked 
|  25|0x0000000081900000, 0x0000000081a00000, 0x0000000081a00000|100%| O|  |TAMS 0x0000000081a00000| PB 0x0000000081900000| Untracked 
|  26|0x0000000081a00000, 0x0000000081b00000, 0x0000000081b00000|100%| O|  |TAMS 0x0000000081b00000| PB 0x0000000081a00000| Untracked 
|  27|0x0000000081b00000, 0x0000000081c00000, 0x0000000081c00000|100%| O|  |TAMS 0x0000000081c00000| PB 0x0000000081b00000| Untracked 
|  28|0x0000000081c00000, 0x0000000081d00000, 0x0000000081d00000|100%| O|  |TAMS 0x0000000081d00000| PB 0x0000000081c00000| Untracked 
|  29|0x0000000081d00000, 0x0000000081e00000, 0x0000000081e00000|100%| O|  |TAMS 0x0000000081e00000| PB 0x0000000081d00000| Untracked 
|  30|0x0000000081e00000, 0x0000000081f00000, 0x0000000081f00000|100%| O|  |TAMS 0x0000000081f00000| PB 0x0000000081e00000| Untracked 
|  31|0x0000000081f00000, 0x0000000082000000, 0x0000000082000000|100%| O|  |TAMS 0x0000000082000000| PB 0x0000000081f00000| Untracked 
|  32|0x0000000082000000, 0x0000000082100000, 0x0000000082100000|100%| O|  |TAMS 0x0000000082100000| PB 0x0000000082000000| Untracked 
|  33|0x0000000082100000, 0x0000000082200000, 0x0000000082200000|100%| O|  |TAMS 0x0000000082200000| PB 0x0000000082100000| Untracked 
|  34|0x0000000082200000, 0x0000000082300000, 0x0000000082300000|100%| O|  |TAMS 0x0000000082300000| PB 0x0000000082200000| Untracked 
|  35|0x0000000082300000, 0x0000000082400000, 0x0000000082400000|100%| O|  |TAMS 0x0000000082400000| PB 0x0000000082300000| Untracked 
|  36|0x0000000082400000, 0x0000000082500000, 0x0000000082500000|100%| O|  |TAMS 0x0000000082500000| PB 0x0000000082400000| Untracked 
|  37|0x0000000082500000, 0x0000000082600000, 0x0000000082600000|100%| O|  |TAMS 0x0000000082600000| PB 0x0000000082500000| Untracked 
|  38|0x0000000082600000, 0x0000000082700000, 0x0000000082700000|100%| O|  |TAMS 0x0000000082700000| PB 0x0000000082600000| Untracked 
|  39|0x0000000082700000, 0x0000000082800000, 0x0000000082800000|100%|HS|  |TAMS 0x0000000082800000| PB 0x0000000082700000| Complete 
|  40|0x0000000082800000, 0x0000000082900000, 0x0000000082900000|100%|HS|  |TAMS 0x0000000082900000| PB 0x0000000082800000| Complete 
|  41|0x0000000082900000, 0x0000000082a00000, 0x0000000082a00000|100%|HS|  |TAMS 0x0000000082a00000| PB 0x0000000082900000| Complete 
|  42|0x0000000082a00000, 0x0000000082b00000, 0x0000000082b00000|100%|HS|  |TAMS 0x0000000082b00000| PB 0x0000000082a00000| Complete 
|  43|0x0000000082b00000, 0x0000000082c00000, 0x0000000082c00000|100%| O|  |TAMS 0x0000000082b00000| PB 0x0000000082b00000| Untracked 
|  44|0x0000000082c00000, 0x0000000082d00000, 0x0000000082d00000|100%| O|  |TAMS 0x0000000082c00000| PB 0x0000000082c00000| Untracked 
|  45|0x0000000082d00000, 0x0000000082e00000, 0x0000000082e00000|100%| O|  |TAMS 0x0000000082d00000| PB 0x0000000082d00000| Untracked 
|  46|0x0000000082e00000, 0x0000000082f00000, 0x0000000082f00000|100%|HS|  |TAMS 0x0000000082f00000| PB 0x0000000082e00000| Complete 
|  47|0x0000000082f00000, 0x0000000083000000, 0x0000000083000000|100%| O|  |TAMS 0x0000000083000000| PB 0x0000000082f00000| Untracked 
|  48|0x0000000083000000, 0x0000000083100000, 0x0000000083100000|100%| O|  |TAMS 0x0000000083100000| PB 0x0000000083000000| Untracked 
|  49|0x0000000083100000, 0x0000000083200000, 0x0000000083200000|100%|HS|  |TAMS 0x0000000083200000| PB 0x0000000083100000| Complete 
|  50|0x0000000083200000, 0x0000000083300000, 0x0000000083300000|100%| O|  |TAMS 0x0000000083300000| PB 0x0000000083200000| Untracked 
|  51|0x0000000083300000, 0x0000000083400000, 0x0000000083400000|100%| O|  |TAMS 0x0000000083400000| PB 0x0000000083300000| Untracked 
|  52|0x0000000083400000, 0x0000000083500000, 0x0000000083500000|100%| O|  |TAMS 0x0000000083500000| PB 0x0000000083400000| Untracked 
|  53|0x0000000083500000, 0x0000000083600000, 0x0000000083600000|100%| O|  |TAMS 0x0000000083600000| PB 0x0000000083500000| Untracked 
|  54|0x0000000083600000, 0x0000000083700000, 0x0000000083700000|100%| O|  |TAMS 0x0000000083700000| PB 0x0000000083600000| Untracked 
|  55|0x0000000083700000, 0x0000000083800000, 0x0000000083800000|100%| O|  |TAMS 0x0000000083800000| PB 0x0000000083700000| Untracked 
|  56|0x0000000083800000, 0x0000000083900000, 0x0000000083900000|100%| O|  |TAMS 0x0000000083900000| PB 0x0000000083800000| Untracked 
|  57|0x0000000083900000, 0x0000000083a00000, 0x0000000083a00000|100%| O|  |TAMS 0x0000000083a00000| PB 0x0000000083900000| Untracked 
|  58|0x0000000083a00000, 0x0000000083b00000, 0x0000000083b00000|100%| O|  |TAMS 0x0000000083b00000| PB 0x0000000083a00000| Untracked 
|  59|0x0000000083b00000, 0x0000000083c00000, 0x0000000083c00000|100%| O|  |TAMS 0x0000000083c00000| PB 0x0000000083b00000| Untracked 
|  60|0x0000000083c00000, 0x0000000083d00000, 0x0000000083d00000|100%| O|  |TAMS 0x0000000083d00000| PB 0x0000000083c00000| Untracked 
|  61|0x0000000083d00000, 0x0000000083e00000, 0x0000000083e00000|100%| O|  |TAMS 0x0000000083e00000| PB 0x0000000083d00000| Untracked 
|  62|0x0000000083e00000, 0x0000000083f00000, 0x0000000083f00000|100%| O|  |TAMS 0x0000000083f00000| PB 0x0000000083e00000| Untracked 
|  63|0x0000000083f00000, 0x0000000084000000, 0x0000000084000000|100%| O|  |TAMS 0x0000000084000000| PB 0x0000000083f00000| Untracked 
|  64|0x0000000084000000, 0x0000000084100000, 0x0000000084100000|100%|HS|  |TAMS 0x0000000084100000| PB 0x0000000084000000| Complete 
|  65|0x0000000084100000, 0x0000000084200000, 0x0000000084200000|100%| O|  |TAMS 0x0000000084200000| PB 0x0000000084100000| Untracked 
|  66|0x0000000084200000, 0x0000000084300000, 0x0000000084300000|100%| O|  |TAMS 0x0000000084300000| PB 0x0000000084200000| Untracked 
|  67|0x0000000084300000, 0x0000000084400000, 0x0000000084400000|100%| O|  |TAMS 0x0000000084400000| PB 0x0000000084300000| Untracked 
|  68|0x0000000084400000, 0x0000000084500000, 0x0000000084500000|100%| O|  |TAMS 0x0000000084500000| PB 0x0000000084400000| Untracked 
|  69|0x0000000084500000, 0x0000000084600000, 0x0000000084600000|100%| O|  |TAMS 0x0000000084600000| PB 0x0000000084500000| Untracked 
|  70|0x0000000084600000, 0x0000000084700000, 0x0000000084700000|100%| O|  |TAMS 0x0000000084700000| PB 0x0000000084600000| Untracked 
|  71|0x0000000084700000, 0x0000000084800000, 0x0000000084800000|100%| O|  |TAMS 0x0000000084800000| PB 0x0000000084700000| Untracked 
|  72|0x0000000084800000, 0x0000000084900000, 0x0000000084900000|100%| O|  |TAMS 0x0000000084900000| PB 0x0000000084800000| Untracked 
|  73|0x0000000084900000, 0x0000000084a00000, 0x0000000084a00000|100%| O|  |TAMS 0x0000000084a00000| PB 0x0000000084900000| Untracked 
|  74|0x0000000084a00000, 0x0000000084b00000, 0x0000000084b00000|100%| O|  |TAMS 0x0000000084b00000| PB 0x0000000084a00000| Untracked 
|  75|0x0000000084b00000, 0x0000000084c00000, 0x0000000084c00000|100%| O|  |TAMS 0x0000000084c00000| PB 0x0000000084b00000| Untracked 
|  76|0x0000000084c00000, 0x0000000084d00000, 0x0000000084d00000|100%| O|  |TAMS 0x0000000084d00000| PB 0x0000000084c00000| Untracked 
|  77|0x0000000084d00000, 0x0000000084e00000, 0x0000000084e00000|100%| O|  |TAMS 0x0000000084e00000| PB 0x0000000084d00000| Untracked 
|  78|0x0000000084e00000, 0x0000000084f00000, 0x0000000084f00000|100%| O|  |TAMS 0x0000000084f00000| PB 0x0000000084e00000| Untracked 
|  79|0x0000000084f00000, 0x0000000085000000, 0x0000000085000000|100%| O|  |TAMS 0x0000000085000000| PB 0x0000000084f00000| Untracked 
|  80|0x0000000085000000, 0x0000000085100000, 0x0000000085100000|100%| O|  |TAMS 0x0000000085100000| PB 0x0000000085000000| Untracked 
|  81|0x0000000085100000, 0x0000000085200000, 0x0000000085200000|100%| O|  |TAMS 0x0000000085200000| PB 0x0000000085100000| Untracked 
|  82|0x0000000085200000, 0x0000000085300000, 0x0000000085300000|100%| O|  |TAMS 0x0000000085300000| PB 0x0000000085200000| Untracked 
|  83|0x0000000085300000, 0x0000000085400000, 0x0000000085400000|100%| O|  |TAMS 0x0000000085400000| PB 0x0000000085300000| Untracked 
|  84|0x0000000085400000, 0x0000000085500000, 0x0000000085500000|100%| O|  |TAMS 0x0000000085500000| PB 0x0000000085400000| Untracked 
|  85|0x0000000085500000, 0x0000000085600000, 0x0000000085600000|100%| O|  |TAMS 0x0000000085600000| PB 0x0000000085500000| Untracked 
|  86|0x0000000085600000, 0x0000000085700000, 0x0000000085700000|100%| O|  |TAMS 0x0000000085700000| PB 0x0000000085600000| Untracked 
|  87|0x0000000085700000, 0x0000000085800000, 0x0000000085800000|100%| O|  |TAMS 0x0000000085800000| PB 0x0000000085700000| Untracked 
|  88|0x0000000085800000, 0x0000000085900000, 0x0000000085900000|100%| O|  |TAMS 0x0000000085900000| PB 0x0000000085800000| Untracked 
|  89|0x0000000085900000, 0x0000000085a00000, 0x0000000085a00000|100%|HS|  |TAMS 0x0000000085a00000| PB 0x0000000085900000| Complete 
|  90|0x0000000085a00000, 0x0000000085b00000, 0x0000000085b00000|100%|HC|  |TAMS 0x0000000085b00000| PB 0x0000000085a00000| Complete 
|  91|0x0000000085b00000, 0x0000000085c00000, 0x0000000085c00000|100%| O|  |TAMS 0x0000000085c00000| PB 0x0000000085b00000| Untracked 
|  92|0x0000000085c00000, 0x0000000085d00000, 0x0000000085d00000|100%| O|  |TAMS 0x0000000085d00000| PB 0x0000000085c00000| Untracked 
|  93|0x0000000085d00000, 0x0000000085e00000, 0x0000000085e00000|100%| O|  |TAMS 0x0000000085e00000| PB 0x0000000085d00000| Untracked 
|  94|0x0000000085e00000, 0x0000000085f00000, 0x0000000085f00000|100%| O|  |TAMS 0x0000000085f00000| PB 0x0000000085e00000| Untracked 
|  95|0x0000000085f00000, 0x0000000086000000, 0x0000000086000000|100%| O|  |TAMS 0x0000000086000000| PB 0x0000000085f00000| Untracked 
|  96|0x0000000086000000, 0x0000000086100000, 0x0000000086100000|100%| O|  |TAMS 0x0000000086000000| PB 0x0000000086000000| Untracked 
|  97|0x0000000086100000, 0x0000000086193720, 0x0000000086200000| 57%| O|  |TAMS 0x0000000086100000| PB 0x0000000086100000| Untracked 
|  98|0x0000000086200000, 0x0000000086200000, 0x0000000086300000|  0%| F|  |TAMS 0x0000000086200000| PB 0x0000000086200000| Untracked 
|  99|0x0000000086300000, 0x0000000086300000, 0x0000000086400000|  0%| F|  |TAMS 0x0000000086300000| PB 0x0000000086300000| Untracked 
| 100|0x0000000086400000, 0x0000000086500000, 0x0000000086500000|100%| O|  |TAMS 0x0000000086500000| PB 0x0000000086400000| Untracked 
| 101|0x0000000086500000, 0x0000000086600000, 0x0000000086600000|100%| O|  |TAMS 0x0000000086600000| PB 0x0000000086500000| Untracked 
| 102|0x0000000086600000, 0x0000000086700000, 0x0000000086700000|100%| O|  |TAMS 0x0000000086700000| PB 0x0000000086600000| Untracked 
| 103|0x0000000086700000, 0x0000000086700000, 0x0000000086800000|  0%| F|  |TAMS 0x0000000086700000| PB 0x0000000086700000| Untracked 
| 104|0x0000000086800000, 0x0000000086800000, 0x0000000086900000|  0%| F|  |TAMS 0x0000000086800000| PB 0x0000000086800000| Untracked 
| 105|0x0000000086900000, 0x0000000086900000, 0x0000000086a00000|  0%| F|  |TAMS 0x0000000086900000| PB 0x0000000086900000| Untracked 
| 106|0x0000000086a00000, 0x0000000086a00000, 0x0000000086b00000|  0%| F|  |TAMS 0x0000000086a00000| PB 0x0000000086a00000| Untracked 
| 107|0x0000000086b00000, 0x0000000086b00000, 0x0000000086c00000|  0%| F|  |TAMS 0x0000000086b00000| PB 0x0000000086b00000| Untracked 
| 108|0x0000000086c00000, 0x0000000086c00000, 0x0000000086d00000|  0%| F|  |TAMS 0x0000000086c00000| PB 0x0000000086c00000| Untracked 
| 109|0x0000000086d00000, 0x0000000086d00000, 0x0000000086e00000|  0%| F|  |TAMS 0x0000000086d00000| PB 0x0000000086d00000| Untracked 
| 110|0x0000000086e00000, 0x0000000086e00000, 0x0000000086f00000|  0%| F|  |TAMS 0x0000000086e00000| PB 0x0000000086e00000| Untracked 
| 111|0x0000000086f00000, 0x0000000087000000, 0x0000000087000000|100%| O|  |TAMS 0x0000000087000000| PB 0x0000000086f00000| Untracked 
| 112|0x0000000087000000, 0x0000000087100000, 0x0000000087100000|100%| O|  |TAMS 0x0000000087100000| PB 0x0000000087000000| Untracked 
| 113|0x0000000087100000, 0x0000000087200000, 0x0000000087200000|100%|HS|  |TAMS 0x0000000087200000| PB 0x0000000087100000| Complete 
| 114|0x0000000087200000, 0x0000000087300000, 0x0000000087300000|100%|HC|  |TAMS 0x0000000087300000| PB 0x0000000087200000| Complete 
| 115|0x0000000087300000, 0x0000000087400000, 0x0000000087400000|100%| O|  |TAMS 0x0000000087400000| PB 0x0000000087300000| Untracked 
| 116|0x0000000087400000, 0x0000000087500000, 0x0000000087500000|100%| O|  |TAMS 0x0000000087500000| PB 0x0000000087400000| Untracked 
| 117|0x0000000087500000, 0x0000000087600000, 0x0000000087600000|100%| O|  |TAMS 0x0000000087600000| PB 0x0000000087500000| Untracked 
| 118|0x0000000087600000, 0x0000000087700000, 0x0000000087700000|100%| O|  |TAMS 0x0000000087700000| PB 0x0000000087600000| Untracked 
| 119|0x0000000087700000, 0x0000000087800000, 0x0000000087800000|100%| O|  |TAMS 0x0000000087800000| PB 0x0000000087700000| Untracked 
| 120|0x0000000087800000, 0x0000000087900000, 0x0000000087900000|100%| O|  |TAMS 0x0000000087900000| PB 0x0000000087800000| Untracked 
| 121|0x0000000087900000, 0x0000000087a00000, 0x0000000087a00000|100%| O|  |TAMS 0x0000000087a00000| PB 0x0000000087900000| Untracked 
| 122|0x0000000087a00000, 0x0000000087b00000, 0x0000000087b00000|100%| O|  |TAMS 0x0000000087b00000| PB 0x0000000087a00000| Untracked 
| 123|0x0000000087b00000, 0x0000000087c00000, 0x0000000087c00000|100%| O|  |TAMS 0x0000000087c00000| PB 0x0000000087b00000| Untracked 
| 124|0x0000000087c00000, 0x0000000087d00000, 0x0000000087d00000|100%| O|  |TAMS 0x0000000087d00000| PB 0x0000000087c00000| Untracked 
| 125|0x0000000087d00000, 0x0000000087e00000, 0x0000000087e00000|100%| O|  |TAMS 0x0000000087e00000| PB 0x0000000087d00000| Untracked 
| 126|0x0000000087e00000, 0x0000000087f00000, 0x0000000087f00000|100%| O|  |TAMS 0x0000000087f00000| PB 0x0000000087e00000| Untracked 
| 127|0x0000000087f00000, 0x0000000088000000, 0x0000000088000000|100%| O|  |TAMS 0x0000000088000000| PB 0x0000000087f00000| Untracked 
| 128|0x0000000088000000, 0x0000000088100000, 0x0000000088100000|100%| O|  |TAMS 0x0000000088100000| PB 0x0000000088000000| Untracked 
| 129|0x0000000088100000, 0x0000000088200000, 0x0000000088200000|100%| O|  |TAMS 0x0000000088200000| PB 0x0000000088100000| Untracked 
| 130|0x0000000088200000, 0x0000000088300000, 0x0000000088300000|100%| O|  |TAMS 0x0000000088300000| PB 0x0000000088200000| Untracked 
| 131|0x0000000088300000, 0x0000000088400000, 0x0000000088400000|100%| O|  |TAMS 0x0000000088400000| PB 0x0000000088300000| Untracked 
| 132|0x0000000088400000, 0x0000000088500000, 0x0000000088500000|100%| O|  |TAMS 0x0000000088500000| PB 0x0000000088400000| Untracked 
| 133|0x0000000088500000, 0x0000000088500000, 0x0000000088600000|  0%| F|  |TAMS 0x0000000088500000| PB 0x0000000088500000| Untracked 
| 134|0x0000000088600000, 0x0000000088600000, 0x0000000088700000|  0%| F|  |TAMS 0x0000000088600000| PB 0x0000000088600000| Untracked 
| 135|0x0000000088700000, 0x0000000088700000, 0x0000000088800000|  0%| F|  |TAMS 0x0000000088700000| PB 0x0000000088700000| Untracked 
| 136|0x0000000088800000, 0x0000000088800000, 0x0000000088900000|  0%| F|  |TAMS 0x0000000088800000| PB 0x0000000088800000| Untracked 
| 137|0x0000000088900000, 0x0000000088900000, 0x0000000088a00000|  0%| F|  |TAMS 0x0000000088900000| PB 0x0000000088900000| Untracked 
| 138|0x0000000088a00000, 0x0000000088a00000, 0x0000000088b00000|  0%| F|  |TAMS 0x0000000088a00000| PB 0x0000000088a00000| Untracked 
| 139|0x0000000088b00000, 0x0000000088b00000, 0x0000000088c00000|  0%| F|  |TAMS 0x0000000088b00000| PB 0x0000000088b00000| Untracked 
| 140|0x0000000088c00000, 0x0000000088c00000, 0x0000000088d00000|  0%| F|  |TAMS 0x0000000088c00000| PB 0x0000000088c00000| Untracked 
| 141|0x0000000088d00000, 0x0000000088e00000, 0x0000000088e00000|100%| O|  |TAMS 0x0000000088e00000| PB 0x0000000088d00000| Untracked 
| 142|0x0000000088e00000, 0x0000000088f00000, 0x0000000088f00000|100%| O|  |TAMS 0x0000000088f00000| PB 0x0000000088e00000| Untracked 
| 143|0x0000000088f00000, 0x0000000089000000, 0x0000000089000000|100%| O|  |TAMS 0x0000000089000000| PB 0x0000000088f00000| Untracked 
| 144|0x0000000089000000, 0x0000000089100000, 0x0000000089100000|100%| O|  |TAMS 0x0000000089100000| PB 0x0000000089000000| Untracked 
| 145|0x0000000089100000, 0x0000000089200000, 0x0000000089200000|100%| O|  |TAMS 0x0000000089200000| PB 0x0000000089100000| Untracked 
| 146|0x0000000089200000, 0x0000000089300000, 0x0000000089300000|100%| O|  |TAMS 0x0000000089300000| PB 0x0000000089200000| Untracked 
| 147|0x0000000089300000, 0x0000000089400000, 0x0000000089400000|100%| O|  |TAMS 0x00000000893516f8| PB 0x0000000089300000| Untracked 
| 148|0x0000000089400000, 0x0000000089400000, 0x0000000089500000|  0%| F|  |TAMS 0x0000000089400000| PB 0x0000000089400000| Untracked 
| 149|0x0000000089500000, 0x0000000089500000, 0x0000000089600000|  0%| F|  |TAMS 0x0000000089500000| PB 0x0000000089500000| Untracked 
| 150|0x0000000089600000, 0x0000000089600000, 0x0000000089700000|  0%| F|  |TAMS 0x0000000089600000| PB 0x0000000089600000| Untracked 
| 151|0x0000000089700000, 0x0000000089700000, 0x0000000089800000|  0%| F|  |TAMS 0x0000000089700000| PB 0x0000000089700000| Untracked 
| 152|0x0000000089800000, 0x0000000089800000, 0x0000000089900000|  0%| F|  |TAMS 0x0000000089800000| PB 0x0000000089800000| Untracked 
| 153|0x0000000089900000, 0x0000000089900000, 0x0000000089a00000|  0%| F|  |TAMS 0x0000000089900000| PB 0x0000000089900000| Untracked 
| 154|0x0000000089a00000, 0x0000000089a00000, 0x0000000089b00000|  0%| F|  |TAMS 0x0000000089a00000| PB 0x0000000089a00000| Untracked 
| 155|0x0000000089b00000, 0x0000000089b00000, 0x0000000089c00000|  0%| F|  |TAMS 0x0000000089b00000| PB 0x0000000089b00000| Untracked 
| 156|0x0000000089c00000, 0x0000000089c00000, 0x0000000089d00000|  0%| F|  |TAMS 0x0000000089c00000| PB 0x0000000089c00000| Untracked 
| 157|0x0000000089d00000, 0x0000000089d00000, 0x0000000089e00000|  0%| F|  |TAMS 0x0000000089d00000| PB 0x0000000089d00000| Untracked 
| 158|0x0000000089e00000, 0x0000000089e00000, 0x0000000089f00000|  0%| F|  |TAMS 0x0000000089e00000| PB 0x0000000089e00000| Untracked 
| 159|0x0000000089f00000, 0x0000000089f00000, 0x000000008a000000|  0%| F|  |TAMS 0x0000000089f00000| PB 0x0000000089f00000| Untracked 
| 160|0x000000008a000000, 0x000000008a000000, 0x000000008a100000|  0%| F|  |TAMS 0x000000008a000000| PB 0x000000008a000000| Untracked 
| 161|0x000000008a100000, 0x000000008a100000, 0x000000008a200000|  0%| F|  |TAMS 0x000000008a100000| PB 0x000000008a100000| Untracked 
| 162|0x000000008a200000, 0x000000008a200000, 0x000000008a300000|  0%| F|  |TAMS 0x000000008a200000| PB 0x000000008a200000| Untracked 
| 163|0x000000008a300000, 0x000000008a300000, 0x000000008a400000|  0%| F|  |TAMS 0x000000008a300000| PB 0x000000008a300000| Untracked 
| 164|0x000000008a400000, 0x000000008a400000, 0x000000008a500000|  0%| F|  |TAMS 0x000000008a400000| PB 0x000000008a400000| Untracked 
| 165|0x000000008a500000, 0x000000008a500000, 0x000000008a600000|  0%| F|  |TAMS 0x000000008a500000| PB 0x000000008a500000| Untracked 
| 166|0x000000008a600000, 0x000000008a600000, 0x000000008a700000|  0%| F|  |TAMS 0x000000008a600000| PB 0x000000008a600000| Untracked 
| 167|0x000000008a700000, 0x000000008a700000, 0x000000008a800000|  0%| F|  |TAMS 0x000000008a700000| PB 0x000000008a700000| Untracked 
| 168|0x000000008a800000, 0x000000008a800000, 0x000000008a900000|  0%| F|  |TAMS 0x000000008a800000| PB 0x000000008a800000| Untracked 
| 169|0x000000008a900000, 0x000000008a900000, 0x000000008aa00000|  0%| F|  |TAMS 0x000000008a900000| PB 0x000000008a900000| Untracked 
| 170|0x000000008aa00000, 0x000000008aa00000, 0x000000008ab00000|  0%| F|  |TAMS 0x000000008aa00000| PB 0x000000008aa00000| Untracked 
| 171|0x000000008ab00000, 0x000000008ab00000, 0x000000008ac00000|  0%| F|  |TAMS 0x000000008ab00000| PB 0x000000008ab00000| Untracked 
| 172|0x000000008ac00000, 0x000000008ac00000, 0x000000008ad00000|  0%| F|  |TAMS 0x000000008ac00000| PB 0x000000008ac00000| Untracked 
| 173|0x000000008ad00000, 0x000000008ad00000, 0x000000008ae00000|  0%| F|  |TAMS 0x000000008ad00000| PB 0x000000008ad00000| Untracked 
| 174|0x000000008ae00000, 0x000000008ae00000, 0x000000008af00000|  0%| F|  |TAMS 0x000000008ae00000| PB 0x000000008ae00000| Untracked 
| 175|0x000000008af00000, 0x000000008af00000, 0x000000008b000000|  0%| F|  |TAMS 0x000000008af00000| PB 0x000000008af00000| Untracked 
| 176|0x000000008b000000, 0x000000008b000000, 0x000000008b100000|  0%| F|  |TAMS 0x000000008b000000| PB 0x000000008b000000| Untracked 
| 177|0x000000008b100000, 0x000000008b100000, 0x000000008b200000|  0%| F|  |TAMS 0x000000008b100000| PB 0x000000008b100000| Untracked 
| 178|0x000000008b200000, 0x000000008b200000, 0x000000008b300000|  0%| F|  |TAMS 0x000000008b200000| PB 0x000000008b200000| Untracked 
| 179|0x000000008b300000, 0x000000008b300000, 0x000000008b400000|  0%| F|  |TAMS 0x000000008b300000| PB 0x000000008b300000| Untracked 
| 180|0x000000008b400000, 0x000000008b400000, 0x000000008b500000|  0%| F|  |TAMS 0x000000008b400000| PB 0x000000008b400000| Untracked 
| 181|0x000000008b500000, 0x000000008b500000, 0x000000008b600000|  0%| F|  |TAMS 0x000000008b500000| PB 0x000000008b500000| Untracked 
| 182|0x000000008b600000, 0x000000008b600000, 0x000000008b700000|  0%| F|  |TAMS 0x000000008b600000| PB 0x000000008b600000| Untracked 
| 183|0x000000008b700000, 0x000000008b700000, 0x000000008b800000|  0%| F|  |TAMS 0x000000008b700000| PB 0x000000008b700000| Untracked 
| 184|0x000000008b800000, 0x000000008b800000, 0x000000008b900000|  0%| F|  |TAMS 0x000000008b800000| PB 0x000000008b800000| Untracked 
| 185|0x000000008b900000, 0x000000008b900000, 0x000000008ba00000|  0%| F|  |TAMS 0x000000008b900000| PB 0x000000008b900000| Untracked 
| 186|0x000000008ba00000, 0x000000008ba00000, 0x000000008bb00000|  0%| F|  |TAMS 0x000000008ba00000| PB 0x000000008ba00000| Untracked 
| 187|0x000000008bb00000, 0x000000008bb00000, 0x000000008bc00000|  0%| F|  |TAMS 0x000000008bb00000| PB 0x000000008bb00000| Untracked 
| 188|0x000000008bc00000, 0x000000008bc00000, 0x000000008bd00000|  0%| F|  |TAMS 0x000000008bc00000| PB 0x000000008bc00000| Untracked 
| 189|0x000000008bd00000, 0x000000008bd00000, 0x000000008be00000|  0%| F|  |TAMS 0x000000008bd00000| PB 0x000000008bd00000| Untracked 
| 190|0x000000008be00000, 0x000000008be00000, 0x000000008bf00000|  0%| F|  |TAMS 0x000000008be00000| PB 0x000000008be00000| Untracked 
| 191|0x000000008bf00000, 0x000000008bf00000, 0x000000008c000000|  0%| F|  |TAMS 0x000000008bf00000| PB 0x000000008bf00000| Untracked 
| 192|0x000000008c000000, 0x000000008c000000, 0x000000008c100000|  0%| F|  |TAMS 0x000000008c000000| PB 0x000000008c000000| Untracked 
| 193|0x000000008c100000, 0x000000008c100000, 0x000000008c200000|  0%| F|  |TAMS 0x000000008c100000| PB 0x000000008c100000| Untracked 
| 194|0x000000008c200000, 0x000000008c300000, 0x000000008c300000|100%| S|CS|TAMS 0x000000008c200000| PB 0x000000008c200000| Complete 
| 195|0x000000008c300000, 0x000000008c400000, 0x000000008c400000|100%| S|CS|TAMS 0x000000008c300000| PB 0x000000008c300000| Complete 
| 196|0x000000008c400000, 0x000000008c400000, 0x000000008c500000|  0%| F|  |TAMS 0x000000008c400000| PB 0x000000008c400000| Untracked 
| 197|0x000000008c500000, 0x000000008c500000, 0x000000008c600000|  0%| F|  |TAMS 0x000000008c500000| PB 0x000000008c500000| Untracked 
| 198|0x000000008c600000, 0x000000008c600000, 0x000000008c700000|  0%| F|  |TAMS 0x000000008c600000| PB 0x000000008c600000| Untracked 
| 199|0x000000008c700000, 0x000000008c700000, 0x000000008c800000|  0%| F|  |TAMS 0x000000008c700000| PB 0x000000008c700000| Untracked 
| 200|0x000000008c800000, 0x000000008c800000, 0x000000008c900000|  0%| F|  |TAMS 0x000000008c800000| PB 0x000000008c800000| Untracked 
| 201|0x000000008c900000, 0x000000008c900000, 0x000000008ca00000|  0%| F|  |TAMS 0x000000008c900000| PB 0x000000008c900000| Untracked 
| 202|0x000000008ca00000, 0x000000008ca00000, 0x000000008cb00000|  0%| F|  |TAMS 0x000000008ca00000| PB 0x000000008ca00000| Untracked 
| 203|0x000000008cb00000, 0x000000008cb00000, 0x000000008cc00000|  0%| F|  |TAMS 0x000000008cb00000| PB 0x000000008cb00000| Untracked 
| 204|0x000000008cc00000, 0x000000008cc00000, 0x000000008cd00000|  0%| F|  |TAMS 0x000000008cc00000| PB 0x000000008cc00000| Untracked 
|2046|0x00000000ffe00000, 0x00000000fff00000, 0x00000000fff00000|100%| O|  |TAMS 0x00000000fff00000| PB 0x00000000ffe00000| Untracked 
|2047|0x00000000fff00000, 0x00000000fff00000, 0x0000000100000000|  0%| F|  |TAMS 0x00000000fff00000| PB 0x00000000fff00000| Untracked 

Card table byte_map: [0x0000021bd5540000,0x0000021bd5940000] _byte_map_base: 0x0000021bd5140000

Marking Bits: (CMBitMap*) 0x0000021bbb46d650
 Bits: [0x0000021bd5940000, 0x0000021bd7940000)

Polling page: 0x0000021bbb6d0000

Metaspace:

Usage:
  Non-class:     81.72 MB used.
      Class:     12.87 MB used.
       Both:     94.59 MB used.

Virtual space:
  Non-class space:      128.00 MB reserved,      82.81 MB ( 65%) committed,  2 nodes.
      Class space:        1.00 GB reserved,      14.00 MB (  1%) committed,  1 nodes.
             Both:        1.12 GB reserved,      96.81 MB (  8%) committed. 

Chunk freelists:
   Non-Class:  13.06 MB
       Class:  2.02 MB
        Both:  15.08 MB

MaxMetaspaceSize: unlimited
CompressedClassSpaceSize: 1.00 GB
Initial GC threshold: 21.00 MB
Current GC threshold: 159.69 MB
CDS: on
 - commit_granule_bytes: 65536.
 - commit_granule_words: 8192.
 - virtual_space_node_default_size: 8388608.
 - enlarge_chunks_in_place: 1.
 - use_allocation_guard: 0.


Internal statistics:

num_allocs_failed_limit: 6.
num_arena_births: 4140.
num_arena_deaths: 0.
num_vsnodes_births: 3.
num_vsnodes_deaths: 0.
num_space_committed: 1548.
num_space_uncommitted: 0.
num_chunks_returned_to_freelist: 6.
num_chunks_taken_from_freelist: 8661.
num_chunk_merges: 6.
num_chunk_splits: 5619.
num_chunks_enlarged: 3481.
num_inconsistent_stats: 0.

CodeHeap 'non-profiled nmethods': size=120000Kb used=7771Kb max_used=7771Kb free=112228Kb
 bounds [0x0000021bccf90000, 0x0000021bcd750000, 0x0000021bd44c0000]
CodeHeap 'profiled nmethods': size=120000Kb used=23262Kb max_used=23500Kb free=96737Kb
 bounds [0x0000021bc54c0000, 0x0000021bc6be0000, 0x0000021bcc9f0000]
CodeHeap 'non-nmethods': size=5760Kb used=3181Kb max_used=3234Kb free=2578Kb
 bounds [0x0000021bcc9f0000, 0x0000021bccd30000, 0x0000021bccf90000]
 total_blobs=13018 nmethods=12024 adapters=898
 compilation: enabled
              stopped_count=0, restarted_count=0
 full_count=0

Compilation events (20 events):
Event: 49.533 Thread 0x0000021bda5eea40 nmethod 14515 0x0000021bc5f86790 code [0x0000021bc5f86960, 0x0000021bc5f86cd8]
Event: 49.533 Thread 0x0000021bda5eea40 14505       2       java.io.ObjectStreamClass::<init> (10 bytes)
Event: 49.533 Thread 0x0000021bda5eea40 nmethod 14505 0x0000021bc5909d10 code [0x0000021bc5909ea0, 0x0000021bc5909fa8]
Event: 49.533 Thread 0x0000021bda5eea40 14514   !   2       java.io.ObjectInputStream$BlockDataInputStream::readBlockHeader (249 bytes)
Event: 49.534 Thread 0x0000021bda5eea40 nmethod 14514 0x0000021bc5d28310 code [0x0000021bc5d28680, 0x0000021bc5d29548]
Event: 49.534 Thread 0x0000021bda5eea40 14503       2       java.io.ObjectOutputStream$BlockDataOutputStream::writeLong (48 bytes)
Event: 49.534 Thread 0x0000021bda5eea40 nmethod 14503 0x0000021bc5eeec10 code [0x0000021bc5eeede0, 0x0000021bc5eef000]
Event: 49.534 Thread 0x0000021bda5eea40 14478       1       java.io.ObjectStreamClass::getName (5 bytes)
Event: 49.535 Thread 0x0000021bda5eea40 nmethod 14478 0x0000021bcd378a90 code [0x0000021bcd378c20, 0x0000021bcd378ce8]
Event: 49.535 Thread 0x0000021bda5eea40 14479       1       java.io.ObjectStreamClass$FieldReflector::getFields (5 bytes)
Event: 49.535 Thread 0x0000021bda5eea40 nmethod 14479 0x0000021bcd378690 code [0x0000021bcd378820, 0x0000021bcd3788e8]
Event: 49.535 Thread 0x0000021bda5eea40 14466       2       java.io.ObjectStreamClass$FieldReflector::setObjFieldValues (8 bytes)
Event: 49.535 Thread 0x0000021bda5eea40 nmethod 14466 0x0000021bc6774f10 code [0x0000021bc67750c0, 0x0000021bc67751e8]
Event: 49.535 Thread 0x0000021bda5eea40 14465       2       java.io.ObjectStreamClass::setObjFieldValues (10 bytes)
Event: 49.535 Thread 0x0000021bda5eea40 nmethod 14465 0x0000021bc569ca10 code [0x0000021bc569cbc0, 0x0000021bc569cce8]
Event: 49.535 Thread 0x0000021bda5eea40 14467       2       java.io.ObjectStreamClass::setPrimFieldValues (10 bytes)
Event: 49.535 Thread 0x0000021bda5eea40 nmethod 14467 0x0000021bc64faf90 code [0x0000021bc64fb140, 0x0000021bc64fb268]
Event: 49.535 Thread 0x0000021bda5eea40 14520   !   2       java.io.ObjectStreamClass::readNonProxy (395 bytes)
Event: 49.537 Thread 0x0000021bda5eea40 nmethod 14520 0x0000021bc55f2710 code [0x0000021bc55f2b00, 0x0000021bc55f3de0]
Event: 49.537 Thread 0x0000021bda5eea40 14521       2       java.io.ObjectStreamClass::computeFieldOffsets (308 bytes)

GC Heap History (20 events):
Event: 15.745 GC heap after
{Heap after GC invocations=28 (full 0):
 garbage-first heap   total 135168K, used 79112K [0x0000000080000000, 0x0000000100000000)
  region size 1024K, 6 young (6144K), 6 survivors (6144K)
 Metaspace       used 78252K, committed 80384K, reserved 1179648K
  class space    used 10908K, committed 11968K, reserved 1048576K
}
Event: 41.221 GC heap before
{Heap before GC invocations=29 (full 0):
 garbage-first heap   total 138240K, used 119048K [0x0000000080000000, 0x0000000100000000)
  region size 1024K, 45 young (46080K), 6 survivors (6144K)
 Metaspace       used 79613K, committed 81792K, reserved 1179648K
  class space    used 11096K, committed 12160K, reserved 1048576K
}
Event: 41.247 GC heap after
{Heap after GC invocations=30 (full 0):
 garbage-first heap   total 165888K, used 83047K [0x0000000080000000, 0x0000000100000000)
  region size 1024K, 6 young (6144K), 6 survivors (6144K)
 Metaspace       used 79613K, committed 81792K, reserved 1179648K
  class space    used 11096K, committed 12160K, reserved 1048576K
}
Event: 43.196 GC heap before
{Heap before GC invocations=30 (full 0):
 garbage-first heap   total 165888K, used 146535K [0x0000000080000000, 0x0000000100000000)
  region size 1024K, 68 young (69632K), 6 survivors (6144K)
 Metaspace       used 83491K, committed 85760K, reserved 1179648K
  class space    used 11689K, committed 12800K, reserved 1048576K
}
Event: 43.207 GC heap after
{Heap after GC invocations=31 (full 0):
 garbage-first heap   total 165888K, used 87505K [0x0000000080000000, 0x0000000100000000)
  region size 1024K, 9 young (9216K), 9 survivors (9216K)
 Metaspace       used 83491K, committed 85760K, reserved 1179648K
  class space    used 11689K, committed 12800K, reserved 1048576K
}
Event: 44.021 GC heap before
{Heap before GC invocations=31 (full 0):
 garbage-first heap   total 165888K, used 146897K [0x0000000080000000, 0x0000000100000000)
  region size 1024K, 67 young (68608K), 9 survivors (9216K)
 Metaspace       used 88594K, committed 90816K, reserved 1179648K
  class space    used 12311K, committed 13440K, reserved 1048576K
}
Event: 44.028 GC heap after
{Heap after GC invocations=32 (full 0):
 garbage-first heap   total 165888K, used 91877K [0x0000000080000000, 0x0000000100000000)
  region size 1024K, 9 young (9216K), 9 survivors (9216K)
 Metaspace       used 88594K, committed 90816K, reserved 1179648K
  class space    used 12311K, committed 13440K, reserved 1048576K
}
Event: 44.740 GC heap before
{Heap before GC invocations=33 (full 0):
 garbage-first heap   total 165888K, used 146149K [0x0000000080000000, 0x0000000100000000)
  region size 1024K, 63 young (64512K), 9 survivors (9216K)
 Metaspace       used 91715K, committed 93888K, reserved 1179648K
  class space    used 12742K, committed 13824K, reserved 1048576K
}
Event: 44.747 GC heap after
{Heap after GC invocations=34 (full 0):
 garbage-first heap   total 165888K, used 95837K [0x0000000080000000, 0x0000000100000000)
  region size 1024K, 8 young (8192K), 8 survivors (8192K)
 Metaspace       used 91715K, committed 93888K, reserved 1179648K
  class space    used 12742K, committed 13824K, reserved 1048576K
}
Event: 45.277 GC heap before
{Heap before GC invocations=34 (full 0):
 garbage-first heap   total 165888K, used 152157K [0x0000000080000000, 0x0000000100000000)
  region size 1024K, 59 young (60416K), 8 survivors (8192K)
 Metaspace       used 93638K, committed 95936K, reserved 1179648K
  class space    used 12887K, committed 14016K, reserved 1048576K
}
Event: 45.284 GC heap after
{Heap after GC invocations=35 (full 0):
 garbage-first heap   total 167936K, used 99558K [0x0000000080000000, 0x0000000100000000)
  region size 1024K, 4 young (4096K), 4 survivors (4096K)
 Metaspace       used 93638K, committed 95936K, reserved 1179648K
  class space    used 12887K, committed 14016K, reserved 1048576K
}
Event: 46.101 GC heap before
{Heap before GC invocations=35 (full 0):
 garbage-first heap   total 167936K, used 147686K [0x0000000080000000, 0x0000000100000000)
  region size 1024K, 53 young (54272K), 4 survivors (4096K)
 Metaspace       used 95796K, committed 98112K, reserved 1179648K
  class space    used 13096K, committed 14272K, reserved 1048576K
}
Event: 46.106 GC heap after
{Heap after GC invocations=36 (full 0):
 garbage-first heap   total 167936K, used 108850K [0x0000000080000000, 0x0000000100000000)
  region size 1024K, 8 young (8192K), 8 survivors (8192K)
 Metaspace       used 95796K, committed 98112K, reserved 1179648K
  class space    used 13096K, committed 14272K, reserved 1048576K
}
Event: 46.608 GC heap before
{Heap before GC invocations=37 (full 0):
 garbage-first heap   total 211968K, used 156978K [0x0000000080000000, 0x0000000100000000)
  region size 1024K, 46 young (47104K), 8 survivors (8192K)
 Metaspace       used 96221K, committed 98496K, reserved 1179648K
  class space    used 13132K, committed 14272K, reserved 1048576K
}
Event: 46.619 GC heap after
{Heap after GC invocations=38 (full 0):
 garbage-first heap   total 211968K, used 128917K [0x0000000080000000, 0x0000000100000000)
  region size 1024K, 6 young (6144K), 6 survivors (6144K)
 Metaspace       used 96221K, committed 98496K, reserved 1179648K
  class space    used 13132K, committed 14272K, reserved 1048576K
}
Event: 47.459 GC heap before
{Heap before GC invocations=38 (full 0):
 garbage-first heap   total 211968K, used 195477K [0x0000000080000000, 0x0000000100000000)
  region size 1024K, 51 young (52224K), 6 survivors (6144K)
 Metaspace       used 96711K, committed 99008K, reserved 1179648K
  class space    used 13168K, committed 14336K, reserved 1048576K
}
Event: 49.480 GC heap after
{Heap after GC invocations=39 (full 0):
 garbage-first heap   total 211968K, used 132545K [0x0000000080000000, 0x0000000100000000)
  region size 1024K, 5 young (5120K), 5 survivors (5120K)
 Metaspace       used 96711K, committed 99008K, reserved 1179648K
  class space    used 13168K, committed 14336K, reserved 1048576K
}
Event: 49.511 GC heap before
{Heap before GC invocations=39 (full 0):
 garbage-first heap   total 211968K, used 137665K [0x0000000080000000, 0x0000000100000000)
  region size 1024K, 10 young (10240K), 5 survivors (5120K)
 Metaspace       used 96815K, committed 99136K, reserved 1179648K
  class space    used 13175K, committed 14336K, reserved 1048576K
}
Event: 49.514 GC heap after
{Heap after GC invocations=40 (full 0):
 garbage-first heap   total 211968K, used 134140K [0x0000000080000000, 0x0000000100000000)
  region size 1024K, 2 young (2048K), 2 survivors (2048K)
 Metaspace       used 96815K, committed 99136K, reserved 1179648K
  class space    used 13175K, committed 14336K, reserved 1048576K
}
Event: 49.537 GC heap before
{Heap before GC invocations=40 (full 0):
 garbage-first heap   total 211968K, used 141308K [0x0000000080000000, 0x0000000100000000)
  region size 1024K, 10 young (10240K), 2 survivors (2048K)
 Metaspace       used 96857K, committed 99136K, reserved 1179648K
  class space    used 13178K, committed 14336K, reserved 1048576K
}

Dll operation events (15 events):
Event: 0.012 Loaded shared library C:\Program Files\Java\jdk-21\bin\java.dll
Event: 0.044 Loaded shared library C:\Program Files\Java\jdk-21\bin\jsvml.dll
Event: 0.095 Loaded shared library C:\Program Files\Java\jdk-21\bin\zip.dll
Event: 0.100 Loaded shared library C:\Program Files\Java\jdk-21\bin\instrument.dll
Event: 0.105 Loaded shared library C:\Program Files\Java\jdk-21\bin\net.dll
Event: 0.107 Loaded shared library C:\Program Files\Java\jdk-21\bin\nio.dll
Event: 0.110 Loaded shared library C:\Program Files\Java\jdk-21\bin\zip.dll
Event: 0.391 Loaded shared library C:\Program Files\Java\jdk-21\bin\jimage.dll
Event: 0.590 Loaded shared library C:\Program Files\Java\jdk-21\bin\verify.dll
Event: 0.669 Loaded shared library C:\Users\Juan\.gradle\native\1def1411415f61bf3af743bc5b6707747c0891f09f0c88961ee8f79bc544acac\windows-amd64\native-platform.dll
Event: 0.685 Loaded shared library C:\Users\Juan\.gradle\native\0.2.7\x86_64-windows-gnu\gradle-fileevents.dll
Event: 2.067 Loaded shared library C:\Program Files\Java\jdk-21\bin\management.dll
Event: 2.070 Loaded shared library C:\Program Files\Java\jdk-21\bin\management_ext.dll
Event: 2.207 Loaded shared library C:\Program Files\Java\jdk-21\bin\extnet.dll
Event: 2.398 Loaded shared library C:\Program Files\Java\jdk-21\bin\sunmscapi.dll

Deoptimization events (20 events):
Event: 47.430 Thread 0x0000021c21674990 Uncommon trap: trap_request=0xffffffd6 fr.pc=0x0000021bcd681bc4 relative=0x0000000000000864
Event: 47.430 Thread 0x0000021c21674990 Uncommon trap: reason=array_check action=maybe_recompile pc=0x0000021bcd681bc4 method=java.util.TimSort.reverseRange([Ljava/lang/Object;II)V @ 27 c2
Event: 47.430 Thread 0x0000021c21674990 DEOPT PACKING pc=0x0000021bcd681bc4 sp=0x0000001ea98f9a10
Event: 47.430 Thread 0x0000021c21674990 DEOPT UNPACKING pc=0x0000021bcca47da2 sp=0x0000001ea98f9940 mode 2
Event: 47.430 Thread 0x0000021c21674990 Uncommon trap: trap_request=0xffffffc6 fr.pc=0x0000021bcd464da8 relative=0x0000000000000348
Event: 47.430 Thread 0x0000021c21674990 Uncommon trap: reason=bimorphic_or_optimized_type_check action=maybe_recompile pc=0x0000021bcd464da8 method=java.security.MessageDigest$Delegate.engineDigest()[B @ 4 c2
Event: 47.430 Thread 0x0000021c21674990 DEOPT PACKING pc=0x0000021bcd464da8 sp=0x0000001ea98f9af0
Event: 47.430 Thread 0x0000021c21674990 DEOPT UNPACKING pc=0x0000021bcca47da2 sp=0x0000001ea98f9a38 mode 2
Event: 47.430 Thread 0x0000021c21674990 Uncommon trap: trap_request=0xffffffc6 fr.pc=0x0000021bcd4625cc relative=0x0000000000000acc
Event: 47.430 Thread 0x0000021c21674990 Uncommon trap: reason=bimorphic_or_optimized_type_check action=maybe_recompile pc=0x0000021bcd4625cc method=sun.security.provider.DigestBase.engineDigest([BII)I @ 97 c2
Event: 47.430 Thread 0x0000021c21674990 DEOPT PACKING pc=0x0000021bcd4625cc sp=0x0000001ea98f99a0
Event: 47.430 Thread 0x0000021c21674990 DEOPT UNPACKING pc=0x0000021bcca47da2 sp=0x0000001ea98f9970 mode 2
Event: 47.433 Thread 0x0000021c21674990 Uncommon trap: trap_request=0xffffffd6 fr.pc=0x0000021bcd681bc4 relative=0x0000000000000864
Event: 47.433 Thread 0x0000021c21674990 Uncommon trap: reason=array_check action=maybe_recompile pc=0x0000021bcd681bc4 method=java.util.TimSort.reverseRange([Ljava/lang/Object;II)V @ 27 c2
Event: 47.433 Thread 0x0000021c21674990 DEOPT PACKING pc=0x0000021bcd681bc4 sp=0x0000001ea98f9020
Event: 47.434 Thread 0x0000021c21674990 DEOPT UNPACKING pc=0x0000021bcca47da2 sp=0x0000001ea98f8f50 mode 2
Event: 47.434 Thread 0x0000021c21674990 Uncommon trap: trap_request=0xffffffc6 fr.pc=0x0000021bcd464da8 relative=0x0000000000000348
Event: 47.434 Thread 0x0000021c21674990 Uncommon trap: reason=bimorphic_or_optimized_type_check action=maybe_recompile pc=0x0000021bcd464da8 method=java.security.MessageDigest$Delegate.engineDigest()[B @ 4 c2
Event: 47.434 Thread 0x0000021c21674990 DEOPT PACKING pc=0x0000021bcd464da8 sp=0x0000001ea98f9100
Event: 47.434 Thread 0x0000021c21674990 DEOPT UNPACKING pc=0x0000021bcca47da2 sp=0x0000001ea98f9048 mode 2

Classes loaded (20 events):
Event: 46.382 Loading class java/util/stream/Nodes$IntArrayNode done
Event: 46.382 Loading class java/util/stream/Nodes$IntFixedNodeBuilder done
Event: 46.429 Loading class java/io/FileReader
Event: 46.429 Loading class java/io/FileReader done
Event: 46.433 Loading class java/util/concurrent/ConcurrentLinkedDeque
Event: 46.434 Loading class java/util/concurrent/ConcurrentLinkedDeque done
Event: 46.434 Loading class java/util/concurrent/ConcurrentLinkedDeque$Node
Event: 46.434 Loading class java/util/concurrent/ConcurrentLinkedDeque$Node done
Event: 46.533 Loading class com/sun/org/apache/xerces/internal/dom/DOMImplementationImpl
Event: 46.534 Loading class org/w3c/dom/DOMImplementation
Event: 46.534 Loading class org/w3c/dom/DOMImplementation done
Event: 46.534 Loading class com/sun/org/apache/xerces/internal/dom/CoreDOMImplementationImpl
Event: 46.534 Loading class org/w3c/dom/ls/DOMImplementationLS
Event: 46.534 Loading class org/w3c/dom/ls/DOMImplementationLS done
Event: 46.534 Loading class com/sun/org/apache/xerces/internal/dom/CoreDOMImplementationImpl done
Event: 46.534 Loading class com/sun/org/apache/xerces/internal/dom/DOMImplementationImpl done
Event: 46.534 Loading class com/sun/org/apache/xerces/internal/dom/DeferredDOMImplementationImpl
Event: 46.535 Loading class com/sun/org/apache/xerces/internal/dom/DeferredDOMImplementationImpl done
Event: 49.501 Loading class java/util/HashMap$UnsafeHolder
Event: 49.501 Loading class java/util/HashMap$UnsafeHolder done

Classes unloaded (0 events):
No events

Classes redefined (0 events):
No events

Internal exceptions (20 events):
Event: 44.799 Thread 0x0000021c2353cf30 Exception <a 'sun/nio/fs/WindowsException'{0x0000000089ff1b20}> (0x0000000089ff1b20) 
thrown [s\open\src\hotspot\share\prims\jni.cpp, line 520]
Event: 44.799 Thread 0x0000021c2353cf30 Exception <a 'sun/nio/fs/WindowsException'{0x0000000089ff2b08}> (0x0000000089ff2b08) 
thrown [s\open\src\hotspot\share\prims\jni.cpp, line 520]
Event: 44.799 Thread 0x0000021c2353cf30 Exception <a 'sun/nio/fs/WindowsException'{0x0000000089ff2c78}> (0x0000000089ff2c78) 
thrown [s\open\src\hotspot\share\prims\jni.cpp, line 520]
Event: 44.816 Thread 0x0000021c2353cf30 Exception <a 'java/lang/NoSuchMethodError'{0x0000000089d1bd50}: static Lcom/android/build/gradle/tasks/SerializableArtifact;.<clinit>()V> (0x0000000089d1bd50) 
thrown [s\open\src\hotspot\share\prims\jni.cpp, line 1111]
Event: 44.841 Thread 0x0000021c2b590cc0 Exception <a 'sun/nio/fs/WindowsException'{0x0000000089b10b50}> (0x0000000089b10b50) 
thrown [s\open\src\hotspot\share\prims\jni.cpp, line 520]
Event: 44.872 Thread 0x0000021c2541e9b0 Exception <a 'java/lang/NoSuchMethodError'{0x00000000899671f0}: 'int java.lang.invoke.DirectMethodHandle$Holder.invokeSpecial(java.lang.Object, java.lang.Object, int)'> (0x00000000899671f0) 
thrown [s\open\src\hotspot\share\interpreter\linkResolver.cpp, line 773]
Event: 45.239 Thread 0x0000021c2541e9b0 Exception <a 'java/lang/NoSuchMethodError'{0x00000000876f4b80}: static Lcom/android/build/gradle/internal/tasks/AarMetadataArtifact;.<clinit>()V> (0x00000000876f4b80) 
thrown [s\open\src\hotspot\share\prims\jni.cpp, line 1111]
Event: 45.369 Thread 0x0000021c21674990 Exception <a 'sun/nio/fs/WindowsException'{0x00000000896a9e68}> (0x00000000896a9e68) 
thrown [s\open\src\hotspot\share\prims\jni.cpp, line 520]
Event: 45.370 Thread 0x0000021c21674990 Exception <a 'sun/nio/fs/WindowsException'{0x00000000896aad18}> (0x00000000896aad18) 
thrown [s\open\src\hotspot\share\prims\jni.cpp, line 520]
Event: 45.370 Thread 0x0000021c21674990 Exception <a 'sun/nio/fs/WindowsException'{0x00000000896aae68}> (0x00000000896aae68) 
thrown [s\open\src\hotspot\share\prims\jni.cpp, line 520]
Event: 45.392 Thread 0x0000021c21674990 Exception <a 'sun/nio/fs/WindowsException'{0x00000000894252d8}> (0x00000000894252d8) 
thrown [s\open\src\hotspot\share\prims\jni.cpp, line 520]
Event: 45.392 Thread 0x0000021c21674990 Exception <a 'sun/nio/fs/WindowsException'{0x00000000894261d0}> (0x00000000894261d0) 
thrown [s\open\src\hotspot\share\prims\jni.cpp, line 520]
Event: 45.392 Thread 0x0000021c21674990 Exception <a 'sun/nio/fs/WindowsException'{0x0000000089426368}> (0x0000000089426368) 
thrown [s\open\src\hotspot\share\prims\jni.cpp, line 520]
Event: 45.393 Thread 0x0000021c21674990 Exception <a 'sun/nio/fs/WindowsException'{0x000000008942df30}> (0x000000008942df30) 
thrown [s\open\src\hotspot\share\prims\jni.cpp, line 520]
Event: 47.268 Thread 0x0000021c21674990 Implicit null exception at 0x0000021bcd71494b to 0x0000021bcd71a098
Event: 47.429 Thread 0x0000021c21674990 Exception <a 'java/lang/NoSuchMethodError'{0x0000000089cc7620}: static Lcom/android/ide/common/resources/CompileResourceRequest;.<clinit>()V> (0x0000000089cc7620) 
thrown [s\open\src\hotspot\share\prims\jni.cpp, line 1111]
Event: 47.433 Thread 0x0000021c21674990 Exception <a 'java/lang/NoSuchMethodError'{0x0000000089b029d8}: static Ljava/lang/Object;.<clinit>()V> (0x0000000089b029d8) 
thrown [s\open\src\hotspot\share\prims\jni.cpp, line 1111]
Event: 47.434 Thread 0x0000021c21674990 Exception <a 'java/lang/NoSuchMethodError'{0x0000000089b14828}: static Ljava/lang/Object;.<clinit>()V> (0x0000000089b14828) 
thrown [s\open\src\hotspot\share\prims\jni.cpp, line 1111]
Event: 47.435 Thread 0x0000021c21674990 Exception <a 'java/lang/NoSuchMethodError'{0x0000000089b265a8}: static Ljava/lang/Object;.<clinit>()V> (0x0000000089b265a8) 
thrown [s\open\src\hotspot\share\prims\jni.cpp, line 1111]
Event: 47.458 Thread 0x0000021c21674990 Exception <a 'java/lang/NoSuchMethodError'{0x0000000089aafdd0}: static Lkotlin/InitializedLazyImpl;.<clinit>()V> (0x0000000089aafdd0) 
thrown [s\open\src\hotspot\share\prims\jni.cpp, line 1111]

ZGC Phase Switch (0 events):
No events

VM Operations (20 events):
Event: 46.032 Executing VM operation: ICBufferFull done
Event: 46.101 Executing VM operation: G1TryInitiateConcMark (G1 Humongous Allocation)
Event: 46.106 Executing VM operation: G1TryInitiateConcMark (G1 Humongous Allocation) done
Event: 46.153 Executing VM operation: G1PauseRemark
Event: 46.162 Executing VM operation: G1PauseRemark done
Event: 46.184 Executing VM operation: G1PauseCleanup
Event: 46.184 Executing VM operation: G1PauseCleanup done
Event: 46.431 Executing VM operation: HandshakeAllThreads (Deoptimize)
Event: 46.431 Executing VM operation: HandshakeAllThreads (Deoptimize) done
Event: 46.490 Executing VM operation: HandshakeAllThreads (Deoptimize)
Event: 46.490 Executing VM operation: HandshakeAllThreads (Deoptimize) done
Event: 46.531 Executing VM operation: HandshakeAllThreads (Deoptimize)
Event: 46.532 Executing VM operation: HandshakeAllThreads (Deoptimize) done
Event: 46.608 Executing VM operation: G1CollectForAllocation (G1 Evacuation Pause)
Event: 46.619 Executing VM operation: G1CollectForAllocation (G1 Evacuation Pause) done
Event: 47.459 Executing VM operation: G1CollectForAllocation (G1 Evacuation Pause)
Event: 49.480 Executing VM operation: G1CollectForAllocation (G1 Evacuation Pause) done
Event: 49.511 Executing VM operation: G1CollectForAllocation (G1 Evacuation Pause)
Event: 49.515 Executing VM operation: G1CollectForAllocation (G1 Evacuation Pause) done
Event: 49.537 Executing VM operation: G1CollectForAllocation (G1 Evacuation Pause)

Events (20 events):
Event: 46.160 Thread 0x0000021bda591a70 flushing nmethod 0x0000021bc5a54e10
Event: 46.160 Thread 0x0000021bda591a70 flushing nmethod 0x0000021bc5a55190
Event: 46.160 Thread 0x0000021bda591a70 flushing nmethod 0x0000021bc5ade590
Event: 46.160 Thread 0x0000021bda591a70 flushing nmethod 0x0000021bc5bcda10
Event: 46.160 Thread 0x0000021bda591a70 flushing nmethod 0x0000021bc5c83290
Event: 46.160 Thread 0x0000021bda591a70 flushing nmethod 0x0000021bc5e06590
Event: 46.160 Thread 0x0000021bda591a70 flushing nmethod 0x0000021bc60a6c90
Event: 46.160 Thread 0x0000021bda591a70 flushing nmethod 0x0000021bc60ad310
Event: 46.160 Thread 0x0000021bda591a70 flushing nmethod 0x0000021bc61c2b10
Event: 46.160 Thread 0x0000021bda591a70 flushing nmethod 0x0000021bc6344410
Event: 46.160 Thread 0x0000021bda591a70 flushing nmethod 0x0000021bc6599d10
Event: 46.160 Thread 0x0000021bda591a70 flushing nmethod 0x0000021bc659c610
Event: 46.160 Thread 0x0000021bda591a70 flushing nmethod 0x0000021bc661f810
Event: 46.160 Thread 0x0000021bda591a70 flushing nmethod 0x0000021bc66d7290
Event: 49.481 Thread 0x0000021c22c29230 Thread added: 0x0000021c22c29230
Event: 49.500 Thread 0x0000021c25033ff0 Thread added: 0x0000021c25033ff0
Event: 49.506 Thread 0x0000021c25033960 Thread added: 0x0000021c25033960
Event: 49.511 Thread 0x0000021c250353a0 Thread added: 0x0000021c250353a0
Event: 49.525 Thread 0x0000021c25031f20 Thread added: 0x0000021c25031f20
Event: 49.535 Thread 0x0000021c250325b0 Thread added: 0x0000021c250325b0


Dynamic libraries:
0x00007ff7996b0000 - 0x00007ff7996c0000 	C:\Program Files\Java\jdk-21\bin\java.exe
0x00007ffdae3c0000 - 0x00007ffdae627000 	C:\WINDOWS\SYSTEM32\ntdll.dll
0x00007ffdacb50000 - 0x00007ffdacc19000 	C:\WINDOWS\System32\KERNEL32.DLL
0x00007ffdaba30000 - 0x00007ffdabe24000 	C:\WINDOWS\System32\KERNELBASE.dll
0x00007ffdab6e0000 - 0x00007ffdab82b000 	C:\WINDOWS\System32\ucrtbase.dll
0x00007ffd87d40000 - 0x00007ffd87d5b000 	C:\Program Files\Java\jdk-21\bin\VCRUNTIME140.dll
0x00007ffd870c0000 - 0x00007ffd870d9000 	C:\Program Files\Java\jdk-21\bin\jli.dll
0x00007ffdad0e0000 - 0x00007ffdad196000 	C:\WINDOWS\System32\ADVAPI32.dll
0x00007ffdad370000 - 0x00007ffdad419000 	C:\WINDOWS\System32\msvcrt.dll
0x00007ffdae020000 - 0x00007ffdae0c7000 	C:\WINDOWS\System32\sechost.dll
0x00007ffdac490000 - 0x00007ffdac5a8000 	C:\WINDOWS\System32\RPCRT4.dll
0x00007ffdad1a0000 - 0x00007ffdad365000 	C:\WINDOWS\System32\USER32.dll
0x00007ffdac120000 - 0x00007ffdac147000 	C:\WINDOWS\System32\win32u.dll
0x00007ffd8de80000 - 0x00007ffd8e113000 	C:\WINDOWS\WinSxS\amd64_microsoft.windows.common-controls_6595b64144ccf1df_6.0.26100.8115_none_3e075c82e3354f9c\COMCTL32.dll
0x00007ffdae2e0000 - 0x00007ffdae30b000 	C:\WINDOWS\System32\GDI32.dll
0x00007ffdab5b0000 - 0x00007ffdab6db000 	C:\WINDOWS\System32\gdi32full.dll
0x00007ffdab980000 - 0x00007ffdaba23000 	C:\WINDOWS\System32\msvcp_win.dll
0x00007ffda1b20000 - 0x00007ffda1b2b000 	C:\WINDOWS\SYSTEM32\VERSION.dll
0x00007ffdacfb0000 - 0x00007ffdacfe2000 	C:\WINDOWS\System32\IMM32.DLL
0x00007ffd80040000 - 0x00007ffd8004c000 	C:\Program Files\Java\jdk-21\bin\vcruntime140_1.dll
0x00007ffcf71d0000 - 0x00007ffcf725e000 	C:\Program Files\Java\jdk-21\bin\msvcp140.dll
0x00007ffcdac90000 - 0x00007ffcdb9aa000 	C:\Program Files\Java\jdk-21\bin\server\jvm.dll
0x00007ffdaca40000 - 0x00007ffdacac0000 	C:\WINDOWS\System32\WS2_32.dll
0x00007ffdaaaf0000 - 0x00007ffdaab4e000 	C:\WINDOWS\SYSTEM32\POWRPROF.dll
0x00007ffd96c30000 - 0x00007ffd96c66000 	C:\WINDOWS\SYSTEM32\WINMM.dll
0x00007ffdaaad0000 - 0x00007ffdaaae4000 	C:\WINDOWS\SYSTEM32\UMPDC.dll
0x00007ffda9a20000 - 0x00007ffda9a3b000 	C:\WINDOWS\SYSTEM32\kernel.appcore.dll
0x00007ffd7ffd0000 - 0x00007ffd7ffda000 	C:\Program Files\Java\jdk-21\bin\jimage.dll
0x00007ffda0ce0000 - 0x00007ffda0f22000 	C:\WINDOWS\SYSTEM32\DBGHELP.DLL
0x00007ffdacc20000 - 0x00007ffdacfa2000 	C:\WINDOWS\System32\combase.dll
0x00007ffdad000000 - 0x00007ffdad0d8000 	C:\WINDOWS\System32\OLEAUT32.dll
0x00007ffd7d4e0000 - 0x00007ffd7d51b000 	C:\WINDOWS\SYSTEM32\dbgcore.DLL
0x00007ffdaac90000 - 0x00007ffdaad35000 	C:\WINDOWS\System32\bcryptPrimitives.dll
0x00007ffd7ba50000 - 0x00007ffd7ba5f000 	C:\Program Files\Java\jdk-21\bin\instrument.dll
0x00007ffd75f70000 - 0x00007ffd75f8f000 	C:\Program Files\Java\jdk-21\bin\java.dll
0x00007ffdad8b0000 - 0x00007ffdae017000 	C:\WINDOWS\System32\SHELL32.dll
0x00007ffdabfb0000 - 0x00007ffdac11a000 	C:\WINDOWS\System32\wintypes.dll
0x00007ffdaad40000 - 0x00007ffdab5a8000 	C:\WINDOWS\System32\windows.storage.dll
0x00007ffdac2b0000 - 0x00007ffdac3a8000 	C:\WINDOWS\System32\SHCORE.dll
0x00007ffdae310000 - 0x00007ffdae376000 	C:\WINDOWS\System32\shlwapi.dll
0x00007ffdaabb0000 - 0x00007ffdaabd9000 	C:\WINDOWS\SYSTEM32\profapi.dll
0x00007ffcf4ed0000 - 0x00007ffcf4fa7000 	C:\Program Files\Java\jdk-21\bin\jsvml.dll
0x00007ffd75c20000 - 0x00007ffd75c38000 	C:\Program Files\Java\jdk-21\bin\zip.dll
0x00007ffd7fad0000 - 0x00007ffd7fae0000 	C:\Program Files\Java\jdk-21\bin\net.dll
0x00007ffda3eb0000 - 0x00007ffda3fdd000 	C:\WINDOWS\SYSTEM32\WINHTTP.dll
0x00007ffda9f90000 - 0x00007ffda9ffc000 	C:\WINDOWS\system32\mswsock.dll
0x00007ffd75c40000 - 0x00007ffd75c56000 	C:\Program Files\Java\jdk-21\bin\nio.dll
0x00007ffd7f970000 - 0x00007ffd7f980000 	C:\Program Files\Java\jdk-21\bin\verify.dll
0x00007ffd42c80000 - 0x00007ffd42ca7000 	C:\Users\Juan\.gradle\native\1def1411415f61bf3af743bc5b6707747c0891f09f0c88961ee8f79bc544acac\windows-amd64\native-platform.dll
0x00007ffcf6350000 - 0x00007ffcf63c8000 	C:\Users\Juan\.gradle\native\0.2.7\x86_64-windows-gnu\gradle-fileevents.dll
0x00007ffd7f070000 - 0x00007ffd7f07a000 	C:\Program Files\Java\jdk-21\bin\management.dll
0x00007ffd7eea0000 - 0x00007ffd7eeab000 	C:\Program Files\Java\jdk-21\bin\management_ext.dll
0x00007ffdac7e0000 - 0x00007ffdac7e8000 	C:\WINDOWS\System32\PSAPI.DLL
0x00007ffda94b0000 - 0x00007ffda94e2000 	C:\WINDOWS\SYSTEM32\IPHLPAPI.DLL
0x00007ffdacff0000 - 0x00007ffdacffa000 	C:\WINDOWS\System32\NSI.dll
0x00007ffd7bab0000 - 0x00007ffd7bab9000 	C:\Program Files\Java\jdk-21\bin\extnet.dll
0x00007ffdaa280000 - 0x00007ffdaa29b000 	C:\WINDOWS\SYSTEM32\CRYPTSP.dll
0x00007ffda9980000 - 0x00007ffda99b9000 	C:\WINDOWS\system32\rsaenh.dll
0x00007ffdaa040000 - 0x00007ffdaa073000 	C:\WINDOWS\SYSTEM32\USERENV.dll
0x00007ffdaab80000 - 0x00007ffdaabaa000 	C:\WINDOWS\SYSTEM32\bcrypt.dll
0x00007ffdaa270000 - 0x00007ffdaa27c000 	C:\WINDOWS\SYSTEM32\CRYPTBASE.dll
0x00007ffd7b7b0000 - 0x00007ffd7b7be000 	C:\Program Files\Java\jdk-21\bin\sunmscapi.dll
0x00007ffdabe30000 - 0x00007ffdabfa7000 	C:\WINDOWS\System32\CRYPT32.dll
0x00007ffdaa490000 - 0x00007ffdaa4c0000 	C:\WINDOWS\SYSTEM32\ncrypt.dll
0x00007ffdaa440000 - 0x00007ffdaa47f000 	C:\WINDOWS\SYSTEM32\NTASN1.dll
0x00007ffd7c620000 - 0x00007ffd7c628000 	C:\WINDOWS\system32\wshunix.dll

dbghelp: loaded successfully - version: 4.0.5 - missing functions: none
symbol engine: initialized successfully - sym options: 0x614 - pdb path: .;C:\Program Files\Java\jdk-21\bin;C:\WINDOWS\SYSTEM32;C:\WINDOWS\WinSxS\amd64_microsoft.windows.common-controls_6595b64144ccf1df_6.0.26100.8115_none_3e075c82e3354f9c;C:\Program Files\Java\jdk-21\bin\server;C:\Users\Juan\.gradle\native\1def1411415f61bf3af743bc5b6707747c0891f09f0c88961ee8f79bc544acac\windows-amd64;C:\Users\Juan\.gradle\native\0.2.7\x86_64-windows-gnu

VM Arguments:
jvm_args: --add-opens=java.base/java.lang=ALL-UNNAMED --add-opens=java.base/java.lang.invoke=ALL-UNNAMED --add-opens=java.base/java.util=ALL-UNNAMED --add-opens=java.prefs/java.util.prefs=ALL-UNNAMED --add-exports=jdk.compiler/com.sun.tools.javac.api=ALL-UNNAMED --add-exports=jdk.compiler/com.sun.tools.javac.util=ALL-UNNAMED --add-opens=java.base/java.util=ALL-UNNAMED --add-opens=java.prefs/java.util.prefs=ALL-UNNAMED --add-opens=java.base/java.nio.charset=ALL-UNNAMED --add-opens=java.base/java.net=ALL-UNNAMED --add-opens=java.base/java.util.concurrent.atomic=ALL-UNNAMED --add-opens=java.xml/javax.xml.namespace=ALL-UNNAMED -Xmx2048m -Dfile.encoding=UTF-8 -Duser.country=MX -Duser.language=es -Duser.variant -javaagent:C:\Users\Juan\.gradle\wrapper\dists\gradle-8.13-bin\5xuhj0ry160q40clulazy9h7d\gradle-8.13\lib\agents\gradle-instrumentation-agent-8.13.jar 
java_command: org.gradle.launcher.daemon.bootstrap.GradleDaemon 8.13
java_class_path (initial): C:\Users\Juan\.gradle\wrapper\dists\gradle-8.13-bin\5xuhj0ry160q40clulazy9h7d\gradle-8.13\lib\gradle-daemon-main-8.13.jar
Launcher Type: SUN_STANDARD

[Global flags]
     intx CICompilerCount                          = 4                                         {product} {ergonomic}
     uint ConcGCThreads                            = 3                                         {product} {ergonomic}
     uint G1ConcRefinementThreads                  = 10                                        {product} {ergonomic}
   size_t G1HeapRegionSize                         = 1048576                                   {product} {ergonomic}
    uintx GCDrainStackTargetSize                   = 64                                        {product} {ergonomic}
   size_t InitialHeapSize                          = 123731968                                 {product} {ergonomic}
   size_t MarkStackSize                            = 4194304                                   {product} {ergonomic}
   size_t MaxHeapSize                              = 2147483648                                {product} {command line}
   size_t MaxNewSize                               = 1287651328                                {product} {ergonomic}
   size_t MinHeapDeltaBytes                        = 1048576                                   {product} {ergonomic}
   size_t MinHeapSize                              = 8388608                                   {product} {ergonomic}
    uintx NonNMethodCodeHeapSize                   = 5839372                                {pd product} {ergonomic}
    uintx NonProfiledCodeHeapSize                  = 122909434                              {pd product} {ergonomic}
    uintx ProfiledCodeHeapSize                     = 122909434                              {pd product} {ergonomic}
    uintx ReservedCodeCacheSize                    = 251658240                              {pd product} {ergonomic}
     bool SegmentedCodeCache                       = true                                      {product} {ergonomic}
   size_t SoftMaxHeapSize                          = 2147483648                             {manageable} {ergonomic}
     bool UseCompressedOops                        = true                           {product lp64_product} {ergonomic}
     bool UseG1GC                                  = true                                      {product} {ergonomic}
     bool UseLargePagesIndividualAllocation        = false                                  {pd product} {ergonomic}

Logging:
Log output configuration:
 #0: stdout all=warning uptime,level,tags foldmultilines=false
 #1: stderr all=off uptime,level,tags foldmultilines=false

Environment Variables:
PATH=C:\Python314\Scripts\;C:\Python314\;C:\Program Files\Common Files\Oracle\Java\javapath;C:\Program Files (x86)\Common Files\Oracle\Java\java8path;C:\Program Files (x86)\Common Files\Oracle\Java\javapath;C:\windows\system32;C:\windows;C:\windows\System32\Wbem;C:\windows\System32\WindowsPowerShell\v1.0\;C:\windows\System32\OpenSSH\;C:\Program Files (x86)\NVIDIA Corporation\PhysX\Common;C:\Program Files\NVIDIA Corporation\NVIDIA NvDLISR;C:\Users\Administrator\AppData\Local\Microsoft\WindowsApps;C:\Program Files\HP\OMEN-Broadcast\Common;C:\WINDOWS\system32;C:\WINDOWS;C:\WINDOWS\System32\Wbem;C:\WINDOWS\System32\WindowsPowerShell\v1.0\;C:\WINDOWS\System32\OpenSSH\;C:\Program Files (x86)\Java\jre1.8.0_441\legal\jdk;C:\ProgramData\chocolatey\bin;C:\Program Files\nodejs\;C:\Program Files\MySQL\MySQL Shell 8.0\bin\;C:\Users\Juan\AppData\Local\Programs\Python\Python313\Scripts\;C:\Users\Juan\AppData\Local\Programs\Python\Python313\;C:\Users\Juan\AppData\Local\Programs\Python\Launcher\;C:\Users\Juan\AppData\Local\Microsoft\WindowsApps;C:\Users\Juan\AppData\Local\Programs\Microsoft VS Code\bin;C:\flutter\bin;C:\Users\Juan\AppData\Roaming\npm
USERNAME=Juan
OS=Windows_NT
PROCESSOR_IDENTIFIER=AMD64 Family 25 Model 117 Stepping 2, AuthenticAMD
TMP=C:\Users\Juan\AppData\Local\Temp
TEMP=C:\Users\Juan\AppData\Local\Temp




Periodic native trim disabled

---------------  S Y S T E M  ---------------

OS:
 Windows 11 , 64 bit Build 26100 (10.0.26100.8246)
OS uptime: 0 days 17:21 hours
Hyper-V role detected

CPU: total 12 (initial active 12) (12 cores per cpu, 2 threads per core) family 25 model 117 stepping 2 microcode 0xa70520a, cx8, cmov, fxsr, ht, mmx, 3dnowpref, sse, sse2, sse3, ssse3, sse4a, sse4.1, sse4.2, popcnt, lzcnt, tsc, tscinvbit, avx, avx2, aes, erms, clmul, bmi1, bmi2, adx, avx512f, avx512dq, avx512cd, avx512bw, avx512vl, sha, fma, vzeroupper, avx512_vpopcntdq, avx512_vpclmulqdq, avx512_vaes, avx512_vnni, clflush, clflushopt, avx512_vbmi2, avx512_vbmi, hv, rdtscp, rdpid, fsrm, gfni, avx512_bitalg, f16c, cet_ss, avx512_ifma
Processor Information for processor 0
  Max Mhz: 4301, Current Mhz: 2483, Mhz Limit: 4301
Processor Information for processor 1
  Max Mhz: 4301, Current Mhz: 2483, Mhz Limit: 4301
Processor Information for processor 2
  Max Mhz: 4301, Current Mhz: 3993, Mhz Limit: 4301
Processor Information for processor 3
  Max Mhz: 4301, Current Mhz: 2483, Mhz Limit: 4301
Processor Information for processor 4
  Max Mhz: 4301, Current Mhz: 2483, Mhz Limit: 4301
Processor Information for processor 5
  Max Mhz: 4301, Current Mhz: 2483, Mhz Limit: 4301
Processor Information for processor 6
  Max Mhz: 4301, Current Mhz: 3993, Mhz Limit: 4301
Processor Information for processor 7
  Max Mhz: 4301, Current Mhz: 2483, Mhz Limit: 4301
Processor Information for processor 8
  Max Mhz: 4301, Current Mhz: 3993, Mhz Limit: 4301
Processor Information for processor 9
  Max Mhz: 4301, Current Mhz: 2483, Mhz Limit: 4301
Processor Information for processor 10
  Max Mhz: 4301, Current Mhz: 3993, Mhz Limit: 4301
Processor Information for processor 11
  Max Mhz: 4301, Current Mhz: 2483, Mhz Limit: 4301

Memory: 4k page, system-wide physical 7439M (519M free)
TotalPageFile size 29967M (AvailPageFile size 2M)
current process WorkingSet (physical memory assigned to process): 431M, peak: 443M
current process commit charge ("private bytes"): 544M, peak: 867M

vm_info: Java HotSpot(TM) 64-Bit Server VM (21.0.6+8-LTS-188) for windows-amd64 JRE (21.0.6+8-LTS-188), built on 2024-12-03T10:50:54Z by "mach5one" with MS VC++ 17.6 (VS2022)

END.
