#
# There is insufficient memory for the Java Runtime Environment to continue.
# Native memory allocation (malloc) failed to allocate 1172176 bytes for Chunk::new
# Possible reasons:
#   The system is out of physical RAM or swap space
#   The process is running with CompressedOops enabled, and the Java Heap may be blocking the growth of the native heap
# Possible solutions:
#   Reduce memory load on the system
#   Increase physical memory or swap space
#   Check if swap backing store is full
#   Decrease Java heap size (-Xmx/-Xms)
#   Decrease number of Java threads
#   Decrease Java thread stack sizes (-Xss)
#   Set larger code cache with -XX:ReservedCodeCacheSize=
#   JVM is running with Unscaled Compressed Oops mode in which the Java heap is
#     placed in the first 4GB address space. The Java Heap base address is the
#     maximum limit for the native heap growth. Please use -XX:HeapBaseMinAddress
#     to set the Java Heap base and to place the Java Heap above 4GB virtual address.
# This output file may be truncated or incomplete.
#
#  Out of Memory Error (arena.cpp:168), pid=33732, tid=2704
#
# JRE version: Java(TM) SE Runtime Environment (21.0.6+8) (build 21.0.6+8-LTS-188)
# Java VM: Java HotSpot(TM) 64-Bit Server VM (21.0.6+8-LTS-188, mixed mode, sharing, tiered, compressed oops, compressed class ptrs, g1 gc, windows-amd64)
# No core dump will be written. Minidumps are not enabled by default on client versions of Windows
#

---------------  S U M M A R Y ------------

Command Line: --add-opens=java.base/java.lang=ALL-UNNAMED --add-opens=java.base/java.lang.invoke=ALL-UNNAMED --add-opens=java.base/java.util=ALL-UNNAMED --add-opens=java.prefs/java.util.prefs=ALL-UNNAMED --add-exports=jdk.compiler/com.sun.tools.javac.api=ALL-UNNAMED --add-exports=jdk.compiler/com.sun.tools.javac.util=ALL-UNNAMED --add-opens=java.base/java.util=ALL-UNNAMED --add-opens=java.prefs/java.util.prefs=ALL-UNNAMED --add-opens=java.base/java.nio.charset=ALL-UNNAMED --add-opens=java.base/java.net=ALL-UNNAMED --add-opens=java.base/java.util.concurrent.atomic=ALL-UNNAMED --add-opens=java.xml/javax.xml.namespace=ALL-UNNAMED -Xmx2048m -Dfile.encoding=UTF-8 -Duser.country=MX -Duser.language=es -Duser.variant -javaagent:C:\Users\Juan\.gradle\wrapper\dists\gradle-8.13-bin\5xuhj0ry160q40clulazy9h7d\gradle-8.13\lib\agents\gradle-instrumentation-agent-8.13.jar org.gradle.launcher.daemon.bootstrap.GradleDaemon 8.13

Host: AMD Ryzen 5 8645HS w/ Radeon 760M Graphics, 12 cores, 7G,  Windows 11 , 64 bit Build 26100 (10.0.26100.8246)
Time: Wed May 20 23:23:15 2026 Hora estándar central (México) elapsed time: 17.015004 seconds (0d 0h 0m 17s)

---------------  T H R E A D  ---------------

Current thread (0x0000026b64841bd0):  JavaThread "C2 CompilerThread0" daemon [_thread_in_native, id=2704, stack(0x000000fc52300000,0x000000fc52400000) (1024K)]


Current CompileTask:
C2:  17015 13056 % !   4       com.android.ide.common.resources.DataMerger::mergeData @ 247 (611 bytes)

Stack: [0x000000fc52300000,0x000000fc52400000]
Native frames: (J=compiled Java code, j=interpreted, Vv=VM code, C=native code)
V  [jvm.dll+0x6ca6d9]
V  [jvm.dll+0x854f51]
V  [jvm.dll+0x85747e]
V  [jvm.dll+0x857b53]
V  [jvm.dll+0x27dcc6]
V  [jvm.dll+0xc4c2d]
V  [jvm.dll+0xc5163]
V  [jvm.dll+0x3b515c]
V  [jvm.dll+0x1df829]
V  [jvm.dll+0x246a72]
V  [jvm.dll+0x245eff]
V  [jvm.dll+0x1c6d2e]
V  [jvm.dll+0x2554f9]
V  [jvm.dll+0x253a8a]
V  [jvm.dll+0x3ee576]
V  [jvm.dll+0x7ff2fb]
V  [jvm.dll+0x6c8dbd]
C  [ucrtbase.dll+0x37b0]
C  [KERNEL32.DLL+0x2e8d7]
C  [ntdll.dll+0x8c3fc]


---------------  P R O C E S S  ---------------

Threads class SMR info:
_java_thread_list=0x0000026b6fd67dd0, length=122, elements={
0x0000026b458b8a40, 0x0000026b6482a720, 0x0000026b6482d830, 0x0000026b64839130,
0x0000026b64836340, 0x0000026b648369d0, 0x0000026b64837d80, 0x0000026b64841bd0,
0x0000026b6487b720, 0x0000026b64838aa0, 0x0000026b64835cb0, 0x0000026b64837060,
0x0000026b648376f0, 0x0000026b64838410, 0x0000026b6a696180, 0x0000026b6a694740,
0x0000026b6a695460, 0x0000026b6a693390, 0x0000026b6a696810, 0x0000026b6a695af0,
0x0000026b6a696ea0, 0x0000026b6a693a20, 0x0000026b6a697530, 0x0000026b6a6940b0,
0x0000026b6a697bc0, 0x0000026b6a698250, 0x0000026b6a694dd0, 0x0000026b6a6988e0,
0x0000026b6a699c90, 0x0000026b6a698f70, 0x0000026b6a699600, 0x0000026b6ddf1190,
0x0000026b6ddf1820, 0x0000026b6ddefde0, 0x0000026b6ddf2bd0, 0x0000026b6ddf0b00,
0x0000026b6ddf1eb0, 0x0000026b6ddf2540, 0x0000026b6ddf3260, 0x0000026b6f1ee060,
0x0000026b6f1ee6f0, 0x0000026b6f1eed80, 0x0000026b6f1ef410, 0x0000026b6f1efaa0,
0x0000026b6f1ec620, 0x0000026b6f1ed340, 0x0000026b6f1f0130, 0x0000026b6f1ed9d0,
0x0000026b6f1eccb0, 0x0000026b6f1f07c0, 0x0000026b6f1f0e50, 0x0000026b6f1f14e0,
0x0000026b6f1f2890, 0x0000026b6f1f35b0, 0x0000026b6f1f2200, 0x0000026b6f1f2f20,
0x0000026b6f1f1b70, 0x0000026b6f1f3c40, 0x0000026b6e5c0a80, 0x0000026b6e5bf6d0,
0x0000026b6e5bf040, 0x0000026b6e5c24c0, 0x0000026b6e5c2b50, 0x0000026b6e5c1110,
0x0000026b6e5c17a0, 0x0000026b6e5c1e30, 0x0000026b6e5c31e0, 0x0000026b6e5bfd60,
0x0000026b6e5c3f00, 0x0000026b6e5c52b0, 0x0000026b6e5c5fd0, 0x0000026b6e5c4c20,
0x0000026b6fda28f0, 0x0000026b6fda5050, 0x0000026b6fda5d70, 0x0000026b6fda2f80,
0x0000026b6fda6a90, 0x0000026b6fda7120, 0x0000026b70456920, 0x0000026b70456290,
0x0000026b70453b30, 0x0000026b70455c00, 0x0000026b704541c0, 0x0000026b70456fb0,
0x0000026b70457640, 0x0000026b70454ee0, 0x0000026b70457cd0, 0x0000026b70454850,
0x0000026b704589f0, 0x0000026b70455570, 0x0000026b70459da0, 0x0000026b70459080,
0x0000026b70459710, 0x0000026b7045a430, 0x0000026b7045aac0, 0x0000026b7045b150,
0x0000026b6c16ba20, 0x0000026b6c16c0b0, 0x0000026b6c16ad00, 0x0000026b6c16cdd0,
0x0000026b6c169950, 0x0000026b6c16b390, 0x0000026b6c16c740, 0x0000026b6c16d460,
0x0000026b6c169fe0, 0x0000026b6c16daf0, 0x0000026b6c16a670, 0x0000026b6c170250,
0x0000026b6c16e180, 0x0000026b6c16e810, 0x0000026b6c16eea0, 0x0000026b6c16fbc0,
0x0000026b6c16f530, 0x0000026b6c1708e0, 0x0000026b6c170f70, 0x0000026b6c5e56d0,
0x0000026b6c5e5040, 0x0000026b6c5e77a0, 0x0000026b6c5e7e30, 0x0000026b6c5e49b0,
0x0000026b6c5e5d60, 0x0000026b6d25f270
}

Java Threads: ( => current thread )
  0x0000026b458b8a40 JavaThread "main"                              [_thread_blocked, id=23764, stack(0x000000fc51500000,0x000000fc51600000) (1024K)]
  0x0000026b6482a720 JavaThread "Reference Handler"          daemon [_thread_blocked, id=34656, stack(0x000000fc51d00000,0x000000fc51e00000) (1024K)]
  0x0000026b6482d830 JavaThread "Finalizer"                  daemon [_thread_blocked, id=29868, stack(0x000000fc51e00000,0x000000fc51f00000) (1024K)]
  0x0000026b64839130 JavaThread "Signal Dispatcher"          daemon [_thread_blocked, id=9540, stack(0x000000fc51f00000,0x000000fc52000000) (1024K)]
  0x0000026b64836340 JavaThread "Attach Listener"            daemon [_thread_blocked, id=9552, stack(0x000000fc52000000,0x000000fc52100000) (1024K)]
  0x0000026b648369d0 JavaThread "Service Thread"             daemon [_thread_blocked, id=26156, stack(0x000000fc52100000,0x000000fc52200000) (1024K)]
  0x0000026b64837d80 JavaThread "Monitor Deflation Thread"   daemon [_thread_blocked, id=26688, stack(0x000000fc52200000,0x000000fc52300000) (1024K)]
=>0x0000026b64841bd0 JavaThread "C2 CompilerThread0"         daemon [_thread_in_native, id=2704, stack(0x000000fc52300000,0x000000fc52400000) (1024K)]
  0x0000026b6487b720 JavaThread "C1 CompilerThread0"         daemon [_thread_in_native, id=21888, stack(0x000000fc52400000,0x000000fc52500000) (1024K)]
  0x0000026b64838aa0 JavaThread "Common-Cleaner"             daemon [_thread_blocked, id=10268, stack(0x000000fc52500000,0x000000fc52600000) (1024K)]
  0x0000026b64835cb0 JavaThread "Notification Thread"        daemon [_thread_blocked, id=1288, stack(0x000000fc52600000,0x000000fc52700000) (1024K)]
  0x0000026b64837060 JavaThread "Daemon health stats"               [_thread_blocked, id=34480, stack(0x000000fc53000000,0x000000fc53100000) (1024K)]
  0x0000026b648376f0 JavaThread "Incoming local TCP Connector on port 49334"        [_thread_in_native, id=33632, stack(0x000000fc53100000,0x000000fc53200000) (1024K)]
  0x0000026b64838410 JavaThread "Daemon periodic checks"            [_thread_blocked, id=16708, stack(0x000000fc53200000,0x000000fc53300000) (1024K)]
  0x0000026b6a696180 JavaThread "Daemon"                            [_thread_blocked, id=32480, stack(0x000000fc53300000,0x000000fc53400000) (1024K)]
  0x0000026b6a694740 JavaThread "Handler for socket connection from /127.0.0.1:49334 to /127.0.0.1:49335"        [_thread_in_native, id=29604, stack(0x000000fc53400000,0x000000fc53500000) (1024K)]
  0x0000026b6a695460 JavaThread "Cancel handler"                    [_thread_blocked, id=26916, stack(0x000000fc53500000,0x000000fc53600000) (1024K)]
  0x0000026b6a693390 JavaThread "Daemon worker"                     [_thread_blocked, id=23740, stack(0x000000fc53600000,0x000000fc53700000) (1024K)]
  0x0000026b6a696810 JavaThread "Asynchronous log dispatcher for DefaultDaemonConnection: socket connection from /127.0.0.1:49334 to /127.0.0.1:49335"        [_thread_blocked, id=26648, stack(0x000000fc53700000,0x000000fc53800000) (1024K)]
  0x0000026b6a695af0 JavaThread "Stdin handler"                     [_thread_blocked, id=7680, stack(0x000000fc53800000,0x000000fc53900000) (1024K)]
  0x0000026b6a696ea0 JavaThread "Daemon client event forwarder"        [_thread_blocked, id=20100, stack(0x000000fc53900000,0x000000fc53a00000) (1024K)]
  0x0000026b6a693a20 JavaThread "Cache worker for journal cache (C:\Users\Juan\.gradle\caches\journal-1)"        [_thread_blocked, id=24752, stack(0x000000fc53a00000,0x000000fc53b00000) (1024K)]
  0x0000026b6a697530 JavaThread "File lock request listener"        [_thread_in_native, id=33448, stack(0x000000fc53b00000,0x000000fc53c00000) (1024K)]
  0x0000026b6a6940b0 JavaThread "Cache worker for file hash cache (C:\Users\Juan\.gradle\caches\8.13\fileHashes)"        [_thread_blocked, id=13372, stack(0x000000fc53c00000,0x000000fc53d00000) (1024K)]
  0x0000026b6a697bc0 JavaThread "Cache worker for file hash cache (C:\QRAsistencia\.gradle\8.13\fileHashes)"        [_thread_blocked, id=21728, stack(0x000000fc54000000,0x000000fc54100000) (1024K)]
  0x0000026b6a698250 JavaThread "Cache worker for Build Output Cleanup Cache (C:\QRAsistencia\.gradle\buildOutputCleanup)"        [_thread_blocked, id=4924, stack(0x000000fc54100000,0x000000fc54200000) (1024K)]
  0x0000026b6a694dd0 JavaThread "File watcher server"        daemon [_thread_in_native, id=31400, stack(0x000000fc54200000,0x000000fc54300000) (1024K)]
  0x0000026b6a6988e0 JavaThread "File watcher consumer"      daemon [_thread_blocked, id=19896, stack(0x000000fc54300000,0x000000fc54400000) (1024K)]
  0x0000026b6a699c90 JavaThread "jar transforms"                    [_thread_blocked, id=10640, stack(0x000000fc54400000,0x000000fc54500000) (1024K)]
  0x0000026b6a698f70 JavaThread "Cache worker for checksums cache (C:\QRAsistencia\.gradle\8.13\checksums)"        [_thread_blocked, id=27408, stack(0x000000fc54500000,0x000000fc54600000) (1024K)]
  0x0000026b6a699600 JavaThread "Cache worker for file content cache (C:\Users\Juan\.gradle\caches\8.13\fileContent)"        [_thread_blocked, id=3496, stack(0x000000fc54600000,0x000000fc54700000) (1024K)]
  0x0000026b6ddf1190 JavaThread "Cache worker for cache directory md-supplier (C:\Users\Juan\.gradle\caches\8.13\md-supplier)"        [_thread_blocked, id=27660, stack(0x000000fc54700000,0x000000fc54800000) (1024K)]
  0x0000026b6ddf1820 JavaThread "Cache worker for cache directory md-rule (C:\Users\Juan\.gradle\caches\8.13\md-rule)"        [_thread_blocked, id=32884, stack(0x000000fc54800000,0x000000fc54900000) (1024K)]
  0x0000026b6ddefde0 JavaThread "jar transforms Thread 2"           [_thread_blocked, id=15944, stack(0x000000fc54900000,0x000000fc54a00000) (1024K)]
  0x0000026b6ddf2bd0 JavaThread "jar transforms Thread 3"           [_thread_blocked, id=16280, stack(0x000000fc54a00000,0x000000fc54b00000) (1024K)]
  0x0000026b6ddf0b00 JavaThread "Unconstrained build operations"        [_thread_blocked, id=29556, stack(0x000000fc54b00000,0x000000fc54c00000) (1024K)]
  0x0000026b6ddf1eb0 JavaThread "Unconstrained build operations Thread 2"        [_thread_blocked, id=10804, stack(0x000000fc54c00000,0x000000fc54d00000) (1024K)]
  0x0000026b6ddf2540 JavaThread "Unconstrained build operations Thread 3"        [_thread_blocked, id=4696, stack(0x000000fc54d00000,0x000000fc54e00000) (1024K)]
  0x0000026b6ddf3260 JavaThread "Unconstrained build operations Thread 4"        [_thread_blocked, id=1792, stack(0x000000fc54e00000,0x000000fc54f00000) (1024K)]
  0x0000026b6f1ee060 JavaThread "Unconstrained build operations Thread 5"        [_thread_blocked, id=30872, stack(0x000000fc54f00000,0x000000fc55000000) (1024K)]
  0x0000026b6f1ee6f0 JavaThread "Unconstrained build operations Thread 6"        [_thread_blocked, id=34804, stack(0x000000fc55000000,0x000000fc55100000) (1024K)]
  0x0000026b6f1eed80 JavaThread "Unconstrained build operations Thread 7"        [_thread_blocked, id=28752, stack(0x000000fc55100000,0x000000fc55200000) (1024K)]
  0x0000026b6f1ef410 JavaThread "Unconstrained build operations Thread 8"        [_thread_blocked, id=27208, stack(0x000000fc55200000,0x000000fc55300000) (1024K)]
  0x0000026b6f1efaa0 JavaThread "Unconstrained build operations Thread 9"        [_thread_blocked, id=19188, stack(0x000000fc55300000,0x000000fc55400000) (1024K)]
  0x0000026b6f1ec620 JavaThread "Unconstrained build operations Thread 10"        [_thread_blocked, id=26428, stack(0x000000fc55400000,0x000000fc55500000) (1024K)]
  0x0000026b6f1ed340 JavaThread "Unconstrained build operations Thread 11"        [_thread_blocked, id=30952, stack(0x000000fc55500000,0x000000fc55600000) (1024K)]
  0x0000026b6f1f0130 JavaThread "Unconstrained build operations Thread 12"        [_thread_blocked, id=9240, stack(0x000000fc55600000,0x000000fc55700000) (1024K)]
  0x0000026b6f1ed9d0 JavaThread "Unconstrained build operations Thread 13"        [_thread_blocked, id=25784, stack(0x000000fc55700000,0x000000fc55800000) (1024K)]
  0x0000026b6f1eccb0 JavaThread "Unconstrained build operations Thread 14"        [_thread_blocked, id=16996, stack(0x000000fc55800000,0x000000fc55900000) (1024K)]
  0x0000026b6f1f07c0 JavaThread "Unconstrained build operations Thread 15"        [_thread_blocked, id=33044, stack(0x000000fc55900000,0x000000fc55a00000) (1024K)]
  0x0000026b6f1f0e50 JavaThread "Unconstrained build operations Thread 16"        [_thread_blocked, id=8232, stack(0x000000fc55a00000,0x000000fc55b00000) (1024K)]
  0x0000026b6f1f14e0 JavaThread "Unconstrained build operations Thread 17"        [_thread_blocked, id=32184, stack(0x000000fc55b00000,0x000000fc55c00000) (1024K)]
  0x0000026b6f1f2890 JavaThread "Unconstrained build operations Thread 18"        [_thread_blocked, id=31140, stack(0x000000fc55c00000,0x000000fc55d00000) (1024K)]
  0x0000026b6f1f35b0 JavaThread "Unconstrained build operations Thread 19"        [_thread_blocked, id=19448, stack(0x000000fc55d00000,0x000000fc55e00000) (1024K)]
  0x0000026b6f1f2200 JavaThread "Unconstrained build operations Thread 20"        [_thread_blocked, id=21052, stack(0x000000fc55e00000,0x000000fc55f00000) (1024K)]
  0x0000026b6f1f2f20 JavaThread "Unconstrained build operations Thread 21"        [_thread_blocked, id=30672, stack(0x000000fc55f00000,0x000000fc56000000) (1024K)]
  0x0000026b6f1f1b70 JavaThread "Unconstrained build operations Thread 22"        [_thread_blocked, id=29156, stack(0x000000fc56000000,0x000000fc56100000) (1024K)]
  0x0000026b6f1f3c40 JavaThread "Unconstrained build operations Thread 23"        [_thread_blocked, id=21076, stack(0x000000fc56100000,0x000000fc56200000) (1024K)]
  0x0000026b6e5c0a80 JavaThread "Unconstrained build operations Thread 24"        [_thread_blocked, id=16208, stack(0x000000fc56200000,0x000000fc56300000) (1024K)]
  0x0000026b6e5bf6d0 JavaThread "Unconstrained build operations Thread 25"        [_thread_blocked, id=24840, stack(0x000000fc56300000,0x000000fc56400000) (1024K)]
  0x0000026b6e5bf040 JavaThread "Unconstrained build operations Thread 26"        [_thread_blocked, id=31708, stack(0x000000fc56400000,0x000000fc56500000) (1024K)]
  0x0000026b6e5c24c0 JavaThread "Unconstrained build operations Thread 27"        [_thread_blocked, id=24324, stack(0x000000fc56500000,0x000000fc56600000) (1024K)]
  0x0000026b6e5c2b50 JavaThread "Unconstrained build operations Thread 28"        [_thread_blocked, id=31260, stack(0x000000fc56600000,0x000000fc56700000) (1024K)]
  0x0000026b6e5c1110 JavaThread "Unconstrained build operations Thread 29"        [_thread_blocked, id=32088, stack(0x000000fc56700000,0x000000fc56800000) (1024K)]
  0x0000026b6e5c17a0 JavaThread "Unconstrained build operations Thread 30"        [_thread_blocked, id=9316, stack(0x000000fc56800000,0x000000fc56900000) (1024K)]
  0x0000026b6e5c1e30 JavaThread "Unconstrained build operations Thread 31"        [_thread_blocked, id=18016, stack(0x000000fc56900000,0x000000fc56a00000) (1024K)]
  0x0000026b6e5c31e0 JavaThread "Unconstrained build operations Thread 32"        [_thread_blocked, id=20484, stack(0x000000fc56a00000,0x000000fc56b00000) (1024K)]
  0x0000026b6e5bfd60 JavaThread "Unconstrained build operations Thread 33"        [_thread_blocked, id=28036, stack(0x000000fc56b00000,0x000000fc56c00000) (1024K)]
  0x0000026b6e5c3f00 JavaThread "jar transforms Thread 4"           [_thread_blocked, id=29144, stack(0x000000fc56c00000,0x000000fc56d00000) (1024K)]
  0x0000026b6e5c52b0 JavaThread "jar transforms Thread 5"           [_thread_blocked, id=18184, stack(0x000000fc56d00000,0x000000fc56e00000) (1024K)]
  0x0000026b6e5c5fd0 JavaThread "Memory manager"                    [_thread_blocked, id=11548, stack(0x000000fc56e00000,0x000000fc56f00000) (1024K)]
  0x0000026b6e5c4c20 JavaThread "jar transforms Thread 6"           [_thread_blocked, id=19352, stack(0x000000fc56f00000,0x000000fc57000000) (1024K)]
  0x0000026b6fda28f0 JavaThread "Problems report writer"            [_thread_blocked, id=28864, stack(0x000000fc57000000,0x000000fc57100000) (1024K)]
  0x0000026b6fda5050 JavaThread "included builds"                   [_thread_in_native, id=24788, stack(0x000000fc57100000,0x000000fc57200000) (1024K)]
  0x0000026b6fda5d70 JavaThread "Execution worker"                  [_thread_blocked, id=5512, stack(0x000000fc57200000,0x000000fc57300000) (1024K)]
  0x0000026b6fda2f80 JavaThread "Execution worker Thread 2"         [_thread_blocked, id=4800, stack(0x000000fc57300000,0x000000fc57400000) (1024K)]
  0x0000026b6fda6a90 JavaThread "Execution worker Thread 3"         [_thread_blocked, id=24104, stack(0x000000fc57400000,0x000000fc57500000) (1024K)]
  0x0000026b6fda7120 JavaThread "Execution worker Thread 4"         [_thread_blocked, id=31600, stack(0x000000fc57500000,0x000000fc57600000) (1024K)]
  0x0000026b70456920 JavaThread "Execution worker Thread 5"         [_thread_blocked, id=28664, stack(0x000000fc57600000,0x000000fc57700000) (1024K)]
  0x0000026b70456290 JavaThread "Execution worker Thread 6"         [_thread_blocked, id=32424, stack(0x000000fc57700000,0x000000fc57800000) (1024K)]
  0x0000026b70453b30 JavaThread "Execution worker Thread 7"         [_thread_blocked, id=27672, stack(0x000000fc57800000,0x000000fc57900000) (1024K)]
  0x0000026b70455c00 JavaThread "Execution worker Thread 8"         [_thread_blocked, id=30684, stack(0x000000fc57900000,0x000000fc57a00000) (1024K)]
  0x0000026b704541c0 JavaThread "Execution worker Thread 9"         [_thread_blocked, id=29216, stack(0x000000fc57a00000,0x000000fc57b00000) (1024K)]
  0x0000026b70456fb0 JavaThread "Execution worker Thread 10"        [_thread_blocked, id=27116, stack(0x000000fc57b00000,0x000000fc57c00000) (1024K)]
  0x0000026b70457640 JavaThread "Execution worker Thread 11"        [_thread_blocked, id=28828, stack(0x000000fc57c00000,0x000000fc57d00000) (1024K)]
  0x0000026b70454ee0 JavaThread "Cache worker for execution history cache (C:\QRAsistencia\.gradle\8.13\executionHistory)"        [_thread_blocked, id=22800, stack(0x000000fc57d00000,0x000000fc57e00000) (1024K)]
  0x0000026b70457cd0 JavaThread "Unconstrained build operations Thread 34"        [_thread_blocked, id=34060, stack(0x000000fc57e00000,0x000000fc57f00000) (1024K)]
  0x0000026b70454850 JavaThread "Unconstrained build operations Thread 35"        [_thread_blocked, id=20860, stack(0x000000fc57f00000,0x000000fc58000000) (1024K)]
  0x0000026b704589f0 JavaThread "Unconstrained build operations Thread 36"        [_thread_blocked, id=9916, stack(0x000000fc58000000,0x000000fc58100000) (1024K)]
  0x0000026b70455570 JavaThread "Unconstrained build operations Thread 37"        [_thread_blocked, id=32764, stack(0x000000fc58100000,0x000000fc58200000) (1024K)]
  0x0000026b70459da0 JavaThread "Unconstrained build operations Thread 38"        [_thread_blocked, id=6936, stack(0x000000fc58200000,0x000000fc58300000) (1024K)]
  0x0000026b70459080 JavaThread "Unconstrained build operations Thread 39"        [_thread_blocked, id=7072, stack(0x000000fc58300000,0x000000fc58400000) (1024K)]
  0x0000026b70459710 JavaThread "Unconstrained build operations Thread 40"        [_thread_blocked, id=18940, stack(0x000000fc58400000,0x000000fc58500000) (1024K)]
  0x0000026b7045a430 JavaThread "Unconstrained build operations Thread 41"        [_thread_blocked, id=25704, stack(0x000000fc58500000,0x000000fc58600000) (1024K)]
  0x0000026b7045aac0 JavaThread "Unconstrained build operations Thread 42"        [_thread_blocked, id=6372, stack(0x000000fc58600000,0x000000fc58700000) (1024K)]
  0x0000026b7045b150 JavaThread "Unconstrained build operations Thread 43"        [_thread_blocked, id=9768, stack(0x000000fc58700000,0x000000fc58800000) (1024K)]
  0x0000026b6c16ba20 JavaThread "Unconstrained build operations Thread 44"        [_thread_blocked, id=31720, stack(0x000000fc58800000,0x000000fc58900000) (1024K)]
  0x0000026b6c16c0b0 JavaThread "Unconstrained build operations Thread 45"        [_thread_blocked, id=26856, stack(0x000000fc58900000,0x000000fc58a00000) (1024K)]
  0x0000026b6c16ad00 JavaThread "Unconstrained build operations Thread 46"        [_thread_blocked, id=26556, stack(0x000000fc58a00000,0x000000fc58b00000) (1024K)]
  0x0000026b6c16cdd0 JavaThread "Unconstrained build operations Thread 47"        [_thread_blocked, id=34752, stack(0x000000fc58b00000,0x000000fc58c00000) (1024K)]
  0x0000026b6c169950 JavaThread "Unconstrained build operations Thread 48"        [_thread_blocked, id=28980, stack(0x000000fc58c00000,0x000000fc58d00000) (1024K)]
  0x0000026b6c16b390 JavaThread "Unconstrained build operations Thread 49"        [_thread_blocked, id=34496, stack(0x000000fc58d00000,0x000000fc58e00000) (1024K)]
  0x0000026b6c16c740 JavaThread "Unconstrained build operations Thread 50"        [_thread_blocked, id=32488, stack(0x000000fc58e00000,0x000000fc58f00000) (1024K)]
  0x0000026b6c16d460 JavaThread "Unconstrained build operations Thread 51"        [_thread_blocked, id=16804, stack(0x000000fc58f00000,0x000000fc59000000) (1024K)]
  0x0000026b6c169fe0 JavaThread "Unconstrained build operations Thread 52"        [_thread_blocked, id=3784, stack(0x000000fc59000000,0x000000fc59100000) (1024K)]
  0x0000026b6c16daf0 JavaThread "Unconstrained build operations Thread 53"        [_thread_blocked, id=22200, stack(0x000000fc59100000,0x000000fc59200000) (1024K)]
  0x0000026b6c16a670 JavaThread "Unconstrained build operations Thread 54"        [_thread_blocked, id=34556, stack(0x000000fc59200000,0x000000fc59300000) (1024K)]
  0x0000026b6c170250 JavaThread "Unconstrained build operations Thread 55"        [_thread_blocked, id=18752, stack(0x000000fc59300000,0x000000fc59400000) (1024K)]
  0x0000026b6c16e180 JavaThread "Unconstrained build operations Thread 56"        [_thread_blocked, id=30244, stack(0x000000fc59400000,0x000000fc59500000) (1024K)]
  0x0000026b6c16e810 JavaThread "Unconstrained build operations Thread 57"        [_thread_blocked, id=12592, stack(0x000000fc59500000,0x000000fc59600000) (1024K)]
  0x0000026b6c16eea0 JavaThread "Unconstrained build operations Thread 58"        [_thread_blocked, id=29936, stack(0x000000fc59600000,0x000000fc59700000) (1024K)]
  0x0000026b6c16fbc0 JavaThread "Unconstrained build operations Thread 59"        [_thread_blocked, id=32172, stack(0x000000fc59700000,0x000000fc59800000) (1024K)]
  0x0000026b6c16f530 JavaThread "Unconstrained build operations Thread 60"        [_thread_blocked, id=6636, stack(0x000000fc59800000,0x000000fc59900000) (1024K)]
  0x0000026b6c1708e0 JavaThread "Unconstrained build operations Thread 61"        [_thread_blocked, id=21572, stack(0x000000fc59900000,0x000000fc59a00000) (1024K)]
  0x0000026b6c170f70 JavaThread "Unconstrained build operations Thread 62"        [_thread_blocked, id=34220, stack(0x000000fc59a00000,0x000000fc59b00000) (1024K)]
  0x0000026b6c5e56d0 JavaThread "Unconstrained build operations Thread 63"        [_thread_blocked, id=16736, stack(0x000000fc59b00000,0x000000fc59c00000) (1024K)]
  0x0000026b6c5e5040 JavaThread "Unconstrained build operations Thread 64"        [_thread_blocked, id=7472, stack(0x000000fc59c00000,0x000000fc59d00000) (1024K)]
  0x0000026b6c5e77a0 JavaThread "Unconstrained build operations Thread 65"        [_thread_blocked, id=17376, stack(0x000000fc59d00000,0x000000fc59e00000) (1024K)]
  0x0000026b6c5e7e30 JavaThread "Unconstrained build operations Thread 66"        [_thread_blocked, id=31692, stack(0x000000fc59e00000,0x000000fc59f00000) (1024K)]
  0x0000026b6c5e49b0 JavaThread "Unconstrained build operations Thread 67"        [_thread_blocked, id=13820, stack(0x000000fc59f00000,0x000000fc5a000000) (1024K)]
  0x0000026b6c5e5d60 JavaThread "Unconstrained build operations Thread 68"        [_thread_blocked, id=25536, stack(0x000000fc5a000000,0x000000fc5a100000) (1024K)]
  0x0000026b6d25f270 JavaThread "C2 CompilerThread1"         daemon [_thread_in_native, id=29928, stack(0x000000fc52a00000,0x000000fc52b00000) (1024K)]
Total: 122

Other Threads:
  0x0000026b6480bdb0 VMThread "VM Thread"                           [id=29712, stack(0x000000fc51c00000,0x000000fc51d00000) (1024K)]
  0x0000026b647fda60 WatcherThread "VM Periodic Task Thread"        [id=8840, stack(0x000000fc51b00000,0x000000fc51c00000) (1024K)]
  0x0000026b45ac2d50 WorkerThread "GC Thread#0"                     [id=20252, stack(0x000000fc51600000,0x000000fc51700000) (1024K)]
  0x0000026b64c75c70 WorkerThread "GC Thread#1"                     [id=24216, stack(0x000000fc52700000,0x000000fc52800000) (1024K)]
  0x0000026b691e5370 WorkerThread "GC Thread#2"                     [id=29656, stack(0x000000fc52800000,0x000000fc52900000) (1024K)]
  0x0000026b691e5b20 WorkerThread "GC Thread#3"                     [id=10940, stack(0x000000fc52900000,0x000000fc52a00000) (1024K)]
  0x0000026b69939250 WorkerThread "GC Thread#4"                     [id=4568, stack(0x000000fc52b00000,0x000000fc52c00000) (1024K)]
  0x0000026b6a77f650 WorkerThread "GC Thread#5"                     [id=20756, stack(0x000000fc52c00000,0x000000fc52d00000) (1024K)]
  0x0000026b6a43f680 WorkerThread "GC Thread#6"                     [id=12460, stack(0x000000fc52d00000,0x000000fc52e00000) (1024K)]
  0x0000026b699f8ba0 WorkerThread "GC Thread#7"                     [id=26980, stack(0x000000fc52e00000,0x000000fc52f00000) (1024K)]
  0x0000026b699f8f40 WorkerThread "GC Thread#8"                     [id=824, stack(0x000000fc52f00000,0x000000fc53000000) (1024K)]
  0x0000026b6aa5a500 WorkerThread "GC Thread#9"                     [id=4904, stack(0x000000fc53d00000,0x000000fc53e00000) (1024K)]
  0x0000026b45ad4ac0 ConcurrentGCThread "G1 Main Marker"            [id=23272, stack(0x000000fc51700000,0x000000fc51800000) (1024K)]
  0x0000026b45ad54d0 WorkerThread "G1 Conc#0"                       [id=32308, stack(0x000000fc51800000,0x000000fc51900000) (1024K)]
  0x0000026b6aa59680 WorkerThread "G1 Conc#1"                       [id=9044, stack(0x000000fc53e00000,0x000000fc53f00000) (1024K)]
  0x0000026b6aa592e0 WorkerThread "G1 Conc#2"                       [id=1276, stack(0x000000fc53f00000,0x000000fc54000000) (1024K)]
  0x0000026b45b2e430 ConcurrentGCThread "G1 Refine#0"               [id=22116, stack(0x000000fc51900000,0x000000fc51a00000) (1024K)]
  0x0000026b646d0170 ConcurrentGCThread "G1 Service"                [id=13620, stack(0x000000fc51a00000,0x000000fc51b00000) (1024K)]
Total: 18

Threads with active compile tasks:
C2 CompilerThread0    17053 13056 % !   4       com.android.ide.common.resources.DataMerger::mergeData @ 247 (611 bytes)
C2 CompilerThread1    17053 13301       4       com.android.utils.XmlUtils::append (597 bytes)
Total: 2

VM state: not at safepoint (normal execution)

VM Mutex/Monitor currently owned by a thread: None

Heap address: 0x0000000080000000, size: 2048 MB, Compressed Oops mode: 32-bit

CDS archive(s) mapped at: [0x0000026b00000000-0x0000026b00c90000-0x0000026b00c90000), size 13172736, SharedBaseAddress: 0x0000026b00000000, ArchiveRelocationMode: 1.
Compressed class space mapped at: 0x0000026b01000000-0x0000026b41000000, reserved size: 1073741824
Narrow klass base: 0x0000026b00000000, Narrow klass shift: 0, Narrow klass range: 0x100000000

GC Precious Log:
 CardTable entry size: 512
 Card Set container configuration: InlinePtr #cards 5 size 8 Array Of Cards #cards 12 size 40 Howl #buckets 4 coarsen threshold 1843 Howl Bitmap #cards 512 size 80 coarsen threshold 460 Card regions per heap region 1 cards per card region 2048
 CPUs: 12 total, 12 available
 Memory: 7439M
 Large Page Support: Disabled
 NUMA Support: Disabled
 Compressed Oops: Enabled (32-bit)
 Heap Region Size: 1M
 Heap Min Capacity: 8M
 Heap Initial Capacity: 118M
 Heap Max Capacity: 2G
 Pre-touch: Disabled
 Parallel Workers: 10
 Concurrent Workers: 3
 Concurrent Refinement Workers: 10
 Periodic GC: Disabled

Heap:
 garbage-first heap   total 196608K, used 165161K [0x0000000080000000, 0x0000000100000000)
  region size 1024K, 47 young (48128K), 8 survivors (8192K)
 Metaspace       used 95191K, committed 97472K, reserved 1179648K
  class space    used 13013K, committed 14144K, reserved 1048576K

Heap Regions: E=young(eden), S=young(survivor), O=old, HS=humongous(starts), HC=humongous(continues), CS=collection set, F=free, TAMS=top-at-mark-start, PB=parsable bottom
|   0|0x0000000080000000, 0x0000000080100000, 0x0000000080100000|100%|HS|  |TAMS 0x0000000080000000| PB 0x0000000080000000| Complete 
|   1|0x0000000080100000, 0x0000000080200000, 0x0000000080200000|100%|HC|  |TAMS 0x0000000080100000| PB 0x0000000080100000| Complete 
|   2|0x0000000080200000, 0x0000000080300000, 0x0000000080300000|100%|HC|  |TAMS 0x0000000080200000| PB 0x0000000080200000| Complete 
|   3|0x0000000080300000, 0x0000000080400000, 0x0000000080400000|100%| O|  |TAMS 0x0000000080300000| PB 0x0000000080300000| Untracked 
|   4|0x0000000080400000, 0x0000000080500000, 0x0000000080500000|100%| O|  |TAMS 0x0000000080400000| PB 0x0000000080400000| Untracked 
|   5|0x0000000080500000, 0x0000000080600000, 0x0000000080600000|100%| O|  |TAMS 0x0000000080500000| PB 0x0000000080500000| Untracked 
|   6|0x0000000080600000, 0x0000000080700000, 0x0000000080700000|100%|HS|  |TAMS 0x0000000080600000| PB 0x0000000080600000| Complete 
|   7|0x0000000080700000, 0x0000000080800000, 0x0000000080800000|100%| O|  |TAMS 0x0000000080700000| PB 0x0000000080700000| Untracked 
|   8|0x0000000080800000, 0x0000000080900000, 0x0000000080900000|100%| O|  |TAMS 0x0000000080800000| PB 0x0000000080800000| Untracked 
|   9|0x0000000080900000, 0x0000000080a00000, 0x0000000080a00000|100%| O|  |TAMS 0x0000000080900000| PB 0x0000000080900000| Untracked 
|  10|0x0000000080a00000, 0x0000000080b00000, 0x0000000080b00000|100%| O|  |TAMS 0x0000000080a00000| PB 0x0000000080a00000| Untracked 
|  11|0x0000000080b00000, 0x0000000080c00000, 0x0000000080c00000|100%| O|  |TAMS 0x0000000080b00000| PB 0x0000000080b00000| Untracked 
|  12|0x0000000080c00000, 0x0000000080d00000, 0x0000000080d00000|100%| O|  |TAMS 0x0000000080c00000| PB 0x0000000080c00000| Untracked 
|  13|0x0000000080d00000, 0x0000000080e00000, 0x0000000080e00000|100%| O|  |TAMS 0x0000000080d00000| PB 0x0000000080d00000| Untracked 
|  14|0x0000000080e00000, 0x0000000080f00000, 0x0000000080f00000|100%| O|  |TAMS 0x0000000080e00000| PB 0x0000000080e00000| Untracked 
|  15|0x0000000080f00000, 0x0000000081000000, 0x0000000081000000|100%| O|  |TAMS 0x0000000080f00000| PB 0x0000000080f00000| Untracked 
|  16|0x0000000081000000, 0x0000000081100000, 0x0000000081100000|100%| O|  |TAMS 0x0000000081000000| PB 0x0000000081000000| Untracked 
|  17|0x0000000081100000, 0x0000000081200000, 0x0000000081200000|100%| O|  |TAMS 0x0000000081100000| PB 0x0000000081100000| Untracked 
|  18|0x0000000081200000, 0x0000000081300000, 0x0000000081300000|100%| O|  |TAMS 0x0000000081200000| PB 0x0000000081200000| Untracked 
|  19|0x0000000081300000, 0x0000000081400000, 0x0000000081400000|100%| O|  |TAMS 0x0000000081300000| PB 0x0000000081300000| Untracked 
|  20|0x0000000081400000, 0x0000000081500000, 0x0000000081500000|100%| O|  |TAMS 0x0000000081400000| PB 0x0000000081400000| Untracked 
|  21|0x0000000081500000, 0x0000000081600000, 0x0000000081600000|100%| O|  |TAMS 0x0000000081500000| PB 0x0000000081500000| Untracked 
|  22|0x0000000081600000, 0x0000000081700000, 0x0000000081700000|100%| O|  |TAMS 0x0000000081600000| PB 0x0000000081600000| Untracked 
|  23|0x0000000081700000, 0x0000000081800000, 0x0000000081800000|100%| O|  |TAMS 0x0000000081700000| PB 0x0000000081700000| Untracked 
|  24|0x0000000081800000, 0x0000000081900000, 0x0000000081900000|100%| O|  |TAMS 0x0000000081800000| PB 0x0000000081800000| Untracked 
|  25|0x0000000081900000, 0x0000000081a00000, 0x0000000081a00000|100%| O|  |TAMS 0x0000000081900000| PB 0x0000000081900000| Untracked 
|  26|0x0000000081a00000, 0x0000000081b00000, 0x0000000081b00000|100%| O|  |TAMS 0x0000000081a00000| PB 0x0000000081a00000| Untracked 
|  27|0x0000000081b00000, 0x0000000081c00000, 0x0000000081c00000|100%| O|  |TAMS 0x0000000081b00000| PB 0x0000000081b00000| Untracked 
|  28|0x0000000081c00000, 0x0000000081d00000, 0x0000000081d00000|100%| O|  |TAMS 0x0000000081c00000| PB 0x0000000081c00000| Untracked 
|  29|0x0000000081d00000, 0x0000000081e00000, 0x0000000081e00000|100%| O|  |TAMS 0x0000000081d00000| PB 0x0000000081d00000| Untracked 
|  30|0x0000000081e00000, 0x0000000081f00000, 0x0000000081f00000|100%| O|  |TAMS 0x0000000081e00000| PB 0x0000000081e00000| Untracked 
|  31|0x0000000081f00000, 0x0000000082000000, 0x0000000082000000|100%| O|  |TAMS 0x0000000081f00000| PB 0x0000000081f00000| Untracked 
|  32|0x0000000082000000, 0x0000000082100000, 0x0000000082100000|100%| O|  |TAMS 0x0000000082000000| PB 0x0000000082000000| Untracked 
|  33|0x0000000082100000, 0x0000000082200000, 0x0000000082200000|100%| O|  |TAMS 0x0000000082100000| PB 0x0000000082100000| Untracked 
|  34|0x0000000082200000, 0x0000000082300000, 0x0000000082300000|100%| O|  |TAMS 0x0000000082200000| PB 0x0000000082200000| Untracked 
|  35|0x0000000082300000, 0x0000000082400000, 0x0000000082400000|100%| O|  |TAMS 0x0000000082300000| PB 0x0000000082300000| Untracked 
|  36|0x0000000082400000, 0x0000000082500000, 0x0000000082500000|100%| O|  |TAMS 0x0000000082400000| PB 0x0000000082400000| Untracked 
|  37|0x0000000082500000, 0x0000000082600000, 0x0000000082600000|100%| O|  |TAMS 0x0000000082500000| PB 0x0000000082500000| Untracked 
|  38|0x0000000082600000, 0x0000000082700000, 0x0000000082700000|100%| O|  |TAMS 0x0000000082600000| PB 0x0000000082600000| Untracked 
|  39|0x0000000082700000, 0x0000000082800000, 0x0000000082800000|100%| O|  |TAMS 0x0000000082700000| PB 0x0000000082700000| Untracked 
|  40|0x0000000082800000, 0x0000000082900000, 0x0000000082900000|100%| O|  |TAMS 0x0000000082800000| PB 0x0000000082800000| Untracked 
|  41|0x0000000082900000, 0x0000000082a00000, 0x0000000082a00000|100%| O|  |TAMS 0x0000000082900000| PB 0x0000000082900000| Untracked 
|  42|0x0000000082a00000, 0x0000000082b00000, 0x0000000082b00000|100%| O|  |TAMS 0x0000000082a00000| PB 0x0000000082a00000| Untracked 
|  43|0x0000000082b00000, 0x0000000082c00000, 0x0000000082c00000|100%| O|  |TAMS 0x0000000082b00000| PB 0x0000000082b00000| Untracked 
|  44|0x0000000082c00000, 0x0000000082d00000, 0x0000000082d00000|100%| O|  |TAMS 0x0000000082c00000| PB 0x0000000082c00000| Untracked 
|  45|0x0000000082d00000, 0x0000000082e00000, 0x0000000082e00000|100%| O|  |TAMS 0x0000000082d00000| PB 0x0000000082d00000| Untracked 
|  46|0x0000000082e00000, 0x0000000082f00000, 0x0000000082f00000|100%|HS|  |TAMS 0x0000000082e00000| PB 0x0000000082e00000| Complete 
|  47|0x0000000082f00000, 0x0000000083000000, 0x0000000083000000|100%|HS|  |TAMS 0x0000000082f00000| PB 0x0000000082f00000| Complete 
|  48|0x0000000083000000, 0x0000000083100000, 0x0000000083100000|100%|HS|  |TAMS 0x0000000083000000| PB 0x0000000083000000| Complete 
|  49|0x0000000083100000, 0x0000000083200000, 0x0000000083200000|100%|HS|  |TAMS 0x0000000083100000| PB 0x0000000083100000| Complete 
|  50|0x0000000083200000, 0x0000000083300000, 0x0000000083300000|100%| O|  |TAMS 0x0000000083200000| PB 0x0000000083200000| Untracked 
|  51|0x0000000083300000, 0x0000000083400000, 0x0000000083400000|100%|HS|  |TAMS 0x0000000083300000| PB 0x0000000083300000| Complete 
|  52|0x0000000083400000, 0x0000000083500000, 0x0000000083500000|100%|HS|  |TAMS 0x0000000083400000| PB 0x0000000083400000| Complete 
|  53|0x0000000083500000, 0x0000000083600000, 0x0000000083600000|100%| O|  |TAMS 0x0000000083500000| PB 0x0000000083500000| Untracked 
|  54|0x0000000083600000, 0x0000000083700000, 0x0000000083700000|100%| O|  |TAMS 0x0000000083600000| PB 0x0000000083600000| Untracked 
|  55|0x0000000083700000, 0x0000000083800000, 0x0000000083800000|100%| O|  |TAMS 0x0000000083700000| PB 0x0000000083700000| Untracked 
|  56|0x0000000083800000, 0x0000000083900000, 0x0000000083900000|100%| O|  |TAMS 0x0000000083800000| PB 0x0000000083800000| Untracked 
|  57|0x0000000083900000, 0x0000000083a00000, 0x0000000083a00000|100%| O|  |TAMS 0x0000000083900000| PB 0x0000000083900000| Untracked 
|  58|0x0000000083a00000, 0x0000000083b00000, 0x0000000083b00000|100%| O|  |TAMS 0x0000000083a00000| PB 0x0000000083a00000| Untracked 
|  59|0x0000000083b00000, 0x0000000083c00000, 0x0000000083c00000|100%| O|  |TAMS 0x0000000083b00000| PB 0x0000000083b00000| Untracked 
|  60|0x0000000083c00000, 0x0000000083d00000, 0x0000000083d00000|100%| O|  |TAMS 0x0000000083c00000| PB 0x0000000083c00000| Untracked 
|  61|0x0000000083d00000, 0x0000000083e00000, 0x0000000083e00000|100%|HS|  |TAMS 0x0000000083d00000| PB 0x0000000083d00000| Complete 
|  62|0x0000000083e00000, 0x0000000083f00000, 0x0000000083f00000|100%| O|  |TAMS 0x0000000083e00000| PB 0x0000000083e00000| Untracked 
|  63|0x0000000083f00000, 0x0000000084000000, 0x0000000084000000|100%| O|  |TAMS 0x0000000083f00000| PB 0x0000000083f00000| Untracked 
|  64|0x0000000084000000, 0x0000000084100000, 0x0000000084100000|100%| O|  |TAMS 0x0000000084000000| PB 0x0000000084000000| Untracked 
|  65|0x0000000084100000, 0x0000000084200000, 0x0000000084200000|100%| O|  |TAMS 0x0000000084100000| PB 0x0000000084100000| Untracked 
|  66|0x0000000084200000, 0x0000000084300000, 0x0000000084300000|100%| O|  |TAMS 0x0000000084200000| PB 0x0000000084200000| Untracked 
|  67|0x0000000084300000, 0x0000000084400000, 0x0000000084400000|100%| O|  |TAMS 0x0000000084300000| PB 0x0000000084300000| Untracked 
|  68|0x0000000084400000, 0x0000000084500000, 0x0000000084500000|100%| O|  |TAMS 0x0000000084400000| PB 0x0000000084400000| Untracked 
|  69|0x0000000084500000, 0x0000000084600000, 0x0000000084600000|100%| O|  |TAMS 0x0000000084500000| PB 0x0000000084500000| Untracked 
|  70|0x0000000084600000, 0x0000000084700000, 0x0000000084700000|100%| O|  |TAMS 0x0000000084600000| PB 0x0000000084600000| Untracked 
|  71|0x0000000084700000, 0x0000000084800000, 0x0000000084800000|100%| O|Cm|TAMS 0x0000000084700000| PB 0x0000000084700000| Complete 
|  72|0x0000000084800000, 0x0000000084900000, 0x0000000084900000|100%| O|  |TAMS 0x0000000084800000| PB 0x0000000084800000| Untracked 
|  73|0x0000000084900000, 0x0000000084a00000, 0x0000000084a00000|100%| O|Cm|TAMS 0x0000000084900000| PB 0x0000000084900000| Complete 
|  74|0x0000000084a00000, 0x0000000084b00000, 0x0000000084b00000|100%| O|  |TAMS 0x0000000084a00000| PB 0x0000000084a00000| Untracked 
|  75|0x0000000084b00000, 0x0000000084c00000, 0x0000000084c00000|100%| O|  |TAMS 0x0000000084b00000| PB 0x0000000084b00000| Untracked 
|  76|0x0000000084c00000, 0x0000000084d00000, 0x0000000084d00000|100%| O|  |TAMS 0x0000000084c00000| PB 0x0000000084c00000| Untracked 
|  77|0x0000000084d00000, 0x0000000084e00000, 0x0000000084e00000|100%| O|  |TAMS 0x0000000084d00000| PB 0x0000000084d00000| Untracked 
|  78|0x0000000084e00000, 0x0000000084f00000, 0x0000000084f00000|100%| O|  |TAMS 0x0000000084e00000| PB 0x0000000084e00000| Untracked 
|  79|0x0000000084f00000, 0x0000000085000000, 0x0000000085000000|100%| O|  |TAMS 0x0000000084f00000| PB 0x0000000084f00000| Untracked 
|  80|0x0000000085000000, 0x0000000085100000, 0x0000000085100000|100%| O|  |TAMS 0x0000000085000000| PB 0x0000000085000000| Untracked 
|  81|0x0000000085100000, 0x0000000085200000, 0x0000000085200000|100%|HS|  |TAMS 0x0000000085100000| PB 0x0000000085100000| Complete 
|  82|0x0000000085200000, 0x0000000085200000, 0x0000000085300000|  0%| F|  |TAMS 0x0000000085200000| PB 0x0000000085200000| Untracked 
|  83|0x0000000085300000, 0x0000000085400000, 0x0000000085400000|100%| O|  |TAMS 0x0000000085300000| PB 0x0000000085300000| Untracked 
|  84|0x0000000085400000, 0x0000000085500000, 0x0000000085500000|100%| O|  |TAMS 0x0000000085400000| PB 0x0000000085400000| Untracked 
|  85|0x0000000085500000, 0x0000000085600000, 0x0000000085600000|100%| O|  |TAMS 0x0000000085500000| PB 0x0000000085500000| Untracked 
|  86|0x0000000085600000, 0x0000000085700000, 0x0000000085700000|100%| O|  |TAMS 0x0000000085600000| PB 0x0000000085600000| Untracked 
|  87|0x0000000085700000, 0x0000000085800000, 0x0000000085800000|100%| O|  |TAMS 0x0000000085700000| PB 0x0000000085700000| Untracked 
|  88|0x0000000085800000, 0x0000000085900000, 0x0000000085900000|100%|HS|  |TAMS 0x0000000085800000| PB 0x0000000085800000| Complete 
|  89|0x0000000085900000, 0x0000000085a00000, 0x0000000085a00000|100%|HC|  |TAMS 0x0000000085900000| PB 0x0000000085900000| Complete 
|  90|0x0000000085a00000, 0x0000000085b00000, 0x0000000085b00000|100%|HS|  |TAMS 0x0000000085a00000| PB 0x0000000085a00000| Complete 
|  91|0x0000000085b00000, 0x0000000085c00000, 0x0000000085c00000|100%|HC|  |TAMS 0x0000000085b00000| PB 0x0000000085b00000| Complete 
|  92|0x0000000085c00000, 0x0000000085d00000, 0x0000000085d00000|100%|HS|  |TAMS 0x0000000085c00000| PB 0x0000000085c00000| Complete 
|  93|0x0000000085d00000, 0x0000000085e00000, 0x0000000085e00000|100%|HC|  |TAMS 0x0000000085d00000| PB 0x0000000085d00000| Complete 
|  94|0x0000000085e00000, 0x0000000085e00000, 0x0000000085f00000|  0%| F|  |TAMS 0x0000000085e00000| PB 0x0000000085e00000| Untracked 
|  95|0x0000000085f00000, 0x0000000085f00000, 0x0000000086000000|  0%| F|  |TAMS 0x0000000085f00000| PB 0x0000000085f00000| Untracked 
|  96|0x0000000086000000, 0x0000000086000000, 0x0000000086100000|  0%| F|  |TAMS 0x0000000086000000| PB 0x0000000086000000| Untracked 
|  97|0x0000000086100000, 0x0000000086100000, 0x0000000086200000|  0%| F|  |TAMS 0x0000000086100000| PB 0x0000000086100000| Untracked 
|  98|0x0000000086200000, 0x0000000086300000, 0x0000000086300000|100%|HS|  |TAMS 0x0000000086200000| PB 0x0000000086200000| Complete 
|  99|0x0000000086300000, 0x0000000086400000, 0x0000000086400000|100%|HC|  |TAMS 0x0000000086300000| PB 0x0000000086300000| Complete 
| 100|0x0000000086400000, 0x0000000086400000, 0x0000000086500000|  0%| F|  |TAMS 0x0000000086400000| PB 0x0000000086400000| Untracked 
| 101|0x0000000086500000, 0x0000000086500000, 0x0000000086600000|  0%| F|  |TAMS 0x0000000086500000| PB 0x0000000086500000| Untracked 
| 102|0x0000000086600000, 0x0000000086600000, 0x0000000086700000|  0%| F|  |TAMS 0x0000000086600000| PB 0x0000000086600000| Untracked 
| 103|0x0000000086700000, 0x0000000086700000, 0x0000000086800000|  0%| F|  |TAMS 0x0000000086700000| PB 0x0000000086700000| Untracked 
| 104|0x0000000086800000, 0x0000000086800000, 0x0000000086900000|  0%| F|  |TAMS 0x0000000086800000| PB 0x0000000086800000| Untracked 
| 105|0x0000000086900000, 0x0000000086a00000, 0x0000000086a00000|100%| S|CS|TAMS 0x0000000086900000| PB 0x0000000086900000| Complete 
| 106|0x0000000086a00000, 0x0000000086b00000, 0x0000000086b00000|100%| S|CS|TAMS 0x0000000086a00000| PB 0x0000000086a00000| Complete 
| 107|0x0000000086b00000, 0x0000000086c00000, 0x0000000086c00000|100%| S|CS|TAMS 0x0000000086b00000| PB 0x0000000086b00000| Complete 
| 108|0x0000000086c00000, 0x0000000086d00000, 0x0000000086d00000|100%| S|CS|TAMS 0x0000000086c00000| PB 0x0000000086c00000| Complete 
| 109|0x0000000086d00000, 0x0000000086e00000, 0x0000000086e00000|100%| S|CS|TAMS 0x0000000086d00000| PB 0x0000000086d00000| Complete 
| 110|0x0000000086e00000, 0x0000000086e00000, 0x0000000086f00000|  0%| F|  |TAMS 0x0000000086e00000| PB 0x0000000086e00000| Untracked 
| 111|0x0000000086f00000, 0x0000000086f00000, 0x0000000087000000|  0%| F|  |TAMS 0x0000000086f00000| PB 0x0000000086f00000| Untracked 
| 112|0x0000000087000000, 0x0000000087000000, 0x0000000087100000|  0%| F|  |TAMS 0x0000000087000000| PB 0x0000000087000000| Untracked 
| 113|0x0000000087100000, 0x0000000087100000, 0x0000000087200000|  0%| F|  |TAMS 0x0000000087100000| PB 0x0000000087100000| Untracked 
| 114|0x0000000087200000, 0x0000000087200000, 0x0000000087300000|  0%| F|  |TAMS 0x0000000087200000| PB 0x0000000087200000| Untracked 
| 115|0x0000000087300000, 0x0000000087300000, 0x0000000087400000|  0%| F|  |TAMS 0x0000000087300000| PB 0x0000000087300000| Untracked 
| 116|0x0000000087400000, 0x0000000087400000, 0x0000000087500000|  0%| F|  |TAMS 0x0000000087400000| PB 0x0000000087400000| Untracked 
| 117|0x0000000087500000, 0x0000000087500000, 0x0000000087600000|  0%| F|  |TAMS 0x0000000087500000| PB 0x0000000087500000| Untracked 
| 118|0x0000000087600000, 0x0000000087600000, 0x0000000087700000|  0%| F|  |TAMS 0x0000000087600000| PB 0x0000000087600000| Untracked 
| 119|0x0000000087700000, 0x0000000087700000, 0x0000000087800000|  0%| F|  |TAMS 0x0000000087700000| PB 0x0000000087700000| Untracked 
| 120|0x0000000087800000, 0x0000000087800000, 0x0000000087900000|  0%| F|  |TAMS 0x0000000087800000| PB 0x0000000087800000| Untracked 
| 121|0x0000000087900000, 0x0000000087900000, 0x0000000087a00000|  0%| F|  |TAMS 0x0000000087900000| PB 0x0000000087900000| Untracked 
| 122|0x0000000087a00000, 0x0000000087a00000, 0x0000000087b00000|  0%| F|  |TAMS 0x0000000087a00000| PB 0x0000000087a00000| Untracked 
| 123|0x0000000087b00000, 0x0000000087b00000, 0x0000000087c00000|  0%| F|  |TAMS 0x0000000087b00000| PB 0x0000000087b00000| Untracked 
| 124|0x0000000087c00000, 0x0000000087c00000, 0x0000000087d00000|  0%| F|  |TAMS 0x0000000087c00000| PB 0x0000000087c00000| Untracked 
| 125|0x0000000087d00000, 0x0000000087d00000, 0x0000000087e00000|  0%| F|  |TAMS 0x0000000087d00000| PB 0x0000000087d00000| Untracked 
| 126|0x0000000087e00000, 0x0000000087e00000, 0x0000000087f00000|  0%| F|  |TAMS 0x0000000087e00000| PB 0x0000000087e00000| Untracked 
| 127|0x0000000087f00000, 0x0000000087f00000, 0x0000000088000000|  0%| F|  |TAMS 0x0000000087f00000| PB 0x0000000087f00000| Untracked 
| 128|0x0000000088000000, 0x0000000088100000, 0x0000000088100000|100%| E|  |TAMS 0x0000000088000000| PB 0x0000000088000000| Complete 
| 129|0x0000000088100000, 0x0000000088200000, 0x0000000088200000|100%| E|CS|TAMS 0x0000000088100000| PB 0x0000000088100000| Complete 
| 130|0x0000000088200000, 0x0000000088300000, 0x0000000088300000|100%| E|CS|TAMS 0x0000000088200000| PB 0x0000000088200000| Complete 
| 131|0x0000000088300000, 0x0000000088400000, 0x0000000088400000|100%| E|CS|TAMS 0x0000000088300000| PB 0x0000000088300000| Complete 
| 132|0x0000000088400000, 0x0000000088500000, 0x0000000088500000|100%| E|CS|TAMS 0x0000000088400000| PB 0x0000000088400000| Complete 
| 133|0x0000000088500000, 0x0000000088600000, 0x0000000088600000|100%| E|CS|TAMS 0x0000000088500000| PB 0x0000000088500000| Complete 
| 134|0x0000000088600000, 0x0000000088700000, 0x0000000088700000|100%| E|CS|TAMS 0x0000000088600000| PB 0x0000000088600000| Complete 
| 135|0x0000000088700000, 0x0000000088800000, 0x0000000088800000|100%| E|CS|TAMS 0x0000000088700000| PB 0x0000000088700000| Complete 
| 136|0x0000000088800000, 0x0000000088900000, 0x0000000088900000|100%| E|CS|TAMS 0x0000000088800000| PB 0x0000000088800000| Complete 
| 137|0x0000000088900000, 0x0000000088a00000, 0x0000000088a00000|100%| E|CS|TAMS 0x0000000088900000| PB 0x0000000088900000| Complete 
| 138|0x0000000088a00000, 0x0000000088b00000, 0x0000000088b00000|100%| E|CS|TAMS 0x0000000088a00000| PB 0x0000000088a00000| Complete 
| 139|0x0000000088b00000, 0x0000000088c00000, 0x0000000088c00000|100%| E|CS|TAMS 0x0000000088b00000| PB 0x0000000088b00000| Complete 
| 140|0x0000000088c00000, 0x0000000088d00000, 0x0000000088d00000|100%| E|CS|TAMS 0x0000000088c00000| PB 0x0000000088c00000| Complete 
| 141|0x0000000088d00000, 0x0000000088e00000, 0x0000000088e00000|100%| E|CS|TAMS 0x0000000088d00000| PB 0x0000000088d00000| Complete 
| 142|0x0000000088e00000, 0x0000000088f00000, 0x0000000088f00000|100%| E|CS|TAMS 0x0000000088e00000| PB 0x0000000088e00000| Complete 
| 143|0x0000000088f00000, 0x0000000089000000, 0x0000000089000000|100%| E|CS|TAMS 0x0000000088f00000| PB 0x0000000088f00000| Complete 
| 144|0x0000000089000000, 0x0000000089100000, 0x0000000089100000|100%| E|CS|TAMS 0x0000000089000000| PB 0x0000000089000000| Complete 
| 145|0x0000000089100000, 0x0000000089200000, 0x0000000089200000|100%| E|CS|TAMS 0x0000000089100000| PB 0x0000000089100000| Complete 
| 146|0x0000000089200000, 0x0000000089300000, 0x0000000089300000|100%| E|CS|TAMS 0x0000000089200000| PB 0x0000000089200000| Complete 
| 147|0x0000000089300000, 0x0000000089400000, 0x0000000089400000|100%| E|CS|TAMS 0x0000000089300000| PB 0x0000000089300000| Complete 
| 148|0x0000000089400000, 0x0000000089500000, 0x0000000089500000|100%| E|CS|TAMS 0x0000000089400000| PB 0x0000000089400000| Complete 
| 149|0x0000000089500000, 0x0000000089600000, 0x0000000089600000|100%| E|CS|TAMS 0x0000000089500000| PB 0x0000000089500000| Complete 
| 150|0x0000000089600000, 0x0000000089700000, 0x0000000089700000|100%| E|CS|TAMS 0x0000000089600000| PB 0x0000000089600000| Complete 
| 151|0x0000000089700000, 0x0000000089800000, 0x0000000089800000|100%| E|  |TAMS 0x0000000089700000| PB 0x0000000089700000| Complete 
| 152|0x0000000089800000, 0x0000000089900000, 0x0000000089900000|100%| E|CS|TAMS 0x0000000089800000| PB 0x0000000089800000| Complete 
| 153|0x0000000089900000, 0x0000000089a00000, 0x0000000089a00000|100%| E|CS|TAMS 0x0000000089900000| PB 0x0000000089900000| Complete 
| 154|0x0000000089a00000, 0x0000000089b00000, 0x0000000089b00000|100%| E|CS|TAMS 0x0000000089a00000| PB 0x0000000089a00000| Complete 
| 155|0x0000000089b00000, 0x0000000089c00000, 0x0000000089c00000|100%| E|CS|TAMS 0x0000000089b00000| PB 0x0000000089b00000| Complete 
| 156|0x0000000089c00000, 0x0000000089d00000, 0x0000000089d00000|100%| E|CS|TAMS 0x0000000089c00000| PB 0x0000000089c00000| Complete 
| 157|0x0000000089d00000, 0x0000000089e00000, 0x0000000089e00000|100%| E|CS|TAMS 0x0000000089d00000| PB 0x0000000089d00000| Complete 
| 158|0x0000000089e00000, 0x0000000089f00000, 0x0000000089f00000|100%| E|CS|TAMS 0x0000000089e00000| PB 0x0000000089e00000| Complete 
| 159|0x0000000089f00000, 0x000000008a000000, 0x000000008a000000|100%| E|CS|TAMS 0x0000000089f00000| PB 0x0000000089f00000| Complete 
| 160|0x000000008a000000, 0x000000008a100000, 0x000000008a100000|100%| E|CS|TAMS 0x000000008a000000| PB 0x000000008a000000| Complete 
| 161|0x000000008a100000, 0x000000008a200000, 0x000000008a200000|100%| E|CS|TAMS 0x000000008a100000| PB 0x000000008a100000| Complete 
| 162|0x000000008a200000, 0x000000008a300000, 0x000000008a300000|100%| E|CS|TAMS 0x000000008a200000| PB 0x000000008a200000| Complete 
| 163|0x000000008a300000, 0x000000008a400000, 0x000000008a400000|100%| E|CS|TAMS 0x000000008a300000| PB 0x000000008a300000| Complete 
| 164|0x000000008a400000, 0x000000008a500000, 0x000000008a500000|100%| E|CS|TAMS 0x000000008a400000| PB 0x000000008a400000| Complete 
| 165|0x000000008a500000, 0x000000008a600000, 0x000000008a600000|100%| E|CS|TAMS 0x000000008a500000| PB 0x000000008a500000| Complete 
| 166|0x000000008a600000, 0x000000008a700000, 0x000000008a700000|100%| E|CS|TAMS 0x000000008a600000| PB 0x000000008a600000| Complete 
| 167|0x000000008a700000, 0x000000008a800000, 0x000000008a800000|100%| S|CS|TAMS 0x000000008a700000| PB 0x000000008a700000| Complete 
| 168|0x000000008a800000, 0x000000008a900000, 0x000000008a900000|100%| S|CS|TAMS 0x000000008a800000| PB 0x000000008a800000| Complete 
| 169|0x000000008a900000, 0x000000008aa00000, 0x000000008aa00000|100%| S|CS|TAMS 0x000000008a900000| PB 0x000000008a900000| Complete 
|2026|0x00000000fea00000, 0x00000000fea4a5b0, 0x00000000feb00000| 29%| O|  |TAMS 0x00000000fea00000| PB 0x00000000fea00000| Untracked 
|2027|0x00000000feb00000, 0x00000000fec00000, 0x00000000fec00000|100%| O|  |TAMS 0x00000000feb00000| PB 0x00000000feb00000| Untracked 
|2028|0x00000000fec00000, 0x00000000fed00000, 0x00000000fed00000|100%| O|  |TAMS 0x00000000fec00000| PB 0x00000000fec00000| Untracked 
|2029|0x00000000fed00000, 0x00000000fee00000, 0x00000000fee00000|100%| O|  |TAMS 0x00000000fed00000| PB 0x00000000fed00000| Untracked 
|2030|0x00000000fee00000, 0x00000000fef00000, 0x00000000fef00000|100%| O|  |TAMS 0x00000000fee00000| PB 0x00000000fee00000| Untracked 
|2031|0x00000000fef00000, 0x00000000ff000000, 0x00000000ff000000|100%| O|  |TAMS 0x00000000fef00000| PB 0x00000000fef00000| Untracked 
|2032|0x00000000ff000000, 0x00000000ff100000, 0x00000000ff100000|100%| O|  |TAMS 0x00000000ff000000| PB 0x00000000ff000000| Untracked 
|2033|0x00000000ff100000, 0x00000000ff200000, 0x00000000ff200000|100%| O|  |TAMS 0x00000000ff100000| PB 0x00000000ff100000| Untracked 
|2034|0x00000000ff200000, 0x00000000ff300000, 0x00000000ff300000|100%| O|  |TAMS 0x00000000ff200000| PB 0x00000000ff200000| Untracked 
|2035|0x00000000ff300000, 0x00000000ff400000, 0x00000000ff400000|100%| O|  |TAMS 0x00000000ff300000| PB 0x00000000ff300000| Untracked 
|2036|0x00000000ff400000, 0x00000000ff500000, 0x00000000ff500000|100%| O|  |TAMS 0x00000000ff400000| PB 0x00000000ff400000| Untracked 
|2037|0x00000000ff500000, 0x00000000ff600000, 0x00000000ff600000|100%| O|  |TAMS 0x00000000ff500000| PB 0x00000000ff500000| Untracked 
|2038|0x00000000ff600000, 0x00000000ff700000, 0x00000000ff700000|100%| O|  |TAMS 0x00000000ff600000| PB 0x00000000ff600000| Untracked 
|2039|0x00000000ff700000, 0x00000000ff800000, 0x00000000ff800000|100%| O|  |TAMS 0x00000000ff700000| PB 0x00000000ff700000| Untracked 
|2040|0x00000000ff800000, 0x00000000ff900000, 0x00000000ff900000|100%| O|  |TAMS 0x00000000ff800000| PB 0x00000000ff800000| Untracked 
|2041|0x00000000ff900000, 0x00000000ffa00000, 0x00000000ffa00000|100%| O|  |TAMS 0x00000000ff900000| PB 0x00000000ff900000| Untracked 
|2042|0x00000000ffa00000, 0x00000000ffb00000, 0x00000000ffb00000|100%| O|  |TAMS 0x00000000ffa00000| PB 0x00000000ffa00000| Untracked 
|2043|0x00000000ffb00000, 0x00000000ffc00000, 0x00000000ffc00000|100%| O|  |TAMS 0x00000000ffb00000| PB 0x00000000ffb00000| Untracked 
|2044|0x00000000ffc00000, 0x00000000ffd00000, 0x00000000ffd00000|100%| O|  |TAMS 0x00000000ffc00000| PB 0x00000000ffc00000| Untracked 
|2045|0x00000000ffd00000, 0x00000000ffe00000, 0x00000000ffe00000|100%| O|  |TAMS 0x00000000ffd00000| PB 0x00000000ffd00000| Untracked 
|2046|0x00000000ffe00000, 0x00000000fff00000, 0x00000000fff00000|100%| O|  |TAMS 0x00000000ffe00000| PB 0x00000000ffe00000| Untracked 
|2047|0x00000000fff00000, 0x0000000100000000, 0x0000000100000000|100%| O|  |TAMS 0x00000000fff00000| PB 0x00000000fff00000| Untracked 

Card table byte_map: [0x0000026b5f750000,0x0000026b5fb50000] _byte_map_base: 0x0000026b5f350000

Marking Bits: (CMBitMap*) 0x0000026b45ac3360
 Bits: [0x0000026b5fb50000, 0x0000026b61b50000)

Polling page: 0x0000026b45b30000

Metaspace:

Usage:
  Non-class:     80.25 MB used.
      Class:     12.71 MB used.
       Both:     92.96 MB used.

Virtual space:
  Non-class space:      128.00 MB reserved,      81.38 MB ( 64%) committed,  2 nodes.
      Class space:        1.00 GB reserved,      13.81 MB (  1%) committed,  1 nodes.
             Both:        1.12 GB reserved,      95.19 MB (  8%) committed. 

Chunk freelists:
   Non-Class:  14.22 MB
       Class:  2.20 MB
        Both:  16.42 MB

MaxMetaspaceSize: unlimited
CompressedClassSpaceSize: 1.00 GB
Initial GC threshold: 21.00 MB
Current GC threshold: 154.50 MB
CDS: on
 - commit_granule_bytes: 65536.
 - commit_granule_words: 8192.
 - virtual_space_node_default_size: 8388608.
 - enlarge_chunks_in_place: 1.
 - use_allocation_guard: 0.


Internal statistics:

num_allocs_failed_limit: 6.
num_arena_births: 4026.
num_arena_deaths: 0.
num_vsnodes_births: 3.
num_vsnodes_deaths: 0.
num_space_committed: 1522.
num_space_uncommitted: 0.
num_chunks_returned_to_freelist: 6.
num_chunks_taken_from_freelist: 8437.
num_chunk_merges: 3.
num_chunk_splits: 5481.
num_chunks_enlarged: 3414.
num_inconsistent_stats: 0.

CodeHeap 'non-profiled nmethods': size=120000Kb used=7239Kb max_used=7239Kb free=112760Kb
 bounds [0x0000026b571a0000, 0x0000026b578c0000, 0x0000026b5e6d0000]
CodeHeap 'profiled nmethods': size=120000Kb used=22089Kb max_used=22089Kb free=97910Kb
 bounds [0x0000026b4f6d0000, 0x0000026b50c70000, 0x0000026b56c00000]
CodeHeap 'non-nmethods': size=5760Kb used=3182Kb max_used=3232Kb free=2578Kb
 bounds [0x0000026b56c00000, 0x0000026b56f50000, 0x0000026b571a0000]
 total_blobs=12603 nmethods=11610 adapters=897
 compilation: enabled
              stopped_count=0, restarted_count=0
 full_count=0

Compilation events (20 events):
Event: 15.992 Thread 0x0000026b6487b720 nmethod 13283 0x0000026b50c45a90 code [0x0000026b50c45c40, 0x0000026b50c45d70]
Event: 15.992 Thread 0x0000026b6487b720 13284       1       com.google.common.cache.LocalCache$1::get (2 bytes)
Event: 15.992 Thread 0x0000026b6487b720 nmethod 13284 0x0000026b578aae10 code [0x0000026b578aafa0, 0x0000026b578ab070]
Event: 15.996 Thread 0x0000026b6d25f270 nmethod 13282 0x0000026b578ab110 code [0x0000026b578ab2a0, 0x0000026b578ab4f8]
Event: 15.996 Thread 0x0000026b6d25f270 13237       4       com.android.utils.XmlUtils$PositionAwareStringBuilder::append (45 bytes)
Event: 15.996 Thread 0x0000026b6487b720 13286   !   2       com.sun.org.apache.xerces.internal.jaxp.DocumentBuilderFactoryImpl::newDocumentBuilder (122 bytes)
Event: 15.997 Thread 0x0000026b6487b720 nmethod 13286 0x0000026b50c45e10 code [0x0000026b50c46080, 0x0000026b50c46900]
Event: 15.997 Thread 0x0000026b6487b720 13287       2       com.sun.org.apache.xerces.internal.jaxp.DocumentBuilderImpl::<init> (595 bytes)
Event: 15.998 Thread 0x0000026b6487b720 nmethod 13287 0x0000026b50c46c10 code [0x0000026b50c470c0, 0x0000026b50c48b78]
Event: 15.998 Thread 0x0000026b6487b720 13291       2       com.sun.org.apache.xerces.internal.parsers.AbstractDOMParser::<init> (173 bytes)
Event: 15.999 Thread 0x0000026b6d25f270 nmethod 13237 0x0000026b578ab610 code [0x0000026b578ab800, 0x0000026b578abba8]
Event: 15.999 Thread 0x0000026b6d25f270 13292       4       com.google.common.base.CharMatcher::countIn (39 bytes)
Event: 15.999 Thread 0x0000026b6487b720 nmethod 13291 0x0000026b50c49790 code [0x0000026b50c49a60, 0x0000026b50c4a5e0]
Event: 15.999 Thread 0x0000026b6487b720 13288       2       javax.xml.parsers.DocumentBuilder::<init> (5 bytes)
Event: 15.999 Thread 0x0000026b6487b720 nmethod 13288 0x0000026b50c4aa90 code [0x0000026b50c4ac20, 0x0000026b50c4ad28]
Event: 15.999 Thread 0x0000026b6487b720 13289       2       com.sun.org.apache.xerces.internal.parsers.DOMParser::<init> (7 bytes)
Event: 15.999 Thread 0x0000026b6487b720 nmethod 13289 0x0000026b50c4ad90 code [0x0000026b50c4af40, 0x0000026b50c4b078]
Event: 15.999 Thread 0x0000026b6487b720 13290       2       com.sun.org.apache.xerces.internal.parsers.DOMParser::<init> (73 bytes)
Event: 16.000 Thread 0x0000026b6487b720 nmethod 13290 0x0000026b50c4b110 code [0x0000026b50c4b340, 0x0000026b50c4b830]
Event: 16.000 Thread 0x0000026b6487b720 13294       3       com.sun.org.apache.xerces.internal.dom.ParentNode::hasChildNodes (24 bytes)

GC Heap History (20 events):
Event: 10.009 GC heap before
{Heap before GC invocations=22 (full 0):
 garbage-first heap   total 135168K, used 113661K [0x0000000080000000, 0x0000000100000000)
  region size 1024K, 50 young (51200K), 5 survivors (5120K)
 Metaspace       used 66496K, committed 68544K, reserved 1114112K
  class space    used 9148K, committed 10176K, reserved 1048576K
}
Event: 10.014 GC heap after
{Heap after GC invocations=23 (full 0):
 garbage-first heap   total 135168K, used 71419K [0x0000000080000000, 0x0000000100000000)
  region size 1024K, 4 young (4096K), 4 survivors (4096K)
 Metaspace       used 66496K, committed 68544K, reserved 1114112K
  class space    used 9148K, committed 10176K, reserved 1048576K
}
Event: 10.427 GC heap before
{Heap before GC invocations=23 (full 0):
 garbage-first heap   total 135168K, used 116475K [0x0000000080000000, 0x0000000100000000)
  region size 1024K, 48 young (49152K), 4 survivors (4096K)
 Metaspace       used 68346K, committed 70400K, reserved 1114112K
  class space    used 9345K, committed 10368K, reserved 1048576K
}
Event: 10.431 GC heap after
{Heap after GC invocations=24 (full 0):
 garbage-first heap   total 135168K, used 74417K [0x0000000080000000, 0x0000000100000000)
  region size 1024K, 6 young (6144K), 6 survivors (6144K)
 Metaspace       used 68346K, committed 70400K, reserved 1114112K
  class space    used 9345K, committed 10368K, reserved 1048576K
}
Event: 11.029 GC heap before
{Heap before GC invocations=25 (full 0):
 garbage-first heap   total 135168K, used 118449K [0x0000000080000000, 0x0000000100000000)
  region size 1024K, 49 young (50176K), 6 survivors (6144K)
 Metaspace       used 71551K, committed 73600K, reserved 1114112K
  class space    used 9794K, committed 10816K, reserved 1048576K
}
Event: 11.032 GC heap after
{Heap after GC invocations=26 (full 0):
 garbage-first heap   total 135168K, used 76283K [0x0000000080000000, 0x0000000100000000)
  region size 1024K, 5 young (5120K), 5 survivors (5120K)
 Metaspace       used 71551K, committed 73600K, reserved 1114112K
  class space    used 9794K, committed 10816K, reserved 1048576K
}
Event: 11.509 GC heap before
{Heap before GC invocations=26 (full 0):
 garbage-first heap   total 135168K, used 121339K [0x0000000080000000, 0x0000000100000000)
  region size 1024K, 49 young (50176K), 5 survivors (5120K)
 Metaspace       used 75184K, committed 77248K, reserved 1179648K
  class space    used 10440K, committed 11456K, reserved 1048576K
}
Event: 11.512 GC heap after
{Heap after GC invocations=27 (full 0):
 garbage-first heap   total 135168K, used 77511K [0x0000000080000000, 0x0000000100000000)
  region size 1024K, 4 young (4096K), 4 survivors (4096K)
 Metaspace       used 75184K, committed 77248K, reserved 1179648K
  class space    used 10440K, committed 11456K, reserved 1048576K
}
Event: 11.991 GC heap before
{Heap before GC invocations=27 (full 0):
 garbage-first heap   total 135168K, used 121543K [0x0000000080000000, 0x0000000100000000)
  region size 1024K, 47 young (48128K), 4 survivors (4096K)
 Metaspace       used 78623K, committed 80832K, reserved 1179648K
  class space    used 10934K, committed 12032K, reserved 1048576K
}
Event: 11.995 GC heap after
{Heap after GC invocations=28 (full 0):
 garbage-first heap   total 135168K, used 80253K [0x0000000080000000, 0x0000000100000000)
  region size 1024K, 6 young (6144K), 6 survivors (6144K)
 Metaspace       used 78623K, committed 80832K, reserved 1179648K
  class space    used 10934K, committed 12032K, reserved 1048576K
}
Event: 12.428 GC heap before
{Heap before GC invocations=29 (full 0):
 garbage-first heap   total 140288K, used 120189K [0x0000000080000000, 0x0000000100000000)
  region size 1024K, 45 young (46080K), 6 survivors (6144K)
 Metaspace       used 81366K, committed 83520K, reserved 1179648K
  class space    used 11399K, committed 12480K, reserved 1048576K
}
Event: 12.432 GC heap after
{Heap after GC invocations=30 (full 0):
 garbage-first heap   total 168960K, used 81924K [0x0000000080000000, 0x0000000100000000)
  region size 1024K, 5 young (5120K), 5 survivors (5120K)
 Metaspace       used 81366K, committed 83520K, reserved 1179648K
  class space    used 11399K, committed 12480K, reserved 1048576K
}
Event: 13.097 GC heap before
{Heap before GC invocations=30 (full 0):
 garbage-first heap   total 168960K, used 148484K [0x0000000080000000, 0x0000000100000000)
  region size 1024K, 70 young (71680K), 5 survivors (5120K)
 Metaspace       used 87003K, committed 89216K, reserved 1179648K
  class space    used 12072K, committed 13184K, reserved 1048576K
}
Event: 13.101 GC heap after
{Heap after GC invocations=31 (full 0):
 garbage-first heap   total 168960K, used 85748K [0x0000000080000000, 0x0000000100000000)
  region size 1024K, 9 young (9216K), 9 survivors (9216K)
 Metaspace       used 87003K, committed 89216K, reserved 1179648K
  class space    used 12072K, committed 13184K, reserved 1048576K
}
Event: 13.837 GC heap before
{Heap before GC invocations=31 (full 0):
 garbage-first heap   total 168960K, used 150260K [0x0000000080000000, 0x0000000100000000)
  region size 1024K, 72 young (73728K), 9 survivors (9216K)
 Metaspace       used 91131K, committed 93312K, reserved 1179648K
  class space    used 12664K, committed 13760K, reserved 1048576K
}
Event: 13.844 GC heap after
{Heap after GC invocations=32 (full 0):
 garbage-first heap   total 168960K, used 90678K [0x0000000080000000, 0x0000000100000000)
  region size 1024K, 9 young (9216K), 9 survivors (9216K)
 Metaspace       used 91131K, committed 93312K, reserved 1179648K
  class space    used 12664K, committed 13760K, reserved 1048576K
}
Event: 14.643 GC heap before
{Heap before GC invocations=32 (full 0):
 garbage-first heap   total 168960K, used 146998K [0x0000000080000000, 0x0000000100000000)
  region size 1024K, 66 young (67584K), 9 survivors (9216K)
 Metaspace       used 91746K, committed 93952K, reserved 1179648K
  class space    used 12757K, committed 13888K, reserved 1048576K
}
Event: 14.649 GC heap after
{Heap after GC invocations=33 (full 0):
 garbage-first heap   total 168960K, used 95305K [0x0000000080000000, 0x0000000100000000)
  region size 1024K, 5 young (5120K), 5 survivors (5120K)
 Metaspace       used 91746K, committed 93952K, reserved 1179648K
  class space    used 12757K, committed 13888K, reserved 1048576K
}
Event: 15.688 GC heap before
{Heap before GC invocations=34 (full 0):
 garbage-first heap   total 174080K, used 166985K [0x0000000080000000, 0x0000000100000000)
  region size 1024K, 62 young (63488K), 5 survivors (5120K)
 Metaspace       used 94489K, committed 96704K, reserved 1179648K
  class space    used 12942K, committed 14080K, reserved 1048576K
}
Event: 15.700 GC heap after
{Heap after GC invocations=35 (full 0):
 garbage-first heap   total 196608K, used 120105K [0x0000000080000000, 0x0000000100000000)
  region size 1024K, 8 young (8192K), 8 survivors (8192K)
 Metaspace       used 94489K, committed 96704K, reserved 1179648K
  class space    used 12942K, committed 14080K, reserved 1048576K
}

Dll operation events (15 events):
Event: 0.013 Loaded shared library C:\Program Files\Java\jdk-21\bin\java.dll
Event: 0.042 Loaded shared library C:\Program Files\Java\jdk-21\bin\jsvml.dll
Event: 0.083 Loaded shared library C:\Program Files\Java\jdk-21\bin\zip.dll
Event: 0.089 Loaded shared library C:\Program Files\Java\jdk-21\bin\instrument.dll
Event: 0.092 Loaded shared library C:\Program Files\Java\jdk-21\bin\net.dll
Event: 0.094 Loaded shared library C:\Program Files\Java\jdk-21\bin\nio.dll
Event: 0.097 Loaded shared library C:\Program Files\Java\jdk-21\bin\zip.dll
Event: 0.379 Loaded shared library C:\Program Files\Java\jdk-21\bin\jimage.dll
Event: 0.552 Loaded shared library C:\Program Files\Java\jdk-21\bin\verify.dll
Event: 0.619 Loaded shared library C:\Users\Juan\.gradle\native\1def1411415f61bf3af743bc5b6707747c0891f09f0c88961ee8f79bc544acac\windows-amd64\native-platform.dll
Event: 0.632 Loaded shared library C:\Users\Juan\.gradle\native\0.2.7\x86_64-windows-gnu\gradle-fileevents.dll
Event: 1.911 Loaded shared library C:\Program Files\Java\jdk-21\bin\management.dll
Event: 1.913 Loaded shared library C:\Program Files\Java\jdk-21\bin\management_ext.dll
Event: 2.060 Loaded shared library C:\Program Files\Java\jdk-21\bin\extnet.dll
Event: 2.236 Loaded shared library C:\Program Files\Java\jdk-21\bin\sunmscapi.dll

Deoptimization events (20 events):
Event: 15.856 Thread 0x0000026b6fda5050 DEOPT PACKING pc=0x0000026b57883590 sp=0x000000fc571f9a20
Event: 15.856 Thread 0x0000026b6fda5050 DEOPT UNPACKING pc=0x0000026b56c57da2 sp=0x000000fc571f9a40 mode 2
Event: 15.886 Thread 0x0000026b6fda5050 Uncommon trap: trap_request=0xffffff6e fr.pc=0x0000026b5724f2c0 relative=0x00000000000001a0
Event: 15.886 Thread 0x0000026b6fda5050 Uncommon trap: reason=loop_limit_check action=maybe_recompile pc=0x0000026b5724f2c0 method=java.lang.StringLatin1.lastIndexOf([BII)I @ 19 c2
Event: 15.886 Thread 0x0000026b6fda5050 DEOPT PACKING pc=0x0000026b5724f2c0 sp=0x000000fc571f9780
Event: 15.886 Thread 0x0000026b6fda5050 DEOPT UNPACKING pc=0x0000026b56c57da2 sp=0x000000fc571f9638 mode 2
Event: 15.893 Thread 0x0000026b6fda5050 DEOPT PACKING pc=0x0000026b50bf8c91 sp=0x000000fc571f9790
Event: 15.893 Thread 0x0000026b6fda5050 DEOPT UNPACKING pc=0x0000026b56c588e2 sp=0x000000fc571f8c90 mode 0
Event: 15.894 Thread 0x0000026b6fda5050 DEOPT PACKING pc=0x0000026b50bf8c91 sp=0x000000fc571f9790
Event: 15.894 Thread 0x0000026b6fda5050 DEOPT UNPACKING pc=0x0000026b56c588e2 sp=0x000000fc571f8c90 mode 0
Event: 15.948 Thread 0x0000026b6fda5050 Uncommon trap: trap_request=0xffffff45 fr.pc=0x0000026b57299a08 relative=0x00000000000001e8
Event: 15.948 Thread 0x0000026b6fda5050 Uncommon trap: reason=unstable_if action=reinterpret pc=0x0000026b57299a08 method=java.lang.StringCoding.implEncodeAsciiArray([CI[BII)I @ 23 c2
Event: 15.948 Thread 0x0000026b6fda5050 DEOPT PACKING pc=0x0000026b57299a08 sp=0x000000fc571f94e0
Event: 15.948 Thread 0x0000026b6fda5050 DEOPT UNPACKING pc=0x0000026b56c57da2 sp=0x000000fc571f9450 mode 2
Event: 15.950 Thread 0x0000026b6fda5050 DEOPT PACKING pc=0x0000026b50c2537b sp=0x000000fc571f94e0
Event: 15.950 Thread 0x0000026b6fda5050 DEOPT UNPACKING pc=0x0000026b56c588e2 sp=0x000000fc571f8950 mode 0
Event: 15.992 Thread 0x0000026b6fda5050 DEOPT PACKING pc=0x0000026b50c25f8a sp=0x000000fc571f94e0
Event: 15.992 Thread 0x0000026b6fda5050 DEOPT UNPACKING pc=0x0000026b56c588e2 sp=0x000000fc571f8950 mode 0
Event: 16.185 Thread 0x0000026b6fda5050 Uncommon trap: trap_request=0xffffffc6 fr.pc=0x0000026b5773e564 relative=0x0000000000000ce4
Event: 17.011 Thread 0x0000026b6fda5050 Uncommon trap: reason=bimorphic_or_optimized_type_check action=maybe_recompile pc=0x0000026b5773e564 method=com.google.common.collect.AbstractMapBasedMultimap.get(Ljava/lang/Object;)Ljava/util/Collection; @ 5 c2

Classes loaded (20 events):
Event: 15.725 Loading class java/util/stream/Nodes$IntArrayNode done
Event: 15.725 Loading class java/util/stream/Nodes$IntFixedNodeBuilder done
Event: 15.752 Loading class java/time/Instant$1
Event: 15.752 Loading class java/time/Instant$1 done
Event: 15.762 Loading class java/io/FileReader
Event: 15.762 Loading class java/io/FileReader done
Event: 15.765 Loading class java/util/concurrent/ConcurrentLinkedDeque
Event: 15.766 Loading class java/util/concurrent/ConcurrentLinkedDeque done
Event: 15.766 Loading class java/util/concurrent/ConcurrentLinkedDeque$Node
Event: 15.766 Loading class java/util/concurrent/ConcurrentLinkedDeque$Node done
Event: 15.853 Loading class com/sun/org/apache/xerces/internal/dom/DOMImplementationImpl
Event: 15.854 Loading class org/w3c/dom/DOMImplementation
Event: 15.854 Loading class org/w3c/dom/DOMImplementation done
Event: 15.854 Loading class com/sun/org/apache/xerces/internal/dom/CoreDOMImplementationImpl
Event: 15.854 Loading class org/w3c/dom/ls/DOMImplementationLS
Event: 15.854 Loading class org/w3c/dom/ls/DOMImplementationLS done
Event: 15.854 Loading class com/sun/org/apache/xerces/internal/dom/CoreDOMImplementationImpl done
Event: 15.854 Loading class com/sun/org/apache/xerces/internal/dom/DOMImplementationImpl done
Event: 15.855 Loading class com/sun/org/apache/xerces/internal/dom/DeferredDOMImplementationImpl
Event: 15.855 Loading class com/sun/org/apache/xerces/internal/dom/DeferredDOMImplementationImpl done

Classes unloaded (0 events):
No events

Classes redefined (0 events):
No events

Internal exceptions (20 events):
Event: 13.145 Thread 0x0000026b6a693390 Exception <a 'java/lang/NoClassDefFoundError'{0x0000000089c841a8}: org/jetbrains/kotlin/gradle/plugin/KotlinBasePluginWrapper> (0x0000000089c841a8) 
thrown [s\open\src\hotspot\share\oops\constantPool.cpp, line 873]
Event: 13.204 Thread 0x0000026b6a693390 Exception <a 'java/lang/NoClassDefFoundError'{0x00000000895ca1c0}: org/jetbrains/kotlin/gradle/plugin/KotlinBasePluginWrapper> (0x00000000895ca1c0) 
thrown [s\open\src\hotspot\share\oops\constantPool.cpp, line 873]
Event: 13.207 Thread 0x0000026b6a693390 Implicit null exception at 0x0000026b5773633e to 0x0000026b5773640c
Event: 13.220 Thread 0x0000026b6a693390 Exception <a 'java/lang/NoClassDefFoundError'{0x0000000089332940}: org/jetbrains/kotlin/gradle/plugin/KotlinBasePluginWrapper> (0x0000000089332940) 
thrown [s\open\src\hotspot\share\oops\constantPool.cpp, line 873]
Event: 13.252 Thread 0x0000026b6a693390 Implicit null exception at 0x0000026b577423c7 to 0x0000026b577424f7
Event: 13.258 Thread 0x0000026b6a693390 Exception <a 'java/lang/NoClassDefFoundError'{0x0000000088f7fb70}: org/jetbrains/kotlin/gradle/plugin/KotlinBasePluginWrapper> (0x0000000088f7fb70) 
thrown [s\open\src\hotspot\share\oops\constantPool.cpp, line 873]
Event: 13.262 Thread 0x0000026b6a693390 Exception <a 'java/lang/NoClassDefFoundError'{0x0000000088fd6818}: org/jetbrains/kotlin/gradle/plugin/KotlinBasePluginWrapper> (0x0000000088fd6818) 
thrown [s\open\src\hotspot\share\oops\constantPool.cpp, line 873]
Event: 13.264 Thread 0x0000026b6a693390 Exception <a 'java/lang/NoClassDefFoundError'{0x0000000088e11610}: org/jetbrains/kotlin/gradle/plugin/KotlinBasePluginWrapper> (0x0000000088e11610) 
thrown [s\open\src\hotspot\share\oops\constantPool.cpp, line 873]
Event: 13.269 Thread 0x0000026b6a693390 Exception <a 'java/lang/NoClassDefFoundError'{0x0000000088eb54e8}: org/jetbrains/kotlin/gradle/plugin/KotlinBasePluginWrapper> (0x0000000088eb54e8) 
thrown [s\open\src\hotspot\share\oops\constantPool.cpp, line 873]
Event: 13.277 Thread 0x0000026b6a693390 Exception <a 'java/lang/NoClassDefFoundError'{0x0000000088d7c7e8}: org/jetbrains/kotlin/gradle/plugin/KotlinBasePluginWrapper> (0x0000000088d7c7e8) 
thrown [s\open\src\hotspot\share\oops\constantPool.cpp, line 873]
Event: 13.333 Thread 0x0000026b6a693390 Exception <a 'java/lang/IncompatibleClassChangeError'{0x000000008888f150}: Found class java.lang.Object, but interface was expected> (0x000000008888f150) 
thrown [s\open\src\hotspot\share\interpreter\linkResolver.cpp, line 840]
Event: 13.521 Thread 0x0000026b6fda5050 Exception <a 'java/lang/NoSuchMethodError'{0x0000000087533568}: 'java.lang.Object java.lang.invoke.DirectMethodHandle$Holder.newInvokeSpecial(java.lang.Object, java.lang.Object, int, java.lang.Object, java.lang.Object)'> (0x0000000087533568) 
thrown [s\open\src\hotspot\share\interpreter\linkResolver.cpp, line 773]
Event: 13.553 Thread 0x0000026b6fda5050 Exception <a 'java/lang/NoSuchMethodError'{0x00000000871c8068}: 'java.lang.Object java.lang.invoke.DirectMethodHandle$Holder.invokeVirtual(java.lang.Object, java.lang.Object, java.lang.Object, java.lang.Object, java.lang.Object, java.lang.Object, java.lang.Object, java.lang.Object, java.lang.Object, java.lang.Object, java.lang.Object, java.lang.Object, java.lang.Object, java.lang.Object, java.lang.Object, java.lang.Object, java.lang.Object, java.lang.Object, java.lang.Object)'> (0x00000000871c8068) 
thrown
Event: 13.570 Thread 0x0000026b6fda5050 Exception <a 'java/lang/NoSuchMethodError'{0x0000000086f09ed8}: 'void java.lang.invoke.DirectMethodHandle$Holder.invokeSpecial(java.lang.Object, java.lang.Object, java.lang.Object, java.lang.Object, int, java.lang.Object, java.lang.Object)'> (0x0000000086f09ed8) 
thrown [s\open\src\hotspot\share\interpreter\linkResolver.cpp, line 773]
Event: 13.585 Thread 0x0000026b6fda5050 Exception <a 'sun/nio/fs/WindowsException'{0x0000000086fc2de8}> (0x0000000086fc2de8) 
thrown [s\open\src\hotspot\share\prims\jni.cpp, line 520]
Event: 13.611 Thread 0x0000026b6fda5050 Exception <a 'java/lang/IncompatibleClassChangeError'{0x0000000086ef2048}: Found class java.lang.Object, but interface was expected> (0x0000000086ef2048) 
thrown [s\open\src\hotspot\share\interpreter\linkResolver.cpp, line 840]
Event: 13.641 Thread 0x0000026b6fda5050 Exception <a 'java/lang/NoSuchMethodError'{0x0000000086cf7588}: 'int java.lang.invoke.DirectMethodHandle$Holder.invokeStaticInit(java.lang.Object, java.lang.Object, java.lang.Object, java.lang.Object, java.lang.Object)'> (0x0000000086cf7588) 
thrown [s\open\src\hotspot\share\interpreter\linkResolver.cpp, line 773]
Event: 13.681 Thread 0x0000026b6fda5050 Exception <a 'java/lang/NoSuchMethodError'{0x000000008697af80}: 'int java.lang.invoke.DirectMethodHandle$Holder.invokeSpecial(java.lang.Object, java.lang.Object, int)'> (0x000000008697af80) 
thrown [s\open\src\hotspot\share\interpreter\linkResolver.cpp, line 773]
Event: 15.815 Thread 0x0000026b6fda5050 Implicit null exception at 0x0000026b57892d83 to 0x0000026b57893af8
Event: 15.829 Thread 0x0000026b6fda5050 Implicit null exception at 0x0000026b57891144 to 0x0000026b57891f88

ZGC Phase Switch (0 events):
No events

VM Operations (20 events):
Event: 14.649 Executing VM operation: G1TryInitiateConcMark (G1 Humongous Allocation) done
Event: 14.686 Executing VM operation: G1PauseRemark
Event: 14.690 Executing VM operation: G1PauseRemark done
Event: 14.707 Executing VM operation: G1PauseCleanup
Event: 14.707 Executing VM operation: G1PauseCleanup done
Event: 15.119 Executing VM operation: HandshakeAllThreads (Deoptimize)
Event: 15.119 Executing VM operation: HandshakeAllThreads (Deoptimize) done
Event: 15.239 Executing VM operation: ICBufferFull
Event: 15.239 Executing VM operation: ICBufferFull done
Event: 15.688 Executing VM operation: G1CollectForAllocation (G1 Evacuation Pause)
Event: 15.700 Executing VM operation: G1CollectForAllocation (G1 Evacuation Pause) done
Event: 15.764 Executing VM operation: HandshakeAllThreads (Deoptimize)
Event: 15.764 Executing VM operation: HandshakeAllThreads (Deoptimize) done
Event: 15.782 Executing VM operation: HandshakeAllThreads (Deoptimize)
Event: 15.782 Executing VM operation: HandshakeAllThreads (Deoptimize) done
Event: 15.818 Executing VM operation: HandshakeAllThreads (Deoptimize)
Event: 15.818 Executing VM operation: HandshakeAllThreads (Deoptimize) done
Event: 15.852 Executing VM operation: HandshakeAllThreads (Deoptimize)
Event: 15.852 Executing VM operation: HandshakeAllThreads (Deoptimize) done
Event: 16.855 Executing VM operation: Cleanup

Events (20 events):
Event: 14.689 Thread 0x0000026b6480bdb0 flushing nmethod 0x0000026b4f948490
Event: 14.689 Thread 0x0000026b6480bdb0 flushing nmethod 0x0000026b4f9add10
Event: 14.689 Thread 0x0000026b6480bdb0 flushing nmethod 0x0000026b4f9b3c10
Event: 14.689 Thread 0x0000026b6480bdb0 flushing nmethod 0x0000026b4fb41890
Event: 14.689 Thread 0x0000026b6480bdb0 flushing nmethod 0x0000026b4fc98590
Event: 14.689 Thread 0x0000026b6480bdb0 flushing nmethod 0x0000026b4fcff310
Event: 14.689 Thread 0x0000026b6480bdb0 flushing nmethod 0x0000026b4fcffc90
Event: 14.689 Thread 0x0000026b6480bdb0 flushing nmethod 0x0000026b4fd00a90
Event: 14.689 Thread 0x0000026b6480bdb0 flushing nmethod 0x0000026b4fd3a690
Event: 14.689 Thread 0x0000026b6480bdb0 flushing nmethod 0x0000026b4fd65a90
Event: 14.689 Thread 0x0000026b6480bdb0 flushing nmethod 0x0000026b4fd6c290
Event: 14.689 Thread 0x0000026b6480bdb0 flushing nmethod 0x0000026b4fd6c990
Event: 14.689 Thread 0x0000026b6480bdb0 flushing nmethod 0x0000026b4feb4890
Event: 14.689 Thread 0x0000026b6480bdb0 flushing nmethod 0x0000026b4ff30090
Event: 14.689 Thread 0x0000026b6480bdb0 flushing nmethod 0x0000026b4ff31b10
Event: 14.689 Thread 0x0000026b6480bdb0 flushing nmethod 0x0000026b4ff39e10
Event: 14.689 Thread 0x0000026b6480bdb0 flushing nmethod 0x0000026b501f7810
Event: 14.689 Thread 0x0000026b6480bdb0 flushing nmethod 0x0000026b501fb490
Event: 14.689 Thread 0x0000026b6480bdb0 flushing nmethod 0x0000026b50200010
Event: 15.364 Thread 0x0000026b6d25f270 Thread added: 0x0000026b6d25f270


Dynamic libraries:
0x00007ff613940000 - 0x00007ff613950000 	C:\Program Files\Java\jdk-21\bin\java.exe
0x00007ffdae3c0000 - 0x00007ffdae627000 	C:\WINDOWS\SYSTEM32\ntdll.dll
0x00007ffdacb50000 - 0x00007ffdacc19000 	C:\WINDOWS\System32\KERNEL32.DLL
0x00007ffdaba30000 - 0x00007ffdabe24000 	C:\WINDOWS\System32\KERNELBASE.dll
0x00007ffdab6e0000 - 0x00007ffdab82b000 	C:\WINDOWS\System32\ucrtbase.dll
0x00007ffd870c0000 - 0x00007ffd870d9000 	C:\Program Files\Java\jdk-21\bin\jli.dll
0x00007ffd87d40000 - 0x00007ffd87d5b000 	C:\Program Files\Java\jdk-21\bin\VCRUNTIME140.dll
0x00007ffdad0e0000 - 0x00007ffdad196000 	C:\WINDOWS\System32\ADVAPI32.dll
0x00007ffdad370000 - 0x00007ffdad419000 	C:\WINDOWS\System32\msvcrt.dll
0x00007ffdae020000 - 0x00007ffdae0c7000 	C:\WINDOWS\System32\sechost.dll
0x00007ffdac490000 - 0x00007ffdac5a8000 	C:\WINDOWS\System32\RPCRT4.dll
0x00007ffdad1a0000 - 0x00007ffdad365000 	C:\WINDOWS\System32\USER32.dll
0x00007ffd8de80000 - 0x00007ffd8e113000 	C:\WINDOWS\WinSxS\amd64_microsoft.windows.common-controls_6595b64144ccf1df_6.0.26100.8115_none_3e075c82e3354f9c\COMCTL32.dll
0x00007ffdac120000 - 0x00007ffdac147000 	C:\WINDOWS\System32\win32u.dll
0x00007ffdae2e0000 - 0x00007ffdae30b000 	C:\WINDOWS\System32\GDI32.dll
0x00007ffdab5b0000 - 0x00007ffdab6db000 	C:\WINDOWS\System32\gdi32full.dll
0x00007ffdab980000 - 0x00007ffdaba23000 	C:\WINDOWS\System32\msvcp_win.dll
0x00007ffda1b20000 - 0x00007ffda1b2b000 	C:\WINDOWS\SYSTEM32\VERSION.dll
0x00007ffdacfb0000 - 0x00007ffdacfe2000 	C:\WINDOWS\System32\IMM32.DLL
0x00007ffd80040000 - 0x00007ffd8004c000 	C:\Program Files\Java\jdk-21\bin\vcruntime140_1.dll
0x00007ffcfa230000 - 0x00007ffcfa2be000 	C:\Program Files\Java\jdk-21\bin\msvcp140.dll
0x00007ffcdac90000 - 0x00007ffcdb9aa000 	C:\Program Files\Java\jdk-21\bin\server\jvm.dll
0x00007ffdaca40000 - 0x00007ffdacac0000 	C:\WINDOWS\System32\WS2_32.dll
0x00007ffdaaaf0000 - 0x00007ffdaab4e000 	C:\WINDOWS\SYSTEM32\POWRPROF.dll
0x00007ffd96c30000 - 0x00007ffd96c66000 	C:\WINDOWS\SYSTEM32\WINMM.dll
0x00007ffdaaad0000 - 0x00007ffdaaae4000 	C:\WINDOWS\SYSTEM32\UMPDC.dll
0x00007ffda9a20000 - 0x00007ffda9a3b000 	C:\WINDOWS\SYSTEM32\kernel.appcore.dll
0x00007ffd7ffd0000 - 0x00007ffd7ffda000 	C:\Program Files\Java\jdk-21\bin\jimage.dll
0x00007ffda0ce0000 - 0x00007ffda0f22000 	C:\WINDOWS\SYSTEM32\DBGHELP.DLL
0x00007ffdacc20000 - 0x00007ffdacfa2000 	C:\WINDOWS\System32\combase.dll
0x00007ffdad000000 - 0x00007ffdad0d8000 	C:\WINDOWS\System32\OLEAUT32.dll
0x00007ffd7d4e0000 - 0x00007ffd7d51b000 	C:\WINDOWS\SYSTEM32\dbgcore.DLL
0x00007ffdaac90000 - 0x00007ffdaad35000 	C:\WINDOWS\System32\bcryptPrimitives.dll
0x00007ffd7ba50000 - 0x00007ffd7ba5f000 	C:\Program Files\Java\jdk-21\bin\instrument.dll
0x00007ffd75f70000 - 0x00007ffd75f8f000 	C:\Program Files\Java\jdk-21\bin\java.dll
0x00007ffdad8b0000 - 0x00007ffdae017000 	C:\WINDOWS\System32\SHELL32.dll
0x00007ffdabfb0000 - 0x00007ffdac11a000 	C:\WINDOWS\System32\wintypes.dll
0x00007ffdaad40000 - 0x00007ffdab5a8000 	C:\WINDOWS\System32\windows.storage.dll
0x00007ffdac2b0000 - 0x00007ffdac3a8000 	C:\WINDOWS\System32\SHCORE.dll
0x00007ffdae310000 - 0x00007ffdae376000 	C:\WINDOWS\System32\shlwapi.dll
0x00007ffdaabb0000 - 0x00007ffdaabd9000 	C:\WINDOWS\SYSTEM32\profapi.dll
0x00007ffcfa150000 - 0x00007ffcfa227000 	C:\Program Files\Java\jdk-21\bin\jsvml.dll
0x00007ffd75c20000 - 0x00007ffd75c38000 	C:\Program Files\Java\jdk-21\bin\zip.dll
0x00007ffd7fad0000 - 0x00007ffd7fae0000 	C:\Program Files\Java\jdk-21\bin\net.dll
0x00007ffda3eb0000 - 0x00007ffda3fdd000 	C:\WINDOWS\SYSTEM32\WINHTTP.dll
0x00007ffda9f90000 - 0x00007ffda9ffc000 	C:\WINDOWS\system32\mswsock.dll
0x00007ffd75c40000 - 0x00007ffd75c56000 	C:\Program Files\Java\jdk-21\bin\nio.dll
0x00007ffd7f970000 - 0x00007ffd7f980000 	C:\Program Files\Java\jdk-21\bin\verify.dll
0x00007ffd42c80000 - 0x00007ffd42ca7000 	C:\Users\Juan\.gradle\native\1def1411415f61bf3af743bc5b6707747c0891f09f0c88961ee8f79bc544acac\windows-amd64\native-platform.dll
0x00007ffcfa0d0000 - 0x00007ffcfa148000 	C:\Users\Juan\.gradle\native\0.2.7\x86_64-windows-gnu\gradle-fileevents.dll
0x00007ffd7f070000 - 0x00007ffd7f07a000 	C:\Program Files\Java\jdk-21\bin\management.dll
0x00007ffd7eea0000 - 0x00007ffd7eeab000 	C:\Program Files\Java\jdk-21\bin\management_ext.dll
0x00007ffdac7e0000 - 0x00007ffdac7e8000 	C:\WINDOWS\System32\PSAPI.DLL
0x00007ffda94b0000 - 0x00007ffda94e2000 	C:\WINDOWS\SYSTEM32\IPHLPAPI.DLL
0x00007ffdacff0000 - 0x00007ffdacffa000 	C:\WINDOWS\System32\NSI.dll
0x00007ffd7bab0000 - 0x00007ffd7bab9000 	C:\Program Files\Java\jdk-21\bin\extnet.dll
0x00007ffdaa280000 - 0x00007ffdaa29b000 	C:\WINDOWS\SYSTEM32\CRYPTSP.dll
0x00007ffda9980000 - 0x00007ffda99b9000 	C:\WINDOWS\system32\rsaenh.dll
0x00007ffdaa040000 - 0x00007ffdaa073000 	C:\WINDOWS\SYSTEM32\USERENV.dll
0x00007ffdaab80000 - 0x00007ffdaabaa000 	C:\WINDOWS\SYSTEM32\bcrypt.dll
0x00007ffdaa270000 - 0x00007ffdaa27c000 	C:\WINDOWS\SYSTEM32\CRYPTBASE.dll
0x00007ffd7b7b0000 - 0x00007ffd7b7be000 	C:\Program Files\Java\jdk-21\bin\sunmscapi.dll
0x00007ffdabe30000 - 0x00007ffdabfa7000 	C:\WINDOWS\System32\CRYPT32.dll
0x00007ffdaa490000 - 0x00007ffdaa4c0000 	C:\WINDOWS\SYSTEM32\ncrypt.dll
0x00007ffdaa440000 - 0x00007ffdaa47f000 	C:\WINDOWS\SYSTEM32\NTASN1.dll
0x00007ffd7c620000 - 0x00007ffd7c628000 	C:\WINDOWS\system32\wshunix.dll

dbghelp: loaded successfully - version: 4.0.5 - missing functions: none
symbol engine: initialized successfully - sym options: 0x614 - pdb path: .;C:\Program Files\Java\jdk-21\bin;C:\WINDOWS\SYSTEM32;C:\WINDOWS\WinSxS\amd64_microsoft.windows.common-controls_6595b64144ccf1df_6.0.26100.8115_none_3e075c82e3354f9c;C:\Program Files\Java\jdk-21\bin\server;C:\Users\Juan\.gradle\native\1def1411415f61bf3af743bc5b6707747c0891f09f0c88961ee8f79bc544acac\windows-amd64;C:\Users\Juan\.gradle\native\0.2.7\x86_64-windows-gnu

VM Arguments:
jvm_args: --add-opens=java.base/java.lang=ALL-UNNAMED --add-opens=java.base/java.lang.invoke=ALL-UNNAMED --add-opens=java.base/java.util=ALL-UNNAMED --add-opens=java.prefs/java.util.prefs=ALL-UNNAMED --add-exports=jdk.compiler/com.sun.tools.javac.api=ALL-UNNAMED --add-exports=jdk.compiler/com.sun.tools.javac.util=ALL-UNNAMED --add-opens=java.base/java.util=ALL-UNNAMED --add-opens=java.prefs/java.util.prefs=ALL-UNNAMED --add-opens=java.base/java.nio.charset=ALL-UNNAMED --add-opens=java.base/java.net=ALL-UNNAMED --add-opens=java.base/java.util.concurrent.atomic=ALL-UNNAMED --add-opens=java.xml/javax.xml.namespace=ALL-UNNAMED -Xmx2048m -Dfile.encoding=UTF-8 -Duser.country=MX -Duser.language=es -Duser.variant -javaagent:C:\Users\Juan\.gradle\wrapper\dists\gradle-8.13-bin\5xuhj0ry160q40clulazy9h7d\gradle-8.13\lib\agents\gradle-instrumentation-agent-8.13.jar 
java_command: org.gradle.launcher.daemon.bootstrap.GradleDaemon 8.13
java_class_path (initial): C:\Users\Juan\.gradle\wrapper\dists\gradle-8.13-bin\5xuhj0ry160q40clulazy9h7d\gradle-8.13\lib\gradle-daemon-main-8.13.jar
Launcher Type: SUN_STANDARD

[Global flags]
     intx CICompilerCount                          = 4                                         {product} {ergonomic}
     uint ConcGCThreads                            = 3                                         {product} {ergonomic}
     uint G1ConcRefinementThreads                  = 10                                        {product} {ergonomic}
   size_t G1HeapRegionSize                         = 1048576                                   {product} {ergonomic}
    uintx GCDrainStackTargetSize                   = 64                                        {product} {ergonomic}
   size_t InitialHeapSize                          = 123731968                                 {product} {ergonomic}
   size_t MarkStackSize                            = 4194304                                   {product} {ergonomic}
   size_t MaxHeapSize                              = 2147483648                                {product} {command line}
   size_t MaxNewSize                               = 1287651328                                {product} {ergonomic}
   size_t MinHeapDeltaBytes                        = 1048576                                   {product} {ergonomic}
   size_t MinHeapSize                              = 8388608                                   {product} {ergonomic}
    uintx NonNMethodCodeHeapSize                   = 5839372                                {pd product} {ergonomic}
    uintx NonProfiledCodeHeapSize                  = 122909434                              {pd product} {ergonomic}
    uintx ProfiledCodeHeapSize                     = 122909434                              {pd product} {ergonomic}
    uintx ReservedCodeCacheSize                    = 251658240                              {pd product} {ergonomic}
     bool SegmentedCodeCache                       = true                                      {product} {ergonomic}
   size_t SoftMaxHeapSize                          = 2147483648                             {manageable} {ergonomic}
     bool UseCompressedOops                        = true                           {product lp64_product} {ergonomic}
     bool UseG1GC                                  = true                                      {product} {ergonomic}
     bool UseLargePagesIndividualAllocation        = false                                  {pd product} {ergonomic}

Logging:
Log output configuration:
 #0: stdout all=warning uptime,level,tags foldmultilines=false
 #1: stderr all=off uptime,level,tags foldmultilines=false

Environment Variables:
PATH=C:\Python314\Scripts\;C:\Python314\;C:\Program Files\Common Files\Oracle\Java\javapath;C:\Program Files (x86)\Common Files\Oracle\Java\java8path;C:\Program Files (x86)\Common Files\Oracle\Java\javapath;C:\windows\system32;C:\windows;C:\windows\System32\Wbem;C:\windows\System32\WindowsPowerShell\v1.0\;C:\windows\System32\OpenSSH\;C:\Program Files (x86)\NVIDIA Corporation\PhysX\Common;C:\Program Files\NVIDIA Corporation\NVIDIA NvDLISR;C:\Users\Administrator\AppData\Local\Microsoft\WindowsApps;C:\Program Files\HP\OMEN-Broadcast\Common;C:\WINDOWS\system32;C:\WINDOWS;C:\WINDOWS\System32\Wbem;C:\WINDOWS\System32\WindowsPowerShell\v1.0\;C:\WINDOWS\System32\OpenSSH\;C:\Program Files (x86)\Java\jre1.8.0_441\legal\jdk;C:\ProgramData\chocolatey\bin;C:\Program Files\nodejs\;C:\Program Files\MySQL\MySQL Shell 8.0\bin\;C:\Users\Juan\AppData\Local\Programs\Python\Python313\Scripts\;C:\Users\Juan\AppData\Local\Programs\Python\Python313\;C:\Users\Juan\AppData\Local\Programs\Python\Launcher\;C:\Users\Juan\AppData\Local\Microsoft\WindowsApps;C:\Users\Juan\AppData\Local\Programs\Microsoft VS Code\bin;C:\flutter\bin;C:\Users\Juan\AppData\Roaming\npm
USERNAME=Juan
OS=Windows_NT
PROCESSOR_IDENTIFIER=AMD64 Family 25 Model 117 Stepping 2, AuthenticAMD
TMP=C:\Users\Juan\AppData\Local\Temp
TEMP=C:\Users\Juan\AppData\Local\Temp




Periodic native trim disabled

---------------  S Y S T E M  ---------------

OS:
 Windows 11 , 64 bit Build 26100 (10.0.26100.8246)
OS uptime: 0 days 17:23 hours
Hyper-V role detected

CPU: total 12 (initial active 12) (12 cores per cpu, 2 threads per core) family 25 model 117 stepping 2 microcode 0xa70520a, cx8, cmov, fxsr, ht, mmx, 3dnowpref, sse, sse2, sse3, ssse3, sse4a, sse4.1, sse4.2, popcnt, lzcnt, tsc, tscinvbit, avx, avx2, aes, erms, clmul, bmi1, bmi2, adx, avx512f, avx512dq, avx512cd, avx512bw, avx512vl, sha, fma, vzeroupper, avx512_vpopcntdq, avx512_vpclmulqdq, avx512_vaes, avx512_vnni, clflush, clflushopt, avx512_vbmi2, avx512_vbmi, hv, rdtscp, rdpid, fsrm, gfni, avx512_bitalg, f16c, cet_ss, avx512_ifma
Processor Information for processor 0
  Max Mhz: 4301, Current Mhz: 3993, Mhz Limit: 4301
Processor Information for processor 1
  Max Mhz: 4301, Current Mhz: 3993, Mhz Limit: 4301
Processor Information for processor 2
  Max Mhz: 4301, Current Mhz: 3993, Mhz Limit: 4301
Processor Information for processor 3
  Max Mhz: 4301, Current Mhz: 2483, Mhz Limit: 4301
Processor Information for processor 4
  Max Mhz: 4301, Current Mhz: 3993, Mhz Limit: 4301
Processor Information for processor 5
  Max Mhz: 4301, Current Mhz: 2483, Mhz Limit: 4301
Processor Information for processor 6
  Max Mhz: 4301, Current Mhz: 2483, Mhz Limit: 4301
Processor Information for processor 7
  Max Mhz: 4301, Current Mhz: 2483, Mhz Limit: 4301
Processor Information for processor 8
  Max Mhz: 4301, Current Mhz: 3993, Mhz Limit: 4301
Processor Information for processor 9
  Max Mhz: 4301, Current Mhz: 3993, Mhz Limit: 4301
Processor Information for processor 10
  Max Mhz: 4301, Current Mhz: 2483, Mhz Limit: 4301
Processor Information for processor 11
  Max Mhz: 4301, Current Mhz: 3993, Mhz Limit: 4301

Memory: 4k page, system-wide physical 7439M (343M free)
TotalPageFile size 29967M (AvailPageFile size 5M)
current process WorkingSet (physical memory assigned to process): 453M, peak: 463M
current process commit charge ("private bytes"): 524M, peak: 524M

vm_info: Java HotSpot(TM) 64-Bit Server VM (21.0.6+8-LTS-188) for windows-amd64 JRE (21.0.6+8-LTS-188), built on 2024-12-03T10:50:54Z by "mach5one" with MS VC++ 17.6 (VS2022)

END.
